Component: ARM Compiler 5.06 update 7 (build 960) Tool: armlink [4d3601]

==============================================================================

Section Cross References

    startup_stm32f103xb.o(STACK) refers (Special) to heapauxi.o(.text) for __use_two_region_memory
    startup_stm32f103xb.o(HEAP) refers (Special) to heapauxi.o(.text) for __use_two_region_memory
    startup_stm32f103xb.o(RESET) refers (Special) to heapauxi.o(.text) for __use_two_region_memory
    startup_stm32f103xb.o(RESET) refers to startup_stm32f103xb.o(STACK) for __initial_sp
    startup_stm32f103xb.o(RESET) refers to startup_stm32f103xb.o(.text) for Reset_Handler
    startup_stm32f103xb.o(RESET) refers to stm32f1xx_it.o(i.NMI_Handler) for NMI_Handler
    startup_stm32f103xb.o(RESET) refers to stm32f1xx_it.o(i.HardFault_Handler) for HardFault_Handler
    startup_stm32f103xb.o(RESET) refers to stm32f1xx_it.o(i.MemManage_Handler) for MemManage_Handler
    startup_stm32f103xb.o(RESET) refers to stm32f1xx_it.o(i.BusFault_Handler) for BusFault_Handler
    startup_stm32f103xb.o(RESET) refers to stm32f1xx_it.o(i.UsageFault_Handler) for UsageFault_Handler
    startup_stm32f103xb.o(RESET) refers to stm32f1xx_it.o(i.SVC_Handler) for SVC_Handler
    startup_stm32f103xb.o(RESET) refers to stm32f1xx_it.o(i.DebugMon_Handler) for DebugMon_Handler
    startup_stm32f103xb.o(RESET) refers to stm32f1xx_it.o(i.PendSV_Handler) for PendSV_Handler
    startup_stm32f103xb.o(RESET) refers to stm32f1xx_it.o(i.SysTick_Handler) for SysTick_Handler
    startup_stm32f103xb.o(RESET) refers to ws2812_bsr_dma.o(i.DMA1_Channel4_IRQHandler) for DMA1_Channel4_IRQHandler
    startup_stm32f103xb.o(RESET) refers to stm32f1xx_it.o(i.USB_LP_CAN1_RX0_IRQHandler) for USB_LP_CAN1_RX0_IRQHandler
    startup_stm32f103xb.o(.text) refers (Special) to heapauxi.o(.text) for __use_two_region_memory
    startup_stm32f103xb.o(.text) refers to system_stm32f1xx.o(i.SystemInit) for SystemInit
    startup_stm32f103xb.o(.text) refers to __main.o(!!!main) for __main
    startup_stm32f103xb.o(.text) refers to startup_stm32f103xb.o(HEAP) for Heap_Mem
    startup_stm32f103xb.o(.text) refers to startup_stm32f103xb.o(STACK) for Stack_Mem
    ws2812_bsr_dma.o(i.DMA1_Channel4_IRQHandler) refers to stm32f1xx_hal_dma.o(i.HAL_DMA_IRQHandler) for HAL_DMA_IRQHandler
    ws2812_bsr_dma.o(i.DMA1_Channel4_IRQHandler) refers to ws2812_bsr_dma.o(.bss) for .bss
    ws2812_bsr_dma.o(i.WS2812_BSR_AbortDma) refers to ws2812_bsr_dma.o(i.WS2812_BSR_StopTimerDma) for WS2812_BSR_StopTimerDma
    ws2812_bsr_dma.o(i.WS2812_BSR_AbortDma) refers to ws2812_bsr_dma.o(i.WS2812_BSR_ReleaseDmaHandle) for WS2812_BSR_ReleaseDmaHandle
    ws2812_bsr_dma.o(i.WS2812_BSR_AbortDma) refers to ws2812_bsr_dma.o(.bss) for .bss
    ws2812_bsr_dma.o(i.WS2812_BSR_ApplyTiming) refers to tim.o(.bss) for htim4
    ws2812_bsr_dma.o(i.WS2812_BSR_CleanupCompletedDma) refers to ws2812_bsr_dma.o(i.WS2812_BSR_StopTimerDma) for WS2812_BSR_StopTimerDma
    ws2812_bsr_dma.o(i.WS2812_BSR_CleanupCompletedDma) refers to ws2812_bsr_dma.o(i.WS2812_BSR_ReleaseDmaHandle) for WS2812_BSR_ReleaseDmaHandle
    ws2812_bsr_dma.o(i.WS2812_BSR_CleanupCompletedDma) refers to ws2812_bsr_dma.o(.bss) for .bss
    ws2812_bsr_dma.o(i.WS2812_BSR_Clear) refers to ws2812_bsr_dma.o(i.WS2812_BSR_FillAll) for WS2812_BSR_FillAll
    ws2812_bsr_dma.o(i.WS2812_BSR_DmaCompleteCallback) refers to ws2812_bsr_dma.o(i.WS2812_BSR_CleanupCompletedDma) for WS2812_BSR_CleanupCompletedDma
    ws2812_bsr_dma.o(i.WS2812_BSR_DmaCompleteCallback) refers to ws2812_bsr_dma.o(i.WS2812_BSR_MarkDmaDone) for WS2812_BSR_MarkDmaDone
    ws2812_bsr_dma.o(i.WS2812_BSR_DmaCompleteCallback) refers to ws2812_bsr_dma.o(.bss) for .bss
    ws2812_bsr_dma.o(i.WS2812_BSR_DmaCompleteCallback) refers to ws2812_bsr_dma.o(.data) for .data
    ws2812_bsr_dma.o(i.WS2812_BSR_DmaErrorCallback) refers to ws2812_bsr_dma.o(i.WS2812_BSR_AbortDma) for WS2812_BSR_AbortDma
    ws2812_bsr_dma.o(i.WS2812_BSR_DmaErrorCallback) refers to ws2812_bsr_dma.o(i.WS2812_BSR_MarkDmaDone) for WS2812_BSR_MarkDmaDone
    ws2812_bsr_dma.o(i.WS2812_BSR_DmaErrorCallback) refers to ws2812_bsr_dma.o(.data) for .data
    ws2812_bsr_dma.o(i.WS2812_BSR_EncodeByte) refers to ws2812_bsr_dma.o(.constdata) for .constdata
    ws2812_bsr_dma.o(i.WS2812_BSR_EncodeFrame) refers to ws2812_bsr_dma.o(i.WS2812_BSR_EncodeByte) for WS2812_BSR_EncodeByte
    ws2812_bsr_dma.o(i.WS2812_BSR_EncodeFrame) refers to ws2812_bsr_dma.o(.bss) for .bss
    ws2812_bsr_dma.o(i.WS2812_BSR_FillAll) refers to ws2812_bsr_dma.o(i.WS2812_BSR_FillLane) for WS2812_BSR_FillLane
    ws2812_bsr_dma.o(i.WS2812_BSR_FillLane) refers to ws2812_bsr_dma.o(.bss) for .bss
    ws2812_bsr_dma.o(i.WS2812_BSR_Init) refers to stm32f1xx_hal_gpio.o(i.HAL_GPIO_Init) for HAL_GPIO_Init
    ws2812_bsr_dma.o(i.WS2812_BSR_Init) refers to ws2812_bsr_dma.o(i.WS2812_BSR_Clear) for WS2812_BSR_Clear
[...]
    WS2812_BSR_DmaErrorCallback              0x080048e9   Thumb Code    22  ws2812_bsr_dma.o(i.WS2812_BSR_DmaErrorCallback)
    i.WS2812_BSR_DmaTransferError            0x08004904   Section        0  ws2812_bsr_dma.o(i.WS2812_BSR_DmaTransferError)
    WS2812_BSR_DmaTransferError              0x08004905   Thumb Code   100  ws2812_bsr_dma.o(i.WS2812_BSR_DmaTransferError)
    i.WS2812_BSR_EncodeByte                  0x0800496c   Section        0  ws2812_bsr_dma.o(i.WS2812_BSR_EncodeByte)
    WS2812_BSR_EncodeByte                    0x0800496d   Thumb Code    64  ws2812_bsr_dma.o(i.WS2812_BSR_EncodeByte)
    i.WS2812_BSR_EncodeFrame                 0x080049b0   Section        0  ws2812_bsr_dma.o(i.WS2812_BSR_EncodeFrame)
    WS2812_BSR_EncodeFrame                   0x080049b1   Thumb Code   102  ws2812_bsr_dma.o(i.WS2812_BSR_EncodeFrame)
    i.WS2812_BSR_FillAll                     0x08004a1c   Section        0  ws2812_bsr_dma.o(i.WS2812_BSR_FillAll)
    i.WS2812_BSR_FillLane                    0x08004a3c   Section        0  ws2812_bsr_dma.o(i.WS2812_BSR_FillLane)
    i.WS2812_BSR_Init                        0x08004a68   Section        0  ws2812_bsr_dma.o(i.WS2812_BSR_Init)
    i.WS2812_BSR_InitDmaHandle               0x08004b44   Section        0  ws2812_bsr_dma.o(i.WS2812_BSR_InitDmaHandle)
    WS2812_BSR_InitDmaHandle                 0x08004b45   Thumb Code    42  ws2812_bsr_dma.o(i.WS2812_BSR_InitDmaHandle)
    i.WS2812_BSR_IsBusy                      0x08004b70   Section        0  ws2812_bsr_dma.o(i.WS2812_BSR_IsBusy)
    i.WS2812_BSR_MarkDmaDone                 0x08004b80   Section        0  ws2812_bsr_dma.o(i.WS2812_BSR_MarkDmaDone)
    WS2812_BSR_MarkDmaDone                   0x08004b81   Thumb Code    24  ws2812_bsr_dma.o(i.WS2812_BSR_MarkDmaDone)
    i.WS2812_BSR_Poll                        0x08004ba0   Section        0  ws2812_bsr_dma.o(i.WS2812_BSR_Poll)
    i.WS2812_BSR_ReleaseDmaHandle            0x08004c80   Section        0  ws2812_bsr_dma.o(i.WS2812_BSR_ReleaseDmaHandle)
    WS2812_BSR_ReleaseDmaHandle              0x08004c81   Thumb Code   122  ws2812_bsr_dma.o(i.WS2812_BSR_ReleaseDmaHandle)
    i.WS2812_BSR_SetPixel                    0x08004d00   Section        0  ws2812_bsr_dma.o(i.WS2812_BSR_SetPixel)
    i.WS2812_BSR_Show                        0x08004d28   Section        0  ws2812_bsr_dma.o(i.WS2812_BSR_Show)
    i.WS2812_BSR_StopTimerDma                0x08004de8   Section        0  ws2812_bsr_dma.o(i.WS2812_BSR_StopTimerDma)
    WS2812_BSR_StopTimerDma                  0x08004de9   Thumb Code    50  ws2812_bsr_dma.o(i.WS2812_BSR_StopTimerDma)
    i.WS2812_BSR_TestPatternStep             0x08004e20   Section        0  ws2812_bsr_dma.o(i.WS2812_BSR_TestPatternStep)
    i.WhitePwm_ApplyChannel                  0x08004ed0   Section        0  white_pwm.o(i.WhitePwm_ApplyChannel)
    WhitePwm_ApplyChannel                    0x08004ed1   Thumb Code    58  white_pwm.o(i.WhitePwm_ApplyChannel)
    i.WhitePwm_Approach                      0x08004f10   Section        0  white_pwm.o(i.WhitePwm_Approach)
    WhitePwm_Approach                        0x08004f11   Thumb Code    46  white_pwm.o(i.WhitePwm_Approach)
    i.WhitePwm_Init                          0x08004f40   Section        0  white_pwm.o(i.WhitePwm_Init)
    i.WhitePwm_Poll                          0x08004f80   Section        0  white_pwm.o(i.WhitePwm_Poll)
    i.WhitePwm_UpdateWatch                   0x08004fc8   Section        0  white_pwm.o(i.WhitePwm_UpdateWatch)
    WhitePwm_UpdateWatch                     0x08004fc9   Thumb Code    20  white_pwm.o(i.WhitePwm_UpdateWatch)
    i.__NVIC_SetPriority                     0x08004fe0   Section        0  stm32f1xx_hal_cortex.o(i.__NVIC_SetPriority)
    __NVIC_SetPriority                       0x08004fe1   Thumb Code    32  stm32f1xx_hal_cortex.o(i.__NVIC_SetPriority)
    i.main                                   0x08005000   Section        0  main.o(i.main)
    .constdata                               0x08005054   Section       16  ws2812_bsr_dma.o(.constdata)
    ws2812_lane_pin_mask                     0x08005054   Data          16  ws2812_bsr_dma.o(.constdata)
    .constdata                               0x08005064   Section       32  remote_input.o(.constdata)
    remote_input_pin_map                     0x08005064   Data          32  remote_input.o(.constdata)
    .constdata                               0x08005084   Section       18  stm32f1xx_hal_rcc.o(.constdata)
    aPredivFactorTable                       0x08005084   Data           2  stm32f1xx_hal_rcc.o(.constdata)
    aPLLMULFactorTable                       0x08005086   Data          16  stm32f1xx_hal_rcc.o(.constdata)
    .constdata                               0x08005096   Section       16  system_stm32f1xx.o(.constdata)
    .constdata                               0x080050a6   Section        8  system_stm32f1xx.o(.constdata)
    .data                                    0x20000000   Section       60  ws2812_bsr_dma.o(.data)
    ws2812_test_breath_up                    0x20000000   Data           1  ws2812_bsr_dma.o(.data)
    ws2812_initialized                       0x20000001   Data           1  ws2812_bsr_dma.o(.data)
    ws2812_busy                              0x20000002   Data           1  ws2812_bsr_dma.o(.data)
    ws2812_dma_done                          0x20000003   Data           1  ws2812_bsr_dma.o(.data)
    ws2812_test_base_hue                     0x20000004   Data           1  ws2812_bsr_dma.o(.data)
    ws2812_test_breath                       0x20000005   Data           1  ws2812_bsr_dma.o(.data)
    ws2812_set_all_word                      0x20000008   Data           4  ws2812_bsr_dma.o(.data)
    ws2812_reset_all_word                    0x2000000c   Data           4  ws2812_bsr_dma.o(.data)
    ws2812_latch_start_tick                  0x20000030   Data           4  ws2812_bsr_dma.o(.data)
    ws2812_show_start_tick                   0x20000034   Data           4  ws2812_bsr_dma.o(.data)
    ws2812_test_last_show_ms                 0x20000038   Data           4  ws2812_bsr_dma.o(.data)
    .data                                    0x2000003c   Section       12  remote_input.o(.data)
    remote_input_raw_bits                    0x2000003f   Data           1  remote_input.o(.data)
    remote_input_candidate_bits              0x20000040   Data           1  remote_input.o(.data)
    remote_input_stable_bits                 0x20000041   Data           1  remote_input.o(.data)
    remote_input_changed_bits                0x20000042   Data           1  remote_input.o(.data)
    remote_input_candidate_since_ms          0x20000044   Data           4  remote_input.o(.data)
    .data                                    0x20000048   Section       20  white_pwm.o(.data)
    white_pwm_ww_target                      0x20000050   Data           2  white_pwm.o(.data)
    white_pwm_cw_target                      0x20000052   Data           2  white_pwm.o(.data)
    white_pwm_ww_current                     0x20000054   Data           2  white_pwm.o(.data)
    white_pwm_cw_current                     0x20000056   Data           2  white_pwm.o(.data)
    white_pwm_last_step_ms                   0x20000058   Data           4  white_pwm.o(.data)
    .data                                    0x2000005c   Section       28  usbd_desc.o(.data)
    .data                                    0x20000078   Section       50  usbd_desc.o(.data)
    .data                                    0x200000ac   Section       16  usbd_cdc_if.o(.data)
    .data                                    0x200000bc   Section       12  stm32f1xx_hal.o(.data)
    .data                                    0x200000c8   Section        4  system_stm32f1xx.o(.data)
    .data                                    0x200000cc   Section        1  usbd_ctlreq.o(.data)
    cfgidx                                   0x200000cc   Data           1  usbd_ctlreq.o(.data)
    .data                                    0x200000d0   Section      215  usbd_cdc.o(.data)
    USBD_CDC_DeviceQualifierDesc             0x200000d0   Data          10  usbd_cdc.o(.data)
    .data                                    0x200001a8   Section       56  usbd_cdc.o(.data)
    .bss                                     0x200001e0   Section    11724  ws2812_bsr_dma.o(.bss)
    ws2812_frame                             0x200001e0   Data        2304  ws2812_bsr_dma.o(.bss)
    ws2812_zero_reset_buffer                 0x20000ae0   Data        9216  ws2812_bsr_dma.o(.bss)
    ws2812_hdma_tim4_up                      0x20002ee0   Data          68  ws2812_bsr_dma.o(.bss)
    ws2812_hdma_tim4_cc1                     0x20002f24   Data          68  ws2812_bsr_dma.o(.bss)
    ws2812_hdma_tim4_cc2                     0x20002f68   Data          68  ws2812_bsr_dma.o(.bss)
    .bss                                     0x20002fac   Section       32  remote_input.o(.bss)
    remote_input_edge_count                  0x20002fbc   Data          16  remote_input.o(.bss)
    .bss                                     0x20002fcc   Section       48  adc.o(.bss)
    .bss                                     0x20002ffc   Section       40  can.o(.bss)
    .bss                                     0x20003024   Section       88  spi.o(.bss)
    .bss                                     0x2000307c   Section      144  tim.o(.bss)
    .bss                                     0x2000310c   Section       72  usart.o(.bss)
    .bss                                     0x20003154   Section      708  usb_device.o(.bss)
    .bss                                     0x20003418   Section      512  usbd_desc.o(.bss)
    .bss                                     0x20003618   Section     2048  usbd_cdc_if.o(.bss)
    .bss                                     0x20003e18   Section     1272  usbd_conf.o(.bss)
    mem                                      0x20003e18   Data         544  usbd_conf.o(.bss)
    .bss                                     0x20004310   Section       96  libspace.o(.bss)
    HEAP                                     0x20004370   Section      512  startup_stm32f103xb.o(HEAP)
    Heap_Mem                                 0x20004370   Data         512  startup_stm32f103xb.o(HEAP)
    STACK                                    0x20004570   Section     1024  startup_stm32f103xb.o(STACK)
    Stack_Mem                                0x20004570   Data        1024  startup_stm32f103xb.o(STACK)
    __initial_sp                             0x20004970   Data           0  startup_stm32f103xb.o(STACK)

    Global Symbols

    Symbol Name                              Value     Ov Type        Size  Object(Section)

    BuildAttributes$$THM_ISAv4$P$D$K$B$S$PE$A:L22UL41UL21$X:L11$S22US41US21$IEEE1$IW$USESV6$~STKCKD$USESV7$~SHL$OSPACE$ROPI$EBA8$UX$STANDARDLIB$REQ8$PRES8$EABIv2 0x00000000   Number         0  anon$$obj.o ABSOLUTE
    __ARM_use_no_argv                        0x00000000   Number         0  main.o ABSOLUTE
    __ARM_exceptions_init                     - Undefined Weak Reference
    __alloca_initialize                       - Undefined Weak Reference
    __arm_fini_                               - Undefined Weak Reference
    __arm_preinit_                            - Undefined Weak Reference
    __cpp_initialize__aeabi_                  - Undefined Weak Reference
    __cxa_finalize                            - Undefined Weak Reference
    __rt_locale                               - Undefined Weak Reference
    __sigvec_lookup                           - Undefined Weak Reference
    _atexit_init                              - Undefined Weak Reference
    _call_atexit_fns                          - Undefined Weak Reference
    _clock_init                               - Undefined Weak Reference
    _fp_trap_init                             - Undefined Weak Reference
    _fp_trap_shutdown                         - Undefined Weak Reference
    _get_lc_collate                           - Undefined Weak Reference
    _get_lc_ctype                             - Undefined Weak Reference
    _get_lc_monetary                          - Undefined Weak Reference
    _get_lc_numeric                           - Undefined Weak Reference
    _get_lc_time                              - Undefined Weak Reference
    _getenv_init                              - Undefined Weak Reference
    _handle_redirection                       - Undefined Weak Reference
    _init_alloc                               - Undefined Weak Reference
    _init_user_alloc                          - Undefined Weak Reference
    _initio                                   - Undefined Weak Reference
    _rand_init                                - Undefined Weak Reference
    _signal_finish                            - Undefined Weak Reference
    _signal_init                              - Undefined Weak Reference
    _terminate_alloc                          - Undefined Weak Reference
    _terminate_user_alloc                     - Undefined Weak Reference
    _terminateio                              - Undefined Weak Reference
    __Vectors_Size                           0x000000ec   Number         0  startup_stm32f103xb.o ABSOLUTE
    __Vectors                                0x08000000   Data           4  startup_stm32f103xb.o(RESET)
    __Vectors_End                            0x080000ec   Data           0  startup_stm32f103xb.o(RESET)
    __main                                   0x080000ed   Thumb Code     8  __main.o(!!!main)
    __scatterload                            0x080000f5   Thumb Code     0  __scatter.o(!!!scatter)
    __scatterload_rt2                        0x080000f5   Thumb Code    44  __scatter.o(!!!scatter)
    __scatterload_rt2_thumb_only             0x080000f5   Thumb Code     0  __scatter.o(!!!scatter)
    __scatterload_null                       0x08000103   Thumb Code     0  __scatter.o(!!!scatter)
    __decompress                             0x08000129   Thumb Code    90  __dczerorl2.o(!!dczerorl2)
    __decompress1                            0x08000129   Thumb Code     0  __dczerorl2.o(!!dczerorl2)
    __scatterload_zeroinit                   0x08000185   Thumb Code    28  __scatter_zi.o(!!handler_zi)
    __rt_lib_init                            0x080001a1   Thumb Code     0  libinit.o(.ARM.Collect$$libinit$$00000000)
    __rt_lib_init_alloca_1                   0x080001a3   Thumb Code     0  libinit2.o(.ARM.Collect$$libinit$$0000002E)
    __rt_lib_init_argv_1                     0x080001a3   Thumb Code     0  libinit2.o(.ARM.Collect$$libinit$$0000002C)
    __rt_lib_init_atexit_1                   0x080001a3   Thumb Code     0  libinit2.o(.ARM.Collect$$libinit$$0000001B)
    __rt_lib_init_clock_1                    0x080001a3   Thumb Code     0  libinit2.o(.ARM.Collect$$libinit$$00000021)
    __rt_lib_init_cpp_1                      0x080001a3   Thumb Code     0  libinit2.o(.ARM.Collect$$libinit$$00000032)
    __rt_lib_init_exceptions_1               0x080001a3   Thumb Code     0  libinit2.o(.ARM.Collect$$libinit$$00000030)
    __rt_lib_init_fp_1                       0x080001a3   Thumb Code     0  libinit2.o(.ARM.Collect$$libinit$$00000002)
    __rt_lib_init_fp_trap_1                  0x080001a3   Thumb Code     0  libinit2.o(.ARM.Collect$$libinit$$0000001F)
    __rt_lib_init_getenv_1                   0x080001a3   Thumb Code     0  libinit2.o(.ARM.Collect$$libinit$$00000023)
    __rt_lib_init_heap_1                     0x080001a3   Thumb Code     0  libinit2.o(.ARM.Collect$$libinit$$0000000A)
    __rt_lib_init_lc_collate_1               0x080001a3   Thumb Code     0  libinit2.o(.ARM.Collect$$libinit$$00000011)
    __rt_lib_init_lc_ctype_1                 0x080001a3   Thumb Code     0  libinit2.o(.ARM.Collect$$libinit$$00000013)
    __rt_lib_init_lc_monetary_1              0x080001a3   Thumb Code     0  libinit2.o(.ARM.Collect$$libinit$$00000015)
    __rt_lib_init_lc_numeric_1               0x080001a3   Thumb Code     0  libinit2.o(.ARM.Collect$$libinit$$00000017)
    __rt_lib_init_lc_time_1                  0x080001a3   Thumb Code     0  libinit2.o(.ARM.Collect$$libinit$$00000019)
    __rt_lib_init_preinit_1                  0x080001a3   Thumb Code     0  libinit2.o(.ARM.Collect$$libinit$$00000004)
    __rt_lib_init_rand_1                     0x080001a3   Thumb Code     0  libinit2.o(.ARM.Collect$$libinit$$0000000E)
    __rt_lib_init_return                     0x080001a3   Thumb Code     0  libinit2.o(.ARM.Collect$$libinit$$00000033)
    __rt_lib_init_signal_1                   0x080001a3   Thumb Code     0  libinit2.o(.ARM.Collect$$libinit$$0000001D)
    __rt_lib_init_stdio_1                    0x080001a3   Thumb Code     0  libinit2.o(.ARM.Collect$$libinit$$00000025)
    __rt_lib_init_user_alloc_1               0x080001a3   Thumb Code     0  libinit2.o(.ARM.Collect$$libinit$$0000000C)
    __rt_lib_shutdown                        0x080001a5   Thumb Code     0  libshutdown.o(.ARM.Collect$$libshutdown$$00000000)
    __rt_lib_shutdown_cpp_1                  0x080001a7   Thumb Code     0  libshutdown2.o(.ARM.Collect$$libshutdown$$00000004)
    __rt_lib_shutdown_fini_1                 0x080001a7   Thumb Code     0  libshutdown2.o(.ARM.Collect$$libshutdown$$00000002)
    __rt_lib_shutdown_fp_trap_1              0x080001a7   Thumb Code     0  libshutdown2.o(.ARM.Collect$$libshutdown$$00000009)
    __rt_lib_shutdown_heap_1                 0x080001a7   Thumb Code     0  libshutdown2.o(.ARM.Collect$$libshutdown$$00000011)
    __rt_lib_shutdown_return                 0x080001a7   Thumb Code     0  libshutdown2.o(.ARM.Collect$$libshutdown$$00000012)
    __rt_lib_shutdown_signal_1               0x080001a7   Thumb Code     0  libshutdown2.o(.ARM.Collect$$libshutdown$$0000000C)
    __rt_lib_shutdown_stdio_1                0x080001a7   Thumb Code     0  libshutdown2.o(.ARM.Collect$$libshutdown$$00000006)
    __rt_lib_shutdown_user_alloc_1           0x080001a7   Thumb Code     0  libshutdown2.o(.ARM.Collect$$libshutdown$$0000000E)
    __rt_entry                               0x080001a9   Thumb Code     0  __rtentry.o(.ARM.Collect$$rtentry$$00000000)
    __rt_entry_presh_1                       0x080001a9   Thumb Code     0  __rtentry2.o(.ARM.Collect$$rtentry$$00000002)
    __rt_entry_sh                            0x080001a9   Thumb Code     0  __rtentry4.o(.ARM.Collect$$rtentry$$00000004)
    __rt_entry_li                            0x080001af   Thumb Code     0  __rtentry2.o(.ARM.Collect$$rtentry$$0000000A)
    __rt_entry_postsh_1                      0x080001af   Thumb Code     0  __rtentry2.o(.ARM.Collect$$rtentry$$00000009)
    __rt_entry_main                          0x080001b3   Thumb Code     0  __rtentry2.o(.ARM.Collect$$rtentry$$0000000D)
    __rt_entry_postli_1                      0x080001b3   Thumb Code     0  __rtentry2.o(.ARM.Collect$$rtentry$$0000000C)
    __rt_exit                                0x080001bb   Thumb Code     0  rtexit.o(.ARM.Collect$$rtexit$$00000000)
    __rt_exit_ls                             0x080001bd   Thumb Code     0  rtexit2.o(.ARM.Collect$$rtexit$$00000003)
    __rt_exit_prels_1                        0x080001bd   Thumb Code     0  rtexit2.o(.ARM.Collect$$rtexit$$00000002)
    __rt_exit_exit                           0x080001c1   Thumb Code     0  rtexit2.o(.ARM.Collect$$rtexit$$00000004)
    Reset_Handler                            0x080001c9   Thumb Code     8  startup_stm32f103xb.o(.text)
    ADC1_2_IRQHandler                        0x080001e3   Thumb Code     0  startup_stm32f103xb.o(.text)
    CAN1_RX1_IRQHandler                      0x080001e3   Thumb Code     0  startup_stm32f103xb.o(.text)
    CAN1_SCE_IRQHandler                      0x080001e3   Thumb Code     0  startup_stm32f103xb.o(.text)
    DMA1_Channel1_IRQHandler                 0x080001e3   Thumb Code     0  startup_stm32f103xb.o(.text)
    DMA1_Channel2_IRQHandler                 0x080001e3   Thumb Code     0  startup_stm32f103xb.o(.text)
    DMA1_Channel3_IRQHandler                 0x080001e3   Thumb Code     0  startup_stm32f103xb.o(.text)
    DMA1_Channel5_IRQHandler                 0x080001e3   Thumb Code     0  startup_stm32f103xb.o(.text)
    DMA1_Channel6_IRQHandler                 0x080001e3   Thumb Code     0  startup_stm32f103xb.o(.text)
    DMA1_Channel7_IRQHandler                 0x080001e3   Thumb Code     0  startup_stm32f103xb.o(.text)
    EXTI0_IRQHandler                         0x080001e3   Thumb Code     0  startup_stm32f103xb.o(.text)
    EXTI15_10_IRQHandler                     0x080001e3   Thumb Code     0  startup_stm32f103xb.o(.text)
    EXTI1_IRQHandler                         0x080001e3   Thumb Code     0  startup_stm32f103xb.o(.text)
    EXTI2_IRQHandler                         0x080001e3   Thumb Code     0  startup_stm32f103xb.o(.text)
    EXTI3_IRQHandler                         0x080001e3   Thumb Code     0  startup_stm32f103xb.o(.text)
    EXTI4_IRQHandler                         0x080001e3   Thumb Code     0  startup_stm32f103xb.o(.text)
    EXTI9_5_IRQHandler                       0x080001e3   Thumb Code     0  startup_stm32f103xb.o(.text)
    FLASH_IRQHandler                         0x080001e3   Thumb Code     0  startup_stm32f103xb.o(.text)
    I2C1_ER_IRQHandler                       0x080001e3   Thumb Code     0  startup_stm32f103xb.o(.text)
    I2C1_EV_IRQHandler                       0x080001e3   Thumb Code     0  startup_stm32f103xb.o(.text)
    I2C2_ER_IRQHandler                       0x080001e3   Thumb Code     0  startup_stm32f103xb.o(.text)
    I2C2_EV_IRQHandler                       0x080001e3   Thumb Code     0  startup_stm32f103xb.o(.text)
    PVD_IRQHandler                           0x080001e3   Thumb Code     0  startup_stm32f103xb.o(.text)
    RCC_IRQHandler                           0x080001e3   Thumb Code     0  startup_stm32f103xb.o(.text)
    RTC_Alarm_IRQHandler                     0x080001e3   Thumb Code     0  startup_stm32f103xb.o(.text)
    RTC_IRQHandler                           0x080001e3   Thumb Code     0  startup_stm32f103xb.o(.text)
    SPI1_IRQHandler                          0x080001e3   Thumb Code     0  startup_stm32f103xb.o(.text)
    SPI2_IRQHandler                          0x080001e3   Thumb Code     0  startup_stm32f103xb.o(.text)
    TAMPER_IRQHandler                        0x080001e3   Thumb Code     0  startup_stm32f103xb.o(.text)
    TIM1_BRK_IRQHandler                      0x080001e3   Thumb Code     0  startup_stm32f103xb.o(.text)
    TIM1_CC_IRQHandler                       0x080001e3   Thumb Code     0  startup_stm32f103xb.o(.text)
    TIM1_TRG_COM_IRQHandler                  0x080001e3   Thumb Code     0  startup_stm32f103xb.o(.text)
    TIM1_UP_IRQHandler                       0x080001e3   Thumb Code     0  startup_stm32f103xb.o(.text)
    TIM2_IRQHandler                          0x080001e3   Thumb Code     0  startup_stm32f103xb.o(.text)
    TIM3_IRQHandler                          0x080001e3   Thumb Code     0  startup_stm32f103xb.o(.text)
    TIM4_IRQHandler                          0x080001e3   Thumb Code     0  startup_stm32f103xb.o(.text)
    USART1_IRQHandler                        0x080001e3   Thumb Code     0  startup_stm32f103xb.o(.text)
    USART2_IRQHandler                        0x080001e3   Thumb Code     0  startup_stm32f103xb.o(.text)
    USART3_IRQHandler                        0x080001e3   Thumb Code     0  startup_stm32f103xb.o(.text)
    USBWakeUp_IRQHandler                     0x080001e3   Thumb Code     0  startup_stm32f103xb.o(.text)
    USB_HP_CAN1_TX_IRQHandler                0x080001e3   Thumb Code     0  startup_stm32f103xb.o(.text)
    WWDG_IRQHandler                          0x080001e3   Thumb Code     0  startup_stm32f103xb.o(.text)
    __user_initial_stackheap                 0x080001e5   Thumb Code     0  startup_stm32f103xb.o(.text)
    __aeabi_memclr4                          0x08000209   Thumb Code     0  rt_memclr_w.o(.text)
    __aeabi_memclr8                          0x08000209   Thumb Code     0  rt_memclr_w.o(.text)
    __rt_memclr_w                            0x08000209   Thumb Code    78  rt_memclr_w.o(.text)
    _memset_w                                0x0800020d   Thumb Code     0  rt_memclr_w.o(.text)
    __use_two_region_memory                  0x08000257   Thumb Code     2  heapauxi.o(.text)
    __rt_heap_escrow$2region                 0x08000259   Thumb Code     2  heapauxi.o(.text)
    __rt_heap_expand$2region                 0x0800025b   Thumb Code     2  heapauxi.o(.text)
    __user_setup_stackheap                   0x0800025d   Thumb Code    74  sys_stackheap_outer.o(.text)
    exit                                     0x080002a7   Thumb Code    18  exit.o(.text)
    __user_libspace                          0x080002b9   Thumb Code     8  libspace.o(.text)
    __user_perproc_libspace                  0x080002b9   Thumb Code     0  libspace.o(.text)
    __user_perthread_libspace                0x080002b9   Thumb Code     0  libspace.o(.text)
    _sys_exit                                0x080002c1   Thumb Code     8  sys_exit.o(.text)
    __I$use$semihosting                      0x080002cd   Thumb Code     0  use_no_semi.o(.text)
    __use_no_semihosting_swi                 0x080002cd   Thumb Code     2  use_no_semi.o(.text)
    __semihosting_library_function           0x080002cf   Thumb Code     0  indicate_semi.o(.text)
    ADC_ConversionStop_Disable               0x080002d1   Thumb Code    86  stm32f1xx_hal_adc.o(i.ADC_ConversionStop_Disable)
    BusFault_Handler                         0x08000327   Thumb Code     2  stm32f1xx_it.o(i.BusFault_Handler)
    DMA1_Channel4_IRQHandler                 0x0800036d   Thumb Code     6  ws2812_bsr_dma.o(i.DMA1_Channel4_IRQHandler)
    DebugMon_Handler                         0x080003a3   Thumb Code     2  stm32f1xx_it.o(i.DebugMon_Handler)
    Error_Handler                            0x080003a5   Thumb Code     4  main.o(i.Error_Handler)
    HAL_ADC_ConfigChannel                    0x080003a9   Thumb Code   240  stm32f1xx_hal_adc.o(i.HAL_ADC_ConfigChannel)
    HAL_ADC_Init                             0x080004a5   Thumb Code   272  stm32f1xx_hal_adc.o(i.HAL_ADC_Init)
    HAL_ADC_MspInit                          0x080005c1   Thumb Code    76  adc.o(i.HAL_ADC_MspInit)
    HAL_CAN_ErrorCallback                    0x08000619   Thumb Code     2  stm32f1xx_hal_can.o(i.HAL_CAN_ErrorCallback)
    HAL_CAN_IRQHandler                       0x0800061b   Thumb Code   508  stm32f1xx_hal_can.o(i.HAL_CAN_IRQHandler)
    HAL_CAN_Init                             0x08000817   Thumb Code   282  stm32f1xx_hal_can.o(i.HAL_CAN_Init)
    HAL_CAN_MspInit                          0x08000931   Thumb Code   130  can.o(i.HAL_CAN_MspInit)
    HAL_CAN_RxFifo0FullCallback              0x080009c5   Thumb Code     2  stm32f1xx_hal_can.o(i.HAL_CAN_RxFifo0FullCallback)
    HAL_CAN_RxFifo0MsgPendingCallback        0x080009c7   Thumb Code     2  stm32f1xx_hal_can.o(i.HAL_CAN_RxFifo0MsgPendingCallback)
    HAL_CAN_RxFifo1FullCallback              0x080009c9   Thumb Code     2  stm32f1xx_hal_can.o(i.HAL_CAN_RxFifo1FullCallback)
    HAL_CAN_RxFifo1MsgPendingCallback        0x080009cb   Thumb Code     2  stm32f1xx_hal_can.o(i.HAL_CAN_RxFifo1MsgPendingCallback)
    HAL_CAN_SleepCallback                    0x080009cd   Thumb Code     2  stm32f1xx_hal_can.o(i.HAL_CAN_SleepCallback)
    HAL_CAN_TxMailbox0AbortCallback          0x080009cf   Thumb Code     2  stm32f1xx_hal_can.o(i.HAL_CAN_TxMailbox0AbortCallback)
    HAL_CAN_TxMailbox0CompleteCallback       0x080009d1   Thumb Code     2  stm32f1xx_hal_can.o(i.HAL_CAN_TxMailbox0CompleteCallback)
    HAL_CAN_TxMailbox1AbortCallback          0x080009d3   Thumb Code     2  stm32f1xx_hal_can.o(i.HAL_CAN_TxMailbox1AbortCallback)
    HAL_CAN_TxMailbox1CompleteCallback       0x080009d5   Thumb Code     2  stm32f1xx_hal_can.o(i.HAL_CAN_TxMailbox1CompleteCallback)
    HAL_CAN_TxMailbox2AbortCallback          0x080009d7   Thumb Code     2  stm32f1xx_hal_can.o(i.HAL_CAN_TxMailbox2AbortCallback)
    HAL_CAN_TxMailbox2CompleteCallback       0x080009d9   Thumb Code     2  stm32f1xx_hal_can.o(i.HAL_CAN_TxMailbox2CompleteCallback)
    HAL_CAN_WakeUpFromRxMsgCallback          0x080009db   Thumb Code     2  stm32f1xx_hal_can.o(i.HAL_CAN_WakeUpFromRxMsgCallback)
    HAL_DMA_IRQHandler                       0x080009dd   Thumb Code   316  stm32f1xx_hal_dma.o(i.HAL_DMA_IRQHandler)
    HAL_DMA_Init                             0x08000b31   Thumb Code    84  stm32f1xx_hal_dma.o(i.HAL_DMA_Init)
    HAL_DMA_Start                            0x08000b8d   Thumb Code    80  stm32f1xx_hal_dma.o(i.HAL_DMA_Start)
    HAL_DMA_Start_IT                         0x08000bdd   Thumb Code   112  stm32f1xx_hal_dma.o(i.HAL_DMA_Start_IT)
    HAL_Delay                                0x08000c4d   Thumb Code    32  stm32f1xx_hal.o(i.HAL_Delay)
    HAL_GPIO_Init                            0x08000c71   Thumb Code   446  stm32f1xx_hal_gpio.o(i.HAL_GPIO_Init)
    HAL_GPIO_ReadPin                         0x08000e51   Thumb Code    10  stm32f1xx_hal_gpio.o(i.HAL_GPIO_ReadPin)
    HAL_GPIO_WritePin                        0x08000e5b   Thumb Code    10  stm32f1xx_hal_gpio.o(i.HAL_GPIO_WritePin)
    HAL_GetTick                              0x08000e65   Thumb Code     6  stm32f1xx_hal.o(i.HAL_GetTick)
    HAL_IncTick                              0x08000e71   Thumb Code    12  stm32f1xx_hal.o(i.HAL_IncTick)
    HAL_Init                                 0x08000e81   Thumb Code    32  stm32f1xx_hal.o(i.HAL_Init)
    HAL_InitTick                             0x08000ea5   Thumb Code    54  stm32f1xx_hal.o(i.HAL_InitTick)
    HAL_MspInit                              0x08000ee5   Thumb Code    52  stm32f1xx_hal_msp.o(i.HAL_MspInit)
    HAL_NVIC_ClearPendingIRQ                 0x08000f21   Thumb Code    26  stm32f1xx_hal_cortex.o(i.HAL_NVIC_ClearPendingIRQ)
    HAL_NVIC_DisableIRQ                      0x08000f3b   Thumb Code    34  stm32f1xx_hal_cortex.o(i.HAL_NVIC_DisableIRQ)
    HAL_NVIC_EnableIRQ                       0x08000f5d   Thumb Code    26  stm32f1xx_hal_cortex.o(i.HAL_NVIC_EnableIRQ)
    HAL_NVIC_SetPriority                     0x08000f79   Thumb Code    60  stm32f1xx_hal_cortex.o(i.HAL_NVIC_SetPriority)
    HAL_NVIC_SetPriorityGrouping             0x08000fb9   Thumb Code    26  stm32f1xx_hal_cortex.o(i.HAL_NVIC_SetPriorityGrouping)
    HAL_PCDEx_PMAConfig                      0x08000fdd   Thumb Code    60  stm32f1xx_hal_pcd_ex.o(i.HAL_PCDEx_PMAConfig)
    HAL_PCDEx_SetConnectionState             0x08001019   Thumb Code     2  usbd_conf.o(i.HAL_PCDEx_SetConnectionState)
    HAL_PCD_DataInStageCallback              0x0800101b   Thumb Code    18  usbd_conf.o(i.HAL_PCD_DataInStageCallback)
    HAL_PCD_DataOutStageCallback             0x0800102d   Thumb Code    20  usbd_conf.o(i.HAL_PCD_DataOutStageCallback)
    HAL_PCD_EP_Close                         0x08001041   Thumb Code    74  stm32f1xx_hal_pcd.o(i.HAL_PCD_EP_Close)
    HAL_PCD_EP_ClrStall                      0x0800108b   Thumb Code    90  stm32f1xx_hal_pcd.o(i.HAL_PCD_EP_ClrStall)
    HAL_PCD_EP_GetRxCount                    0x08001503   Thumb Code    18  stm32f1xx_hal_pcd.o(i.HAL_PCD_EP_GetRxCount)
    HAL_PCD_EP_Open                          0x08001515   Thumb Code    88  stm32f1xx_hal_pcd.o(i.HAL_PCD_EP_Open)
    HAL_PCD_EP_Receive                       0x0800156d   Thumb Code    46  stm32f1xx_hal_pcd.o(i.HAL_PCD_EP_Receive)
    HAL_PCD_EP_SetStall                      0x0800159b   Thumb Code   112  stm32f1xx_hal_pcd.o(i.HAL_PCD_EP_SetStall)
    HAL_PCD_EP_Transmit                      0x0800160b   Thumb Code    46  stm32f1xx_hal_pcd.o(i.HAL_PCD_EP_Transmit)
    HAL_PCD_IRQHandler                       0x08001639   Thumb Code   308  stm32f1xx_hal_pcd.o(i.HAL_PCD_IRQHandler)
    HAL_PCD_Init                             0x0800176d   Thumb Code   186  stm32f1xx_hal_pcd.o(i.HAL_PCD_Init)
    HAL_PCD_MspInit                          0x08001829   Thumb Code    50  usbd_conf.o(i.HAL_PCD_MspInit)
    HAL_PCD_ResetCallback                    0x08001865   Thumb Code    38  usbd_conf.o(i.HAL_PCD_ResetCallback)
    HAL_PCD_ResumeCallback                   0x0800188b   Thumb Code     8  usbd_conf.o(i.HAL_PCD_ResumeCallback)
    HAL_PCD_SOFCallback                      0x08001893   Thumb Code     8  usbd_conf.o(i.HAL_PCD_SOFCallback)
    HAL_PCD_SetAddress                       0x0800189b   Thumb Code    38  stm32f1xx_hal_pcd.o(i.HAL_PCD_SetAddress)
    HAL_PCD_SetupStageCallback               0x080018c1   Thumb Code    14  usbd_conf.o(i.HAL_PCD_SetupStageCallback)
    HAL_PCD_Start                            0x080018cf   Thumb Code    50  stm32f1xx_hal_pcd.o(i.HAL_PCD_Start)
    HAL_PCD_SuspendCallback                  0x08001901   Thumb Code    30  usbd_conf.o(i.HAL_PCD_SuspendCallback)
    HAL_RCCEx_PeriphCLKConfig                0x08001925   Thumb Code   224  stm32f1xx_hal_rcc_ex.o(i.HAL_RCCEx_PeriphCLKConfig)
    HAL_RCC_ClockConfig                      0x08001a11   Thumb Code   280  stm32f1xx_hal_rcc.o(i.HAL_RCC_ClockConfig)
    HAL_RCC_GetPCLK1Freq                     0x08001b3d   Thumb Code    20  stm32f1xx_hal_rcc.o(i.HAL_RCC_GetPCLK1Freq)
    HAL_RCC_GetPCLK2Freq                     0x08001b5d   Thumb Code    20  stm32f1xx_hal_rcc.o(i.HAL_RCC_GetPCLK2Freq)
    HAL_RCC_GetSysClockFreq                  0x08001b7d   Thumb Code    58  stm32f1xx_hal_rcc.o(i.HAL_RCC_GetSysClockFreq)
    HAL_RCC_OscConfig                        0x08001bc9   Thumb Code   778  stm32f1xx_hal_rcc.o(i.HAL_RCC_OscConfig)
    HAL_SPI_Init                             0x08001ee9   Thumb Code   178  stm32f1xx_hal_spi.o(i.HAL_SPI_Init)
    HAL_SPI_MspInit                          0x08001f9d   Thumb Code   102  spi.o(i.HAL_SPI_MspInit)
    HAL_SYSTICK_Config                       0x08002011   Thumb Code    40  stm32f1xx_hal_cortex.o(i.HAL_SYSTICK_Config)
    HAL_TIMEx_ConfigBreakDeadTime            0x08002039   Thumb Code    84  stm32f1xx_hal_tim_ex.o(i.HAL_TIMEx_ConfigBreakDeadTime)
    HAL_TIMEx_MasterConfigSynchronization    0x0800208d   Thumb Code    92  stm32f1xx_hal_tim_ex.o(i.HAL_TIMEx_MasterConfigSynchronization)
    HAL_TIM_Base_Init                        0x080020f5   Thumb Code    90  stm32f1xx_hal_tim.o(i.HAL_TIM_Base_Init)
    HAL_TIM_Base_MspInit                     0x08002151   Thumb Code    30  tim.o(i.HAL_TIM_Base_MspInit)
    HAL_TIM_ConfigClockSource                0x08002179   Thumb Code   220  stm32f1xx_hal_tim.o(i.HAL_TIM_ConfigClockSource)
    HAL_TIM_MspPostInit                      0x08002255   Thumb Code    64  tim.o(i.HAL_TIM_MspPostInit)
    HAL_TIM_PWM_ConfigChannel                0x080022a1   Thumb Code   204  stm32f1xx_hal_tim.o(i.HAL_TIM_PWM_ConfigChannel)
    HAL_TIM_PWM_Init                         0x0800236d   Thumb Code    90  stm32f1xx_hal_tim.o(i.HAL_TIM_PWM_Init)
    HAL_TIM_PWM_MspInit                      0x080023c9   Thumb Code    30  tim.o(i.HAL_TIM_PWM_MspInit)
    HAL_TIM_PWM_Start                        0x080023f1   Thumb Code   144  stm32f1xx_hal_tim.o(i.HAL_TIM_PWM_Start)
    HAL_UART_Init                            0x0800248d   Thumb Code   100  stm32f1xx_hal_uart.o(i.HAL_UART_Init)
    HAL_UART_MspInit                         0x080024f1   Thumb Code   112  usart.o(i.HAL_UART_MspInit)
    HardFault_Handler                        0x08002571   Thumb Code     2  stm32f1xx_it.o(i.HardFault_Handler)
    MX_ADC1_Init                             0x080025ad   Thumb Code    70  adc.o(i.MX_ADC1_Init)
    MX_CAN_Init                              0x080025fd   Thumb Code    52  can.o(i.MX_CAN_Init)
    MX_GPIO_Init                             0x08002639   Thumb Code   142  gpio.o(i.MX_GPIO_Init)
    MX_SPI2_Init                             0x080026d5   Thumb Code    60  spi.o(i.MX_SPI2_Init)
    MX_TIM1_Init                             0x08002719   Thumb Code   166  tim.o(i.MX_TIM1_Init)
    MX_TIM4_Init                             0x080027c9   Thumb Code    92  tim.o(i.MX_TIM4_Init)
    MX_USART1_UART_Init                      0x0800282d   Thumb Code    48  usart.o(i.MX_USART1_UART_Init)
    MX_USB_DEVICE_Init                       0x08002865   Thumb Code    66  usb_device.o(i.MX_USB_DEVICE_Init)
    MemManage_Handler                        0x080028b9   Thumb Code     2  stm32f1xx_it.o(i.MemManage_Handler)
    NMI_Handler                              0x080028bb   Thumb Code     2  stm32f1xx_it.o(i.NMI_Handler)
    PendSV_Handler                           0x08002c63   Thumb Code     2  stm32f1xx_it.o(i.PendSV_Handler)
    RemoteInput_Init                         0x08002c65   Thumb Code    90  remote_input.o(i.RemoteInput_Init)
    RemoteInput_Poll                         0x08002cd1   Thumb Code    96  remote_input.o(i.RemoteInput_Poll)
    SVC_Handler                              0x08002d9d   Thumb Code     2  stm32f1xx_it.o(i.SVC_Handler)
    SysTick_Handler                          0x08002d9f   Thumb Code     4  stm32f1xx_it.o(i.SysTick_Handler)
    SystemClock_Config                       0x08002da3   Thumb Code   124  main.o(i.SystemClock_Config)
    SystemInit                               0x08002e1f   Thumb Code     2  system_stm32f1xx.o(i.SystemInit)
    TIM_Base_SetConfig                       0x08002e21   Thumb Code   108  stm32f1xx_hal_tim.o(i.TIM_Base_SetConfig)
    TIM_CCxChannelCmd                        0x08002e99   Thumb Code    26  stm32f1xx_hal_tim.o(i.TIM_CCxChannelCmd)
    TIM_ETR_SetConfig                        0x08002eb3   Thumb Code    20  stm32f1xx_hal_tim.o(i.TIM_ETR_SetConfig)
    TIM_OC2_SetConfig                        0x08002f29   Thumb Code    84  stm32f1xx_hal_tim.o(i.TIM_OC2_SetConfig)
    USBD_CDC_GetDeviceQualifierDescriptor    0x080031f9   Thumb Code     8  usbd_cdc.o(i.USBD_CDC_GetDeviceQualifierDescriptor)
    USBD_CDC_ReceivePacket                   0x080032bd   Thumb Code    40  usbd_cdc.o(i.USBD_CDC_ReceivePacket)
    USBD_CDC_RegisterInterface               0x080032e5   Thumb Code    16  usbd_cdc.o(i.USBD_CDC_RegisterInterface)
    USBD_CDC_SetRxBuffer                     0x080032f5   Thumb Code    12  usbd_cdc.o(i.USBD_CDC_SetRxBuffer)
    USBD_CDC_SetTxBuffer                     0x08003301   Thumb Code    16  usbd_cdc.o(i.USBD_CDC_SetTxBuffer)
    USBD_ClrClassConfig                      0x080033bd   Thumb Code    14  usbd_core.o(i.USBD_ClrClassConfig)
    USBD_CtlContinueRx                       0x080033cb   Thumb Code    16  usbd_ioreq.o(i.USBD_CtlContinueRx)
    USBD_CtlContinueSendData                 0x080033db   Thumb Code    16  usbd_ioreq.o(i.USBD_CtlContinueSendData)
    USBD_CtlError                            0x080033eb   Thumb Code    22  usbd_ctlreq.o(i.USBD_CtlError)
    USBD_CtlPrepareRx                        0x08003401   Thumb Code    30  usbd_ioreq.o(i.USBD_CtlPrepareRx)
    USBD_CtlReceiveStatus                    0x0800341f   Thumb Code    22  usbd_ioreq.o(i.USBD_CtlReceiveStatus)
    USBD_CtlSendData                         0x08003435   Thumb Code    26  usbd_ioreq.o(i.USBD_CtlSendData)
    USBD_CtlSendStatus                       0x0800344f   Thumb Code    22  usbd_ioreq.o(i.USBD_CtlSendStatus)
    USBD_FS_ConfigStrDescriptor              0x08003465   Thumb Code    16  usbd_desc.o(i.USBD_FS_ConfigStrDescriptor)
    USBD_FS_DeviceDescriptor                 0x08003485   Thumb Code     8  usbd_desc.o(i.USBD_FS_DeviceDescriptor)
    USBD_FS_InterfaceStrDescriptor           0x08003491   Thumb Code    16  usbd_desc.o(i.USBD_FS_InterfaceStrDescriptor)
    USBD_FS_LangIDStrDescriptor              0x080034b5   Thumb Code     8  usbd_desc.o(i.USBD_FS_LangIDStrDescriptor)
    USBD_FS_ManufacturerStrDescriptor        0x080034c1   Thumb Code    16  usbd_desc.o(i.USBD_FS_ManufacturerStrDescriptor)
    USBD_FS_ProductStrDescriptor             0x080034e9   Thumb Code    16  usbd_desc.o(i.USBD_FS_ProductStrDescriptor)
    USBD_FS_SerialStrDescriptor              0x08003515   Thumb Code    48  usbd_desc.o(i.USBD_FS_SerialStrDescriptor)
    USBD_GetString                           0x08003635   Thumb Code    72  usbd_ctlreq.o(i.USBD_GetString)
    USBD_Init                                0x08003695   Thumb Code    42  usbd_core.o(i.USBD_Init)
    USBD_LL_ClearStallEP                     0x080036bf   Thumb Code    18  usbd_conf.o(i.USBD_LL_ClearStallEP)
    USBD_LL_CloseEP                          0x080036d1   Thumb Code    18  usbd_conf.o(i.USBD_LL_CloseEP)
    USBD_LL_DataInStage                      0x080036e3   Thumb Code   198  usbd_core.o(i.USBD_LL_DataInStage)
    USBD_LL_DataOutStage                     0x080037a9   Thumb Code   130  usbd_core.o(i.USBD_LL_DataOutStage)
    USBD_LL_GetRxDataSize                    0x0800382b   Thumb Code     8  usbd_conf.o(i.USBD_LL_GetRxDataSize)
    USBD_LL_Init                             0x08003835   Thumb Code   118  usbd_conf.o(i.USBD_LL_Init)
    USBD_LL_IsStallEP                        0x080038b5   Thumb Code    30  usbd_conf.o(i.USBD_LL_IsStallEP)
    USBD_LL_OpenEP                           0x080038d3   Thumb Code    24  usbd_conf.o(i.USBD_LL_OpenEP)
    USBD_LL_PrepareReceive                   0x080038eb   Thumb Code    18  usbd_conf.o(i.USBD_LL_PrepareReceive)
    USBD_LL_Reset                            0x080038fd   Thumb Code    80  usbd_core.o(i.USBD_LL_Reset)
    USBD_LL_Resume                           0x0800394d   Thumb Code    20  usbd_core.o(i.USBD_LL_Resume)
    USBD_LL_SOF                              0x08003961   Thumb Code    24  usbd_core.o(i.USBD_LL_SOF)
    USBD_LL_SetSpeed                         0x08003979   Thumb Code     6  usbd_core.o(i.USBD_LL_SetSpeed)
    USBD_LL_SetUSBAddress                    0x0800397f   Thumb Code    18  usbd_conf.o(i.USBD_LL_SetUSBAddress)
    USBD_LL_SetupStage                       0x08003991   Thumb Code    90  usbd_core.o(i.USBD_LL_SetupStage)
    USBD_LL_StallEP                          0x080039eb   Thumb Code    18  usbd_conf.o(i.USBD_LL_StallEP)
    USBD_LL_Start                            0x080039fd   Thumb Code    18  usbd_conf.o(i.USBD_LL_Start)
    USBD_LL_Suspend                          0x08003a0f   Thumb Code    18  usbd_core.o(i.USBD_LL_Suspend)
    USBD_LL_Transmit                         0x08003a21   Thumb Code    18  usbd_conf.o(i.USBD_LL_Transmit)
    USBD_ParseSetupRequest                   0x08003a33   Thumb Code    40  usbd_ctlreq.o(i.USBD_ParseSetupRequest)
    USBD_RegisterClass                       0x08003a5b   Thumb Code    16  usbd_core.o(i.USBD_RegisterClass)
    USBD_SetClassConfig                      0x08003a6b   Thumb Code    22  usbd_core.o(i.USBD_SetClassConfig)
    USBD_Start                               0x08003b05   Thumb Code    10  usbd_core.o(i.USBD_Start)
    USBD_StdDevReq                           0x08003b0f   Thumb Code   274  usbd_ctlreq.o(i.USBD_StdDevReq)
    USBD_StdEPReq                            0x08003c21   Thumb Code   336  usbd_ctlreq.o(i.USBD_StdEPReq)
    USBD_StdItfReq                           0x08003d71   Thumb Code    78  usbd_ctlreq.o(i.USBD_StdItfReq)
    USBD_static_free                         0x08003dbf   Thumb Code     2  usbd_conf.o(i.USBD_static_free)
    USBD_static_malloc                       0x08003dc1   Thumb Code     4  usbd_conf.o(i.USBD_static_malloc)
    USB_ActivateEndpoint                     0x08003dc9   Thumb Code   668  stm32f1xx_ll_usb.o(i.USB_ActivateEndpoint)
    USB_CoreInit                             0x08004065   Thumb Code     4  stm32f1xx_ll_usb.o(i.USB_CoreInit)
    USB_DeactivateEndpoint                   0x08004069   Thumb Code   270  stm32f1xx_ll_usb.o(i.USB_DeactivateEndpoint)
    USB_DevConnect                           0x08004177   Thumb Code     4  stm32f1xx_ll_usb.o(i.USB_DevConnect)
    USB_DevDisconnect                        0x0800417b   Thumb Code     4  stm32f1xx_ll_usb.o(i.USB_DevDisconnect)
    USB_DevInit                              0x0800417f   Thumb Code    18  stm32f1xx_ll_usb.o(i.USB_DevInit)
    USB_DisableGlobalInt                     0x08004191   Thumb Code    14  stm32f1xx_ll_usb.o(i.USB_DisableGlobalInt)
    USB_EP0_OutStart                         0x0800419f   Thumb Code     4  stm32f1xx_ll_usb.o(i.USB_EP0_OutStart)
    USB_EPClearStall                         0x080041a3   Thumb Code   120  stm32f1xx_ll_usb.o(i.USB_EPClearStall)
    USB_EPSetStall                           0x0800421b   Thumb Code    50  stm32f1xx_ll_usb.o(i.USB_EPSetStall)
    USB_EPStartXfer                          0x0800424d   Thumb Code  1250  stm32f1xx_ll_usb.o(i.USB_EPStartXfer)
    USB_EnableGlobalInt                      0x0800472f   Thumb Code    18  stm32f1xx_ll_usb.o(i.USB_EnableGlobalInt)
    USB_LP_CAN1_RX0_IRQHandler               0x08004741   Thumb Code    18  stm32f1xx_it.o(i.USB_LP_CAN1_RX0_IRQHandler)
    USB_ReadInterrupts                       0x0800475d   Thumb Code     6  stm32f1xx_ll_usb.o(i.USB_ReadInterrupts)
    USB_ReadPMA                              0x08004765   Thumb Code    44  stm32f1xx_ll_usb.o(i.USB_ReadPMA)
    USB_SetCurrentMode                       0x08004791   Thumb Code     4  stm32f1xx_ll_usb.o(i.USB_SetCurrentMode)
    USB_SetDevAddress                        0x08004795   Thumb Code    12  stm32f1xx_ll_usb.o(i.USB_SetDevAddress)
    USB_WritePMA                             0x080047a1   Thumb Code    38  stm32f1xx_ll_usb.o(i.USB_WritePMA)
    UsageFault_Handler                       0x080047c7   Thumb Code     2  stm32f1xx_it.o(i.UsageFault_Handler)
    WS2812_BSR_Clear                         0x08004851   Thumb Code    10  ws2812_bsr_dma.o(i.WS2812_BSR_Clear)
    WS2812_BSR_FillAll                       0x08004a1d   Thumb Code    30  ws2812_bsr_dma.o(i.WS2812_BSR_FillAll)
    WS2812_BSR_FillLane                      0x08004a3d   Thumb Code    40  ws2812_bsr_dma.o(i.WS2812_BSR_FillLane)
    WS2812_BSR_Init                          0x08004a69   Thumb Code   192  ws2812_bsr_dma.o(i.WS2812_BSR_Init)
    WS2812_BSR_IsBusy                        0x08004b71   Thumb Code    12  ws2812_bsr_dma.o(i.WS2812_BSR_IsBusy)
    WS2812_BSR_Poll                          0x08004ba1   Thumb Code   212  ws2812_bsr_dma.o(i.WS2812_BSR_Poll)
    WS2812_BSR_SetPixel                      0x08004d01   Thumb Code    36  ws2812_bsr_dma.o(i.WS2812_BSR_SetPixel)
    WS2812_BSR_Show                          0x08004d29   Thumb Code   172  ws2812_bsr_dma.o(i.WS2812_BSR_Show)
    WS2812_BSR_TestPatternStep               0x08004e21   Thumb Code   172  ws2812_bsr_dma.o(i.WS2812_BSR_TestPatternStep)
    WhitePwm_Init                            0x08004f41   Thumb Code    54  white_pwm.o(i.WhitePwm_Init)
    WhitePwm_Poll                            0x08004f81   Thumb Code    66  white_pwm.o(i.WhitePwm_Poll)
    main                                     0x08005001   Thumb Code    84  main.o(i.main)
    AHBPrescTable                            0x08005096   Data          16  system_stm32f1xx.o(.constdata)
    APBPrescTable                            0x080050a6   Data           8  system_stm32f1xx.o(.constdata)
    Region$$Table$$Base                      0x080050b0   Number         0  anon$$obj.o(Region$$Table)
    Region$$Table$$Limit                     0x080050d0   Number         0  anon$$obj.o(Region$$Table)
    ws2812_bsr_diag_show_count               0x20000010   Data           4  ws2812_bsr_dma.o(.data)
    ws2812_bsr_diag_complete_count           0x20000014   Data           4  ws2812_bsr_dma.o(.data)
    ws2812_bsr_diag_error_count              0x20000018   Data           4  ws2812_bsr_dma.o(.data)
    ws2812_bsr_diag_timeout_count            0x2000001c   Data           4  ws2812_bsr_dma.o(.data)
    ws2812_bsr_diag_start_error_count        0x20000020   Data           4  ws2812_bsr_dma.o(.data)
    ws2812_bsr_diag_poll_complete_count      0x20000024   Data           4  ws2812_bsr_dma.o(.data)
    ws2812_show_count_watch                  0x20000028   Data           4  ws2812_bsr_dma.o(.data)
    ws2812_complete_count_watch              0x2000002c   Data           4  ws2812_bsr_dma.o(.data)
    remote_input_watch_raw_bits              0x2000003c   Data           1  remote_input.o(.data)
    remote_input_watch_stable_bits           0x2000003d   Data           1  remote_input.o(.data)
    remote_input_watch_changed_bits          0x2000003e   Data           1  remote_input.o(.data)
    white_pwm_watch_ww_target                0x20000048   Data           2  white_pwm.o(.data)
    white_pwm_watch_cw_target                0x2000004a   Data           2  white_pwm.o(.data)
    white_pwm_watch_ww_current               0x2000004c   Data           2  white_pwm.o(.data)
    white_pwm_watch_cw_current               0x2000004e   Data           2  white_pwm.o(.data)
    FS_Desc                                  0x2000005c   Data          28  usbd_desc.o(.data)
    USBD_LangIDDesc                          0x20000078   Data           4  usbd_desc.o(.data)
    USBD_FS_DeviceDesc                       0x2000007c   Data          18  usbd_desc.o(.data)
    USBD_StringSerial                        0x20000090   Data          26  usbd_desc.o(.data)
    USBD_Interface_fops_FS                   0x200000ac   Data          16  usbd_cdc_if.o(.data)
    uwTickFreq                               0x200000bc   Data           1  stm32f1xx_hal.o(.data)
    uwTickPrio                               0x200000c0   Data           4  stm32f1xx_hal.o(.data)
    uwTick                                   0x200000c4   Data           4  stm32f1xx_hal.o(.data)
    SystemCoreClock                          0x200000c8   Data           4  system_stm32f1xx.o(.data)
    USBD_CDC_CfgHSDesc                       0x200000dc   Data          67  usbd_cdc.o(.data)
    USBD_CDC_CfgFSDesc                       0x20000120   Data          67  usbd_cdc.o(.data)
    USBD_CDC_OtherSpeedCfgDesc               0x20000164   Data          67  usbd_cdc.o(.data)
    USBD_CDC                                 0x200001a8   Data          56  usbd_cdc.o(.data)
    remote_input_watch_edge_count            0x20002fac   Data          16  remote_input.o(.bss)
    hadc1                                    0x20002fcc   Data          48  adc.o(.bss)
    hcan                                     0x20002ffc   Data          40  can.o(.bss)
    hspi2                                    0x20003024   Data          88  spi.o(.bss)
    htim1                                    0x2000307c   Data          72  tim.o(.bss)
    htim4                                    0x200030c4   Data          72  tim.o(.bss)
    huart1                                   0x2000310c   Data          72  usart.o(.bss)
    hUsbDeviceFS                             0x20003154   Data         708  usb_device.o(.bss)
    USBD_StrDesc                             0x20003418   Data         512  usbd_desc.o(.bss)
    UserRxBufferFS                           0x20003618   Data        1024  usbd_cdc_if.o(.bss)
    UserTxBufferFS                           0x20003a18   Data        1024  usbd_cdc_if.o(.bss)
    hpcd_USB_FS                              0x20004038   Data         728  usbd_conf.o(.bss)
    __libspace_start                         0x20004310   Data          96  libspace.o(.bss)
    __temporary_stack_top$libspace           0x20004370   Data           0  libspace.o(.bss)



==============================================================================

Memory Map of the image

  Image Entry point : 0x080000ed

  Load Region LR_IROM1 (Base: 0x08000000, Size: 0x000052b0, Max: 0x00010000, ABSOLUTE, COMPRESSED[0x00005194])

    Execution Region ER_IROM1 (Exec base: 0x08000000, Load base: 0x08000000, Size: 0x000050d0, Max: 0x00010000, ABSOLUTE)

    Exec Addr    Load Addr    Size         Type   Attr      Idx    E Section Name        Object

    0x08000000   0x08000000   0x000000ec   Data   RO            3    RESET               startup_stm32f103xb.o
    0x080000ec   0x080000ec   0x00000008   Code   RO         5349  * !!!main             c_w.l(__main.o)
    0x080000f4   0x080000f4   0x00000034   Code   RO         5510    !!!scatter          c_w.l(__scatter.o)
    0x08000128   0x08000128   0x0000005a   Code   RO         5508    !!dczerorl2         c_w.l(__dczerorl2.o)
    0x08000182   0x08000182   0x00000002   PAD
    0x08000184   0x08000184   0x0000001c   Code   RO         5512    !!handler_zi        c_w.l(__scatter_zi.o)
    0x080001a0   0x080001a0   0x00000002   Code   RO         5376    .ARM.Collect$$libinit$$00000000  c_w.l(libinit.o)
    0x080001a2   0x080001a2   0x00000000   Code   RO         5383    .ARM.Collect$$libinit$$00000002  c_w.l(libinit2.o)
    0x080001a2   0x080001a2   0x00000000   Code   RO         5385    .ARM.Collect$$libinit$$00000004  c_w.l(libinit2.o)
    0x080001a2   0x080001a2   0x00000000   Code   RO         5388    .ARM.Collect$$libinit$$0000000A  c_w.l(libinit2.o)
    0x080001a2   0x080001a2   0x00000000   Code   RO         5390    .ARM.Collect$$libinit$$0000000C  c_w.l(libinit2.o)
    0x080001a2   0x080001a2   0x00000000   Code   RO         5392    .ARM.Collect$$libinit$$0000000E  c_w.l(libinit2.o)
    0x080001a2   0x080001a2   0x00000000   Code   RO         5395    .ARM.Collect$$libinit$$00000011  c_w.l(libinit2.o)
    0x080001a2   0x080001a2   0x00000000   Code   RO         5397    .ARM.Collect$$libinit$$00000013  c_w.l(libinit2.o)
    0x080001a2   0x080001a2   0x00000000   Code   RO         5399    .ARM.Collect$$libinit$$00000015  c_w.l(libinit2.o)
    0x080001a2   0x080001a2   0x00000000   Code   RO         5401    .ARM.Collect$$libinit$$00000017  c_w.l(libinit2.o)
    0x080001a2   0x080001a2   0x00000000   Code   RO         5403    .ARM.Collect$$libinit$$00000019  c_w.l(libinit2.o)
    0x080001a2   0x080001a2   0x00000000   Code   RO         5405    .ARM.Collect$$libinit$$0000001B  c_w.l(libinit2.o)
    0x080001a2   0x080001a2   0x00000000   Code   RO         5407    .ARM.Collect$$libinit$$0000001D  c_w.l(libinit2.o)
    0x080001a2   0x080001a2   0x00000000   Code   RO         5409    .ARM.Collect$$libinit$$0000001F  c_w.l(libinit2.o)
    0x080001a2   0x080001a2   0x00000000   Code   RO         5411    .ARM.Collect$$libinit$$00000021  c_w.l(libinit2.o)
    0x080001a2   0x080001a2   0x00000000   Code   RO         5413    .ARM.Collect$$libinit$$00000023  c_w.l(libinit2.o)
    0x080001a2   0x080001a2   0x00000000   Code   RO         5415    .ARM.Collect$$libinit$$00000025  c_w.l(libinit2.o)
    0x080001a2   0x080001a2   0x00000000   Code   RO         5419    .ARM.Collect$$libinit$$0000002C  c_w.l(libinit2.o)
    0x080001a2   0x080001a2   0x00000000   Code   RO         5421    .ARM.Collect$$libinit$$0000002E  c_w.l(libinit2.o)
    0x080001a2   0x080001a2   0x00000000   Code   RO         5423    .ARM.Collect$$libinit$$00000030  c_w.l(libinit2.o)
    0x080001a2   0x080001a2   0x00000000   Code   RO         5425    .ARM.Collect$$libinit$$00000032  c_w.l(libinit2.o)
    0x080001a2   0x080001a2   0x00000002   Code   RO         5426    .ARM.Collect$$libinit$$00000033  c_w.l(libinit2.o)
    0x080001a4   0x080001a4   0x00000002   Code   RO         5446    .ARM.Collect$$libshutdown$$00000000  c_w.l(libshutdown.o)
    0x080001a6   0x080001a6   0x00000000   Code   RO         5459    .ARM.Collect$$libshutdown$$00000002  c_w.l(libshutdown2.o)
    0x080001a6   0x080001a6   0x00000000   Code   RO         5461    .ARM.Collect$$libshutdown$$00000004  c_w.l(libshutdown2.o)
    0x080001a6   0x080001a6   0x00000000   Code   RO         5463    .ARM.Collect$$libshutdown$$00000006  c_w.l(libshutdown2.o)
    0x080001a6   0x080001a6   0x00000000   Code   RO         5466    .ARM.Collect$$libshutdown$$00000009  c_w.l(libshutdown2.o)
    0x080001a6   0x080001a6   0x00000000   Code   RO         5469    .ARM.Collect$$libshutdown$$0000000C  c_w.l(libshutdown2.o)
    0x080001a6   0x080001a6   0x00000000   Code   RO         5471    .ARM.Collect$$libshutdown$$0000000E  c_w.l(libshutdown2.o)
    0x080001a6   0x080001a6   0x00000000   Code   RO         5474    .ARM.Collect$$libshutdown$$00000011  c_w.l(libshutdown2.o)
    0x080001a6   0x080001a6   0x00000002   Code   RO         5475    .ARM.Collect$$libshutdown$$00000012  c_w.l(libshutdown2.o)
    0x080001a8   0x080001a8   0x00000000   Code   RO         5351    .ARM.Collect$$rtentry$$00000000  c_w.l(__rtentry.o)
    0x080001a8   0x080001a8   0x00000000   Code   RO         5353    .ARM.Collect$$rtentry$$00000002  c_w.l(__rtentry2.o)
    0x080001a8   0x080001a8   0x00000006   Code   RO         5365    .ARM.Collect$$rtentry$$00000004  c_w.l(__rtentry4.o)
    0x080001ae   0x080001ae   0x00000000   Code   RO         5355    .ARM.Collect$$rtentry$$00000009  c_w.l(__rtentry2.o)
    0x080001ae   0x080001ae   0x00000004   Code   RO         5356    .ARM.Collect$$rtentry$$0000000A  c_w.l(__rtentry2.o)
    0x080001b2   0x080001b2   0x00000000   Code   RO         5358    .ARM.Collect$$rtentry$$0000000C  c_w.l(__rtentry2.o)
    0x080001b2   0x080001b2   0x00000008   Code   RO         5359    .ARM.Collect$$rtentry$$0000000D  c_w.l(__rtentry2.o)
    0x080001ba   0x080001ba   0x00000002   Code   RO         5380    .ARM.Collect$$rtexit$$00000000  c_w.l(rtexit.o)
    0x080001bc   0x080001bc   0x00000000   Code   RO         5428    .ARM.Collect$$rtexit$$00000002  c_w.l(rtexit2.o)
    0x080001bc   0x080001bc   0x00000004   Code   RO         5429    .ARM.Collect$$rtexit$$00000003  c_w.l(rtexit2.o)
    0x080001c0   0x080001c0   0x00000006   Code   RO         5430    .ARM.Collect$$rtexit$$00000004  c_w.l(rtexit2.o)
    0x080001c6   0x080001c6   0x00000002   PAD
    0x080001c8   0x080001c8   0x00000040   Code   RO            4    .text               startup_stm32f103xb.o
    0x08000208   0x08000208   0x0000004e   Code   RO         5345    .text               c_w.l(rt_memclr_w.o)
    0x08000256   0x08000256   0x00000006   Code   RO         5347    .text               c_w.l(heapauxi.o)
    0x0800025c   0x0800025c   0x0000004a   Code   RO         5367    .text               c_w.l(sys_stackheap_outer.o)
    0x080002a6   0x080002a6   0x00000012   Code   RO         5369    .text               c_w.l(exit.o)
    0x080002b8   0x080002b8   0x00000008   Code   RO         5377    .text               c_w.l(libspace.o)
    0x080002c0   0x080002c0   0x0000000c   Code   RO         5438    .text               c_w.l(sys_exit.o)
    0x080002cc   0x080002cc   0x00000002   Code   RO         5449    .text               c_w.l(use_no_semi.o)
    0x080002ce   0x080002ce   0x00000000   Code   RO         5451    .text               c_w.l(indicate_semi.o)
    0x080002ce   0x080002ce   0x00000002   PAD
    0x080002d0   0x080002d0   0x00000056   Code   RO         2769    i.ADC_ConversionStop_Disable  stm32f1xx_hal_adc.o
    0x08000326   0x08000326   0x00000002   Code   RO          787    i.BusFault_Handler  stm32f1xx_it.o
    0x08000328   0x08000328   0x00000004   Code   RO         1027    i.CDC_Control_FS    usbd_cdc_if.o
    0x0800032c   0x0800032c   0x00000004   Code   RO         1028    i.CDC_DeInit_FS     usbd_cdc_if.o
    0x08000330   0x08000330   0x00000024   Code   RO         1029    i.CDC_Init_FS       usbd_cdc_if.o
    0x08000354   0x08000354   0x00000018   Code   RO         1030    i.CDC_Receive_FS    usbd_cdc_if.o
    0x0800036c   0x0800036c   0x0000000c   Code   RO           13    i.DMA1_Channel4_IRQHandler  ws2812_bsr_dma.o
    0x08000378   0x08000378   0x0000002a   Code   RO         2172    i.DMA_SetConfig     stm32f1xx_hal_dma.o
    0x080003a2   0x080003a2   0x00000002   Code   RO          788    i.DebugMon_Handler  stm32f1xx_it.o
    0x080003a4   0x080003a4   0x00000004   Code   RO          443    i.Error_Handler     main.o
    0x080003a8   0x080003a8   0x000000fc   Code   RO         2775    i.HAL_ADC_ConfigChannel  stm32f1xx_hal_adc.o
    0x080004a4   0x080004a4   0x0000011c   Code   RO         2784    i.HAL_ADC_Init      stm32f1xx_hal_adc.o
    0x080005c0   0x080005c0   0x00000058   Code   RO          554    i.HAL_ADC_MspInit   adc.o
    0x08000618   0x08000618   0x00000002   Code   RO         3051    i.HAL_CAN_ErrorCallback  stm32f1xx_hal_can.o
    0x0800061a   0x0800061a   0x000001fc   Code   RO         3058    i.HAL_CAN_IRQHandler  stm32f1xx_hal_can.o
    0x08000816   0x08000816   0x0000011a   Code   RO         3059    i.HAL_CAN_Init      stm32f1xx_hal_can.o
    0x08000930   0x08000930   0x00000094   Code   RO          596    i.HAL_CAN_MspInit   can.o
    0x080009c4   0x080009c4   0x00000002   Code   RO         3066    i.HAL_CAN_RxFifo0FullCallback  stm32f1xx_hal_can.o
    0x080009c6   0x080009c6   0x00000002   Code   RO         3067    i.HAL_CAN_RxFifo0MsgPendingCallback  stm32f1xx_hal_can.o
    0x080009c8   0x080009c8   0x00000002   Code   RO         3068    i.HAL_CAN_RxFifo1FullCallback  stm32f1xx_hal_can.o
    0x080009ca   0x080009ca   0x00000002   Code   RO         3069    i.HAL_CAN_RxFifo1MsgPendingCallback  stm32f1xx_hal_can.o
    0x080009cc   0x080009cc   0x00000002   Code   RO         3070    i.HAL_CAN_SleepCallback  stm32f1xx_hal_can.o
    0x080009ce   0x080009ce   0x00000002   Code   RO         3073    i.HAL_CAN_TxMailbox0AbortCallback  stm32f1xx_hal_can.o
    0x080009d0   0x080009d0   0x00000002   Code   RO         3074    i.HAL_CAN_TxMailbox0CompleteCallback  stm32f1xx_hal_can.o
    0x080009d2   0x080009d2   0x00000002   Code   RO         3075    i.HAL_CAN_TxMailbox1AbortCallback  stm32f1xx_hal_can.o
    0x080009d4   0x080009d4   0x00000002   Code   RO         3076    i.HAL_CAN_TxMailbox1CompleteCallback  stm32f1xx_hal_can.o
    0x080009d6   0x080009d6   0x00000002   Code   RO         3077    i.HAL_CAN_TxMailbox2AbortCallback  stm32f1xx_hal_can.o
    0x080009d8   0x080009d8   0x00000002   Code   RO         3078    i.HAL_CAN_TxMailbox2CompleteCallback  stm32f1xx_hal_can.o
    0x080009da   0x080009da   0x00000002   Code   RO         3080    i.HAL_CAN_WakeUpFromRxMsgCallback  stm32f1xx_hal_can.o
    0x080009dc   0x080009dc   0x00000154   Code   RO         2178    i.HAL_DMA_IRQHandler  stm32f1xx_hal_dma.o
    0x08000b30   0x08000b30   0x0000005c   Code   RO         2179    i.HAL_DMA_Init      stm32f1xx_hal_dma.o
    0x08000b8c   0x08000b8c   0x00000050   Code   RO         2182    i.HAL_DMA_Start     stm32f1xx_hal_dma.o
    0x08000bdc   0x08000bdc   0x00000070   Code   RO         2183    i.HAL_DMA_Start_IT  stm32f1xx_hal_dma.o
    0x08000c4c   0x08000c4c   0x00000024   Code   RO         1799    i.HAL_Delay         stm32f1xx_hal.o
    0x08000c70   0x08000c70   0x000001e0   Code   RO         2109    i.HAL_GPIO_Init     stm32f1xx_hal_gpio.o
    0x08000e50   0x08000e50   0x0000000a   Code   RO         2111    i.HAL_GPIO_ReadPin  stm32f1xx_hal_gpio.o
    0x08000e5a   0x08000e5a   0x0000000a   Code   RO         2113    i.HAL_GPIO_WritePin  stm32f1xx_hal_gpio.o
    0x08000e64   0x08000e64   0x0000000c   Code   RO         1803    i.HAL_GetTick       stm32f1xx_hal.o
    0x08000e70   0x08000e70   0x00000010   Code   RO         1809    i.HAL_IncTick       stm32f1xx_hal.o
    0x08000e80   0x08000e80   0x00000024   Code   RO         1810    i.HAL_Init          stm32f1xx_hal.o
    0x08000ea4   0x08000ea4   0x00000040   Code   RO         1811    i.HAL_InitTick      stm32f1xx_hal.o
    0x08000ee4   0x08000ee4   0x0000003c   Code   RO          869    i.HAL_MspInit       stm32f1xx_hal_msp.o
    0x08000f20   0x08000f20   0x0000001a   Code   RO         2267    i.HAL_NVIC_ClearPendingIRQ  stm32f1xx_hal_cortex.o
    0x08000f3a   0x08000f3a   0x00000022   Code   RO         2268    i.HAL_NVIC_DisableIRQ  stm32f1xx_hal_cortex.o
    0x08000f5c   0x08000f5c   0x0000001a   Code   RO         2269    i.HAL_NVIC_EnableIRQ  stm32f1xx_hal_cortex.o
    0x08000f76   0x08000f76   0x00000002   PAD
    0x08000f78   0x08000f78   0x00000040   Code   RO         2275    i.HAL_NVIC_SetPriority  stm32f1xx_hal_cortex.o
    0x08000fb8   0x08000fb8   0x00000024   Code   RO         2276    i.HAL_NVIC_SetPriorityGrouping  stm32f1xx_hal_cortex.o
    0x08000fdc   0x08000fdc   0x0000003c   Code   RO         1566    i.HAL_PCDEx_PMAConfig  stm32f1xx_hal_pcd_ex.o
    0x08001018   0x08001018   0x00000002   Code   RO         1079    i.HAL_PCDEx_SetConnectionState  usbd_conf.o
    0x0800101a   0x0800101a   0x00000012   Code   RO         1081    i.HAL_PCD_DataInStageCallback  usbd_conf.o
    0x0800102c   0x0800102c   0x00000014   Code   RO         1082    i.HAL_PCD_DataOutStageCallback  usbd_conf.o
    0x08001040   0x08001040   0x0000004a   Code   RO         1337    i.HAL_PCD_EP_Close  stm32f1xx_hal_pcd.o
    0x0800108a   0x0800108a   0x0000005a   Code   RO         1338    i.HAL_PCD_EP_ClrStall  stm32f1xx_hal_pcd.o
    0x080010e4   0x080010e4   0x000000e6   Code   RO         1339    i.HAL_PCD_EP_DB_Receive  stm32f1xx_hal_pcd.o
    0x080011ca   0x080011ca   0x00000338   Code   RO         1340    i.HAL_PCD_EP_DB_Transmit  stm32f1xx_hal_pcd.o
    0x08001502   0x08001502   0x00000012   Code   RO         1342    i.HAL_PCD_EP_GetRxCount  stm32f1xx_hal_pcd.o
    0x08001514   0x08001514   0x00000058   Code   RO         1343    i.HAL_PCD_EP_Open   stm32f1xx_hal_pcd.o
    0x0800156c   0x0800156c   0x0000002e   Code   RO         1344    i.HAL_PCD_EP_Receive  stm32f1xx_hal_pcd.o
    0x0800159a   0x0800159a   0x00000070   Code   RO         1345    i.HAL_PCD_EP_SetStall  stm32f1xx_hal_pcd.o
    0x0800160a   0x0800160a   0x0000002e   Code   RO         1346    i.HAL_PCD_EP_Transmit  stm32f1xx_hal_pcd.o
    0x08001638   0x08001638   0x00000134   Code   RO         1348    i.HAL_PCD_IRQHandler  stm32f1xx_hal_pcd.o
    0x0800176c   0x0800176c   0x000000ba   Code   RO         1351    i.HAL_PCD_Init      stm32f1xx_hal_pcd.o
    0x08001826   0x08001826   0x00000002   PAD
    0x08001828   0x08001828   0x0000003c   Code   RO         1087    i.HAL_PCD_MspInit   usbd_conf.o
    0x08001864   0x08001864   0x00000026   Code   RO         1088    i.HAL_PCD_ResetCallback  usbd_conf.o
    0x0800188a   0x0800188a   0x00000008   Code   RO         1089    i.HAL_PCD_ResumeCallback  usbd_conf.o
    0x08001892   0x08001892   0x00000008   Code   RO         1090    i.HAL_PCD_SOFCallback  usbd_conf.o
    0x0800189a   0x0800189a   0x00000026   Code   RO         1357    i.HAL_PCD_SetAddress  stm32f1xx_hal_pcd.o
    0x080018c0   0x080018c0   0x0000000e   Code   RO         1091    i.HAL_PCD_SetupStageCallback  usbd_conf.o
    0x080018ce   0x080018ce   0x00000032   Code   RO         1359    i.HAL_PCD_Start     stm32f1xx_hal_pcd.o
    0x08001900   0x08001900   0x00000024   Code   RO         1092    i.HAL_PCD_SuspendCallback  usbd_conf.o
    0x08001924   0x08001924   0x000000ec   Code   RO         2071    i.HAL_RCCEx_PeriphCLKConfig  stm32f1xx_hal_rcc_ex.o
    0x08001a10   0x08001a10   0x0000012c   Code   RO         1967    i.HAL_RCC_ClockConfig  stm32f1xx_hal_rcc.o
    0x08001b3c   0x08001b3c   0x00000020   Code   RO         1974    i.HAL_RCC_GetPCLK1Freq  stm32f1xx_hal_rcc.o
    0x08001b5c   0x08001b5c   0x00000020   Code   RO         1975    i.HAL_RCC_GetPCLK2Freq  stm32f1xx_hal_rcc.o
    0x08001b7c   0x08001b7c   0x0000004c   Code   RO         1976    i.HAL_RCC_GetSysClockFreq  stm32f1xx_hal_rcc.o
    0x08001bc8   0x08001bc8   0x00000320   Code   RO         1979    i.HAL_RCC_OscConfig  stm32f1xx_hal_rcc.o
    0x08001ee8   0x08001ee8   0x000000b2   Code   RO         3290    i.HAL_SPI_Init      stm32f1xx_hal_spi.o
    0x08001f9a   0x08001f9a   0x00000002   PAD
    0x08001f9c   0x08001f9c   0x00000074   Code   RO          638    i.HAL_SPI_MspInit   spi.o
    0x08002010   0x08002010   0x00000028   Code   RO         2280    i.HAL_SYSTICK_Config  stm32f1xx_hal_cortex.o
    0x08002038   0x08002038   0x00000054   Code   RO         4310    i.HAL_TIMEx_ConfigBreakDeadTime  stm32f1xx_hal_tim_ex.o
    0x0800208c   0x0800208c   0x00000068   Code   RO         4326    i.HAL_TIMEx_MasterConfigSynchronization  stm32f1xx_hal_tim_ex.o
    0x080020f4   0x080020f4   0x0000005a   Code   RO         3603    i.HAL_TIM_Base_Init  stm32f1xx_hal_tim.o
    0x0800214e   0x0800214e   0x00000002   PAD
    0x08002150   0x08002150   0x00000028   Code   RO          680    i.HAL_TIM_Base_MspInit  tim.o
    0x08002178   0x08002178   0x000000dc   Code   RO         3612    i.HAL_TIM_ConfigClockSource  stm32f1xx_hal_tim.o
    0x08002254   0x08002254   0x0000004c   Code   RO          681    i.HAL_TIM_MspPostInit  tim.o
    0x080022a0   0x080022a0   0x000000cc   Code   RO         3675    i.HAL_TIM_PWM_ConfigChannel  stm32f1xx_hal_tim.o
    0x0800236c   0x0800236c   0x0000005a   Code   RO         3678    i.HAL_TIM_PWM_Init  stm32f1xx_hal_tim.o
    0x080023c6   0x080023c6   0x00000002   PAD
    0x080023c8   0x080023c8   0x00000028   Code   RO          683    i.HAL_TIM_PWM_MspInit  tim.o
    0x080023f0   0x080023f0   0x0000009c   Code   RO         3683    i.HAL_TIM_PWM_Start  stm32f1xx_hal_tim.o
    0x0800248c   0x0800248c   0x00000064   Code   RO         4604    i.HAL_UART_Init     stm32f1xx_hal_uart.o
    0x080024f0   0x080024f0   0x00000080   Code   RO          746    i.HAL_UART_MspInit  usart.o
    0x08002570   0x08002570   0x00000002   Code   RO          789    i.HardFault_Handler  stm32f1xx_it.o
    0x08002572   0x08002572   0x00000002   PAD
    0x08002574   0x08002574   0x00000038   Code   RO          941    i.IntToUnicode      usbd_desc.o
    0x080025ac   0x080025ac   0x00000050   Code   RO          555    i.MX_ADC1_Init      adc.o
    0x080025fc   0x080025fc   0x0000003c   Code   RO          597    i.MX_CAN_Init       can.o
    0x08002638   0x08002638   0x0000009c   Code   RO          529    i.MX_GPIO_Init      gpio.o
    0x080026d4   0x080026d4   0x00000044   Code   RO          639    i.MX_SPI2_Init      spi.o
    0x08002718   0x08002718   0x000000b0   Code   RO          684    i.MX_TIM1_Init      tim.o
    0x080027c8   0x080027c8   0x00000064   Code   RO          685    i.MX_TIM4_Init      tim.o
    0x0800282c   0x0800282c   0x00000038   Code   RO          747    i.MX_USART1_UART_Init  usart.o
    0x08002864   0x08002864   0x00000054   Code   RO          893    i.MX_USB_DEVICE_Init  usb_device.o
    0x080028b8   0x080028b8   0x00000002   Code   RO          790    i.MemManage_Handler  stm32f1xx_it.o
    0x080028ba   0x080028ba   0x00000002   Code   RO          791    i.NMI_Handler       stm32f1xx_it.o
    0x080028bc   0x080028bc   0x000003a6   Code   RO         1363    i.PCD_EP_ISR_Handler  stm32f1xx_hal_pcd.o
    0x08002c62   0x08002c62   0x00000002   Code   RO          792    i.PendSV_Handler    stm32f1xx_it.o
    0x08002c64   0x08002c64   0x0000006c   Code   RO          285    i.RemoteInput_Init  remote_input.o
    0x08002cd0   0x08002cd0   0x00000068   Code   RO          286    i.RemoteInput_Poll  remote_input.o
    0x08002d38   0x08002d38   0x00000034   Code   RO          287    i.RemoteInput_ReadPins  remote_input.o
    0x08002d6c   0x08002d6c   0x00000030   Code   RO          288    i.RemoteInput_UpdateWatch  remote_input.o
    0x08002d9c   0x08002d9c   0x00000002   Code   RO          793    i.SVC_Handler       stm32f1xx_it.o
    0x08002d9e   0x08002d9e   0x00000004   Code   RO          794    i.SysTick_Handler   stm32f1xx_it.o
    0x08002da2   0x08002da2   0x0000007c   Code   RO          444    i.SystemClock_Config  main.o
    0x08002e1e   0x08002e1e   0x00000002   Code   RO         4938    i.SystemInit        system_stm32f1xx.o
    0x08002e20   0x08002e20   0x00000078   Code   RO         3696    i.TIM_Base_SetConfig  stm32f1xx_hal_tim.o
    0x08002e98   0x08002e98   0x0000001a   Code   RO         3697    i.TIM_CCxChannelCmd  stm32f1xx_hal_tim.o
    0x08002eb2   0x08002eb2   0x00000014   Code   RO         3707    i.TIM_ETR_SetConfig  stm32f1xx_hal_tim.o
    0x08002ec6   0x08002ec6   0x00000010   Code   RO         3708    i.TIM_ITRx_SetConfig  stm32f1xx_hal_tim.o
    0x08002ed6   0x08002ed6   0x00000002   PAD
    0x08002ed8   0x08002ed8   0x00000050   Code   RO         3709    i.TIM_OC1_SetConfig  stm32f1xx_hal_tim.o
    0x08002f28   0x08002f28   0x00000058   Code   RO         3710    i.TIM_OC2_SetConfig  stm32f1xx_hal_tim.o
    0x08002f80   0x08002f80   0x00000058   Code   RO         3711    i.TIM_OC3_SetConfig  stm32f1xx_hal_tim.o
    0x08002fd8   0x08002fd8   0x00000044   Code   RO         3712    i.TIM_OC4_SetConfig  stm32f1xx_hal_tim.o
    0x0800301c   0x0800301c   0x00000022   Code   RO         3714    i.TIM_TI1_ConfigInputStage  stm32f1xx_hal_tim.o
    0x0800303e   0x0800303e   0x00000024   Code   RO         3716    i.TIM_TI2_ConfigInputStage  stm32f1xx_hal_tim.o
    0x08003062   0x08003062   0x00000002   PAD
    0x08003064   0x08003064   0x000000b8   Code   RO         4630    i.UART_SetConfig    stm32f1xx_hal_uart.o
    0x0800311c   0x0800311c   0x00000046   Code   RO         5238    i.USBD_CDC_DataIn   usbd_cdc.o
    0x08003162   0x08003162   0x0000002e   Code   RO         5239    i.USBD_CDC_DataOut  usbd_cdc.o
    0x08003190   0x08003190   0x00000044   Code   RO         5240    i.USBD_CDC_DeInit   usbd_cdc.o
    0x080031d4   0x080031d4   0x00000024   Code   RO         5241    i.USBD_CDC_EP0_RxReady  usbd_cdc.o
    0x080031f8   0x080031f8   0x0000000c   Code   RO         5242    i.USBD_CDC_GetDeviceQualifierDescriptor  usbd_cdc.o
    0x08003204   0x08003204   0x0000000c   Code   RO         5243    i.USBD_CDC_GetFSCfgDesc  usbd_cdc.o
    0x08003210   0x08003210   0x0000000c   Code   RO         5244    i.USBD_CDC_GetHSCfgDesc  usbd_cdc.o
    0x0800321c   0x0800321c   0x0000000c   Code   RO         5245    i.USBD_CDC_GetOtherSpeedCfgDesc  usbd_cdc.o
    0x08003228   0x08003228   0x00000094   Code   RO         5246    i.USBD_CDC_Init     usbd_cdc.o
    0x080032bc   0x080032bc   0x00000028   Code   RO         5247    i.USBD_CDC_ReceivePacket  usbd_cdc.o
    0x080032e4   0x080032e4   0x00000010   Code   RO         5248    i.USBD_CDC_RegisterInterface  usbd_cdc.o
    0x080032f4   0x080032f4   0x0000000c   Code   RO         5249    i.USBD_CDC_SetRxBuffer  usbd_cdc.o
    0x08003300   0x08003300   0x00000010   Code   RO         5250    i.USBD_CDC_SetTxBuffer  usbd_cdc.o
    0x08003310   0x08003310   0x000000ac   Code   RO         5251    i.USBD_CDC_Setup    usbd_cdc.o
    0x080033bc   0x080033bc   0x0000000e   Code   RO         4975    i.USBD_ClrClassConfig  usbd_core.o
    0x080033ca   0x080033ca   0x00000010   Code   RO         5178    i.USBD_CtlContinueRx  usbd_ioreq.o
    0x080033da   0x080033da   0x00000010   Code   RO         5179    i.USBD_CtlContinueSendData  usbd_ioreq.o
    0x080033ea   0x080033ea   0x00000016   Code   RO         5113    i.USBD_CtlError     usbd_ctlreq.o
    0x08003400   0x08003400   0x0000001e   Code   RO         5180    i.USBD_CtlPrepareRx  usbd_ioreq.o
    0x0800341e   0x0800341e   0x00000016   Code   RO         5181    i.USBD_CtlReceiveStatus  usbd_ioreq.o
    0x08003434   0x08003434   0x0000001a   Code   RO         5182    i.USBD_CtlSendData  usbd_ioreq.o
    0x0800344e   0x0800344e   0x00000016   Code   RO         5183    i.USBD_CtlSendStatus  usbd_ioreq.o
    0x08003464   0x08003464   0x00000020   Code   RO          942    i.USBD_FS_ConfigStrDescriptor  usbd_desc.o
    0x08003484   0x08003484   0x0000000c   Code   RO          943    i.USBD_FS_DeviceDescriptor  usbd_desc.o
    0x08003490   0x08003490   0x00000024   Code   RO          944    i.USBD_FS_InterfaceStrDescriptor  usbd_desc.o
    0x080034b4   0x080034b4   0x0000000c   Code   RO          945    i.USBD_FS_LangIDStrDescriptor  usbd_desc.o
    0x080034c0   0x080034c0   0x00000028   Code   RO          946    i.USBD_FS_ManufacturerStrDescriptor  usbd_desc.o
    0x080034e8   0x080034e8   0x0000002c   Code   RO          947    i.USBD_FS_ProductStrDescriptor  usbd_desc.o
    0x08003514   0x08003514   0x00000038   Code   RO          948    i.USBD_FS_SerialStrDescriptor  usbd_desc.o
    0x0800354c   0x0800354c   0x000000e8   Code   RO         5114    i.USBD_GetDescriptor  usbd_ctlreq.o
    0x08003634   0x08003634   0x00000048   Code   RO         5115    i.USBD_GetString    usbd_ctlreq.o
    0x0800367c   0x0800367c   0x00000018   Code   RO         1093    i.USBD_Get_USB_Status  usbd_conf.o
    0x08003694   0x08003694   0x0000002a   Code   RO         4977    i.USBD_Init         usbd_core.o
    0x080036be   0x080036be   0x00000012   Code   RO         1094    i.USBD_LL_ClearStallEP  usbd_conf.o
    0x080036d0   0x080036d0   0x00000012   Code   RO         1095    i.USBD_LL_CloseEP   usbd_conf.o
    0x080036e2   0x080036e2   0x000000c6   Code   RO         4978    i.USBD_LL_DataInStage  usbd_core.o
    0x080037a8   0x080037a8   0x00000082   Code   RO         4979    i.USBD_LL_DataOutStage  usbd_core.o
    0x0800382a   0x0800382a   0x00000008   Code   RO         1099    i.USBD_LL_GetRxDataSize  usbd_conf.o
    0x08003832   0x08003832   0x00000002   PAD
    0x08003834   0x08003834   0x00000080   Code   RO         1100    i.USBD_LL_Init      usbd_conf.o
    0x080038b4   0x080038b4   0x0000001e   Code   RO         1101    i.USBD_LL_IsStallEP  usbd_conf.o
    0x080038d2   0x080038d2   0x00000018   Code   RO         1102    i.USBD_LL_OpenEP    usbd_conf.o
    0x080038ea   0x080038ea   0x00000012   Code   RO         1103    i.USBD_LL_PrepareReceive  usbd_conf.o
    0x080038fc   0x080038fc   0x00000050   Code   RO         4984    i.USBD_LL_Reset     usbd_core.o
    0x0800394c   0x0800394c   0x00000014   Code   RO         4985    i.USBD_LL_Resume    usbd_core.o
    0x08003960   0x08003960   0x00000018   Code   RO         4986    i.USBD_LL_SOF       usbd_core.o
    0x08003978   0x08003978   0x00000006   Code   RO         4987    i.USBD_LL_SetSpeed  usbd_core.o
    0x0800397e   0x0800397e   0x00000012   Code   RO         1104    i.USBD_LL_SetUSBAddress  usbd_conf.o
    0x08003990   0x08003990   0x0000005a   Code   RO         4988    i.USBD_LL_SetupStage  usbd_core.o
    0x080039ea   0x080039ea   0x00000012   Code   RO         1105    i.USBD_LL_StallEP   usbd_conf.o
    0x080039fc   0x080039fc   0x00000012   Code   RO         1106    i.USBD_LL_Start     usbd_conf.o
    0x08003a0e   0x08003a0e   0x00000012   Code   RO         4989    i.USBD_LL_Suspend   usbd_core.o
    0x08003a20   0x08003a20   0x00000012   Code   RO         1108    i.USBD_LL_Transmit  usbd_conf.o
    0x08003a32   0x08003a32   0x00000028   Code   RO         5116    i.USBD_ParseSetupRequest  usbd_ctlreq.o
    0x08003a5a   0x08003a5a   0x00000010   Code   RO         4990    i.USBD_RegisterClass  usbd_core.o
    0x08003a6a   0x08003a6a   0x00000016   Code   RO         4992    i.USBD_SetClassConfig  usbd_core.o
    0x08003a80   0x08003a80   0x00000084   Code   RO         5117    i.USBD_SetConfig    usbd_ctlreq.o
    0x08003b04   0x08003b04   0x0000000a   Code   RO         4993    i.USBD_Start        usbd_core.o
    0x08003b0e   0x08003b0e   0x00000112   Code   RO         5118    i.USBD_StdDevReq    usbd_ctlreq.o
    0x08003c20   0x08003c20   0x00000150   Code   RO         5119    i.USBD_StdEPReq     usbd_ctlreq.o
    0x08003d70   0x08003d70   0x0000004e   Code   RO         5120    i.USBD_StdItfReq    usbd_ctlreq.o
    0x08003dbe   0x08003dbe   0x00000002   Code   RO         1109    i.USBD_static_free  usbd_conf.o
    0x08003dc0   0x08003dc0   0x00000008   Code   RO         1110    i.USBD_static_malloc  usbd_conf.o
    0x08003dc8   0x08003dc8   0x0000029c   Code   RO         1606    i.USB_ActivateEndpoint  stm32f1xx_ll_usb.o
    0x08004064   0x08004064   0x00000004   Code   RO         1609    i.USB_CoreInit      stm32f1xx_ll_usb.o
    0x08004068   0x08004068   0x0000010e   Code   RO         1611    i.USB_DeactivateEndpoint  stm32f1xx_ll_usb.o
    0x08004176   0x08004176   0x00000004   Code   RO         1612    i.USB_DevConnect    stm32f1xx_ll_usb.o
    0x0800417a   0x0800417a   0x00000004   Code   RO         1613    i.USB_DevDisconnect  stm32f1xx_ll_usb.o
    0x0800417e   0x0800417e   0x00000012   Code   RO         1614    i.USB_DevInit       stm32f1xx_ll_usb.o
    0x08004190   0x08004190   0x0000000e   Code   RO         1615    i.USB_DisableGlobalInt  stm32f1xx_ll_usb.o
    0x0800419e   0x0800419e   0x00000004   Code   RO         1616    i.USB_EP0_OutStart  stm32f1xx_ll_usb.o
    0x080041a2   0x080041a2   0x00000078   Code   RO         1617    i.USB_EPClearStall  stm32f1xx_ll_usb.o
    0x0800421a   0x0800421a   0x00000032   Code   RO         1618    i.USB_EPSetStall    stm32f1xx_ll_usb.o
    0x0800424c   0x0800424c   0x000004e2   Code   RO         1619    i.USB_EPStartXfer   stm32f1xx_ll_usb.o
    0x0800472e   0x0800472e   0x00000012   Code   RO         1621    i.USB_EnableGlobalInt  stm32f1xx_ll_usb.o
    0x08004740   0x08004740   0x0000001c   Code   RO          795    i.USB_LP_CAN1_RX0_IRQHandler  stm32f1xx_it.o
    0x0800475c   0x0800475c   0x00000006   Code   RO         1628    i.USB_ReadInterrupts  stm32f1xx_ll_usb.o
    0x08004762   0x08004762   0x00000002   PAD
    0x08004764   0x08004764   0x0000002c   Code   RO         1629    i.USB_ReadPMA       stm32f1xx_ll_usb.o
    0x08004790   0x08004790   0x00000004   Code   RO         1630    i.USB_SetCurrentMode  stm32f1xx_ll_usb.o
    0x08004794   0x08004794   0x0000000c   Code   RO         1631    i.USB_SetDevAddress  stm32f1xx_ll_usb.o
    0x080047a0   0x080047a0   0x00000026   Code   RO         1633    i.USB_WritePMA      stm32f1xx_ll_usb.o
    0x080047c6   0x080047c6   0x00000002   Code   RO          796    i.UsageFault_Handler  stm32f1xx_it.o
    0x080047c8   0x080047c8   0x00000030   Code   RO           14    i.WS2812_BSR_AbortDma  ws2812_bsr_dma.o
    0x080047f8   0x080047f8   0x00000034   Code   RO           15    i.WS2812_BSR_ApplyTiming  ws2812_bsr_dma.o
    0x0800482c   0x0800482c   0x00000024   Code   RO           16    i.WS2812_BSR_CleanupCompletedDma  ws2812_bsr_dma.o
    0x08004850   0x08004850   0x0000000a   Code   RO           17    i.WS2812_BSR_Clear  ws2812_bsr_dma.o
    0x0800485a   0x0800485a   0x0000005e   Code   RO           18    i.WS2812_BSR_DemoColorWheel  ws2812_bsr_dma.o
    0x080048b8   0x080048b8   0x00000030   Code   RO           19    i.WS2812_BSR_DmaCompleteCallback  ws2812_bsr_dma.o
    0x080048e8   0x080048e8   0x0000001c   Code   RO           20    i.WS2812_BSR_DmaErrorCallback  ws2812_bsr_dma.o
    0x08004904   0x08004904   0x00000068   Code   RO           21    i.WS2812_BSR_DmaTransferError  ws2812_bsr_dma.o
    0x0800496c   0x0800496c   0x00000044   Code   RO           22    i.WS2812_BSR_EncodeByte  ws2812_bsr_dma.o
    0x080049b0   0x080049b0   0x0000006c   Code   RO           23    i.WS2812_BSR_EncodeFrame  ws2812_bsr_dma.o
    0x08004a1c   0x08004a1c   0x0000001e   Code   RO           24    i.WS2812_BSR_FillAll  ws2812_bsr_dma.o
    0x08004a3a   0x08004a3a   0x00000002   PAD
    0x08004a3c   0x08004a3c   0x0000002c   Code   RO           25    i.WS2812_BSR_FillLane  ws2812_bsr_dma.o
    0x08004a68   0x08004a68   0x000000dc   Code   RO           26    i.WS2812_BSR_Init   ws2812_bsr_dma.o
    0x08004b44   0x08004b44   0x0000002a   Code   RO           27    i.WS2812_BSR_InitDmaHandle  ws2812_bsr_dma.o
    0x08004b6e   0x08004b6e   0x00000002   PAD
    0x08004b70   0x08004b70   0x00000010   Code   RO           28    i.WS2812_BSR_IsBusy  ws2812_bsr_dma.o
    0x08004b80   0x08004b80   0x00000020   Code   RO           29    i.WS2812_BSR_MarkDmaDone  ws2812_bsr_dma.o
    0x08004ba0   0x08004ba0   0x000000e0   Code   RO           30    i.WS2812_BSR_Poll   ws2812_bsr_dma.o
    0x08004c80   0x08004c80   0x00000080   Code   RO           31    i.WS2812_BSR_ReleaseDmaHandle  ws2812_bsr_dma.o
    0x08004d00   0x08004d00   0x00000028   Code   RO           32    i.WS2812_BSR_SetPixel  ws2812_bsr_dma.o
    0x08004d28   0x08004d28   0x000000c0   Code   RO           33    i.WS2812_BSR_Show   ws2812_bsr_dma.o
    0x08004de8   0x08004de8   0x00000038   Code   RO           34    i.WS2812_BSR_StopTimerDma  ws2812_bsr_dma.o
    0x08004e20   0x08004e20   0x000000b0   Code   RO           35    i.WS2812_BSR_TestPatternStep  ws2812_bsr_dma.o
    0x08004ed0   0x08004ed0   0x00000040   Code   RO          356    i.WhitePwm_ApplyChannel  white_pwm.o
    0x08004f10   0x08004f10   0x0000002e   Code   RO          357    i.WhitePwm_Approach  white_pwm.o
    0x08004f3e   0x08004f3e   0x00000002   PAD
    0x08004f40   0x08004f40   0x00000040   Code   RO          360    i.WhitePwm_Init     white_pwm.o
    0x08004f80   0x08004f80   0x00000048   Code   RO          362    i.WhitePwm_Poll     white_pwm.o
    0x08004fc8   0x08004fc8   0x00000018   Code   RO          366    i.WhitePwm_UpdateWatch  white_pwm.o
    0x08004fe0   0x08004fe0   0x00000020   Code   RO         2282    i.__NVIC_SetPriority  stm32f1xx_hal_cortex.o
    0x08005000   0x08005000   0x00000054   Code   RO          445    i.main              main.o
    0x08005054   0x08005054   0x00000010   Data   RO           38    .constdata          ws2812_bsr_dma.o
    0x08005064   0x08005064   0x00000020   Data   RO          290    .constdata          remote_input.o
    0x08005084   0x08005084   0x00000012   Data   RO         1980    .constdata          stm32f1xx_hal_rcc.o
    0x08005096   0x08005096   0x00000010   Data   RO         4939    .constdata          system_stm32f1xx.o
    0x080050a6   0x080050a6   0x00000008   Data   RO         4940    .constdata          system_stm32f1xx.o
    0x080050ae   0x080050ae   0x00000002   PAD
    0x080050b0   0x080050b0   0x00000020   Data   RO         5506    Region$$Table       anon$$obj.o


    Execution Region RW_IRAM1 (Exec base: 0x20000000, Load base: 0x080050d0, Size: 0x00004970, Max: 0x00005000, ABSOLUTE, COMPRESSED[0x000000c4])

    Exec Addr    Load Addr    Size         Type   Attr      Idx    E Section Name        Object

    0x20000000   COMPRESSED   0x0000003c   Data   RW           39    .data               ws2812_bsr_dma.o
    0x2000003c   COMPRESSED   0x0000000c   Data   RW          291    .data               remote_input.o
    0x20000048   COMPRESSED   0x00000014   Data   RW          367    .data               white_pwm.o
    0x2000005c   COMPRESSED   0x0000001c   Data   RW          950    .data               usbd_desc.o
    0x20000078   COMPRESSED   0x00000032   Data   RW          951    .data               usbd_desc.o
    0x200000aa   COMPRESSED   0x00000002   PAD
    0x200000ac   COMPRESSED   0x00000010   Data   RW         1033    .data               usbd_cdc_if.o
    0x200000bc   COMPRESSED   0x0000000c   Data   RW         1817    .data               stm32f1xx_hal.o
    0x200000c8   COMPRESSED   0x00000004   Data   RW         4941    .data               system_stm32f1xx.o
    0x200000cc   COMPRESSED   0x00000001   Data   RW         5121    .data               usbd_ctlreq.o
    0x200000cd   COMPRESSED   0x00000003   PAD
    0x200000d0   COMPRESSED   0x000000d7   Data   RW         5253    .data               usbd_cdc.o
    0x200001a7   COMPRESSED   0x00000001   PAD
    0x200001a8   COMPRESSED   0x00000038   Data   RW         5254    .data               usbd_cdc.o
    0x200001e0        -       0x00002dcc   Zero   RW           37    .bss                ws2812_bsr_dma.o
    0x20002fac        -       0x00000020   Zero   RW          289    .bss                remote_input.o
    0x20002fcc        -       0x00000030   Zero   RW          556    .bss                adc.o
    0x20002ffc        -       0x00000028   Zero   RW          598    .bss                can.o
    0x20003024        -       0x00000058   Zero   RW          640    .bss                spi.o
    0x2000307c        -       0x00000090   Zero   RW          686    .bss                tim.o
    0x2000310c        -       0x00000048   Zero   RW          748    .bss                usart.o
    0x20003154        -       0x000002c4   Zero   RW          894    .bss                usb_device.o
    0x20003418        -       0x00000200   Zero   RW          949    .bss                usbd_desc.o
    0x20003618        -       0x00000800   Zero   RW         1032    .bss                usbd_cdc_if.o
    0x20003e18        -       0x000004f8   Zero   RW         1111    .bss                usbd_conf.o
    0x20004310        -       0x00000060   Zero   RW         5378    .bss                c_w.l(libspace.o)
    0x20004370        -       0x00000200   Zero   RW            2    HEAP                startup_stm32f103xb.o
    0x20004570        -       0x00000400   Zero   RW            1    STACK               startup_stm32f103xb.o


==============================================================================

Image component sizes


      Code (inc. data)   RO Data    RW Data    ZI Data      Debug   Object Name

       168         22          0          0         48       1617   adc.o
       208         26          0          0         40       1667   can.o
       156         14          0          0          0        923   gpio.o
       212          0          0          0          0       6648   main.o
       312         38         32         12         32       3673   remote_input.o
       184         22          0          0         88       1625   spi.o
        64         26        236          0       1536        804   startup_stm32f103xb.o
       164         28          0         12          0       5857   stm32f1xx_hal.o
       622         24          0          0          0       3276   stm32f1xx_hal_adc.o
       816          0          0          0          0       9603   stm32f1xx_hal_can.o
       258         14          0          0          0      30224   stm32f1xx_hal_cortex.o
       666         32          0          0          0       4411   stm32f1xx_hal_dma.o
       500         34          0          0          0       3487   stm32f1xx_hal_gpio.o
        60          8          0          0          0        862   stm32f1xx_hal_msp.o
      3044          0          0          0          0      14161   stm32f1xx_hal_pcd.o
        60          0          0          0          0       1162   stm32f1xx_hal_pcd_ex.o
      1240         84         18          0          0       5076   stm32f1xx_hal_rcc.o
       236         12          0          0          0       1372   stm32f1xx_hal_rcc_ex.o
       178          0          0          0          0       1147   stm32f1xx_hal_spi.o
      1336         44          0          0          0      11742   stm32f1xx_hal_tim.o
       188         12          0          0          0       2124   stm32f1xx_hal_tim_ex.o
       284          6          0          0          0       1912   stm32f1xx_hal_uart.o
        48         10          0          0          0       4307   stm32f1xx_it.o
      2528          0          0          0          0      16011   stm32f1xx_ll_usb.o
         2          0         24          4          0       1095   system_stm32f1xx.o
       432         50          0          0        144       3419   tim.o
       184         24          0          0         72       1694   usart.o
        84         18          0          0        708       2523   usb_device.o
       672         16          0        271          0      12200   usbd_cdc.o
        68         16          0         16       2048       2574   usbd_cdc_if.o
       554         30          0          0       1272      14057   usbd_conf.o
       670          0          0          0          0       9375   usbd_core.o
      1186         28          0          1          0       7868   usbd_ctlreq.o
       288        104          0         78        512       5865   usbd_desc.o
       132          0          0          0          0       4280   usbd_ioreq.o
       270         26          0         20          0       3843   white_pwm.o
      1808        150         16         60      11724     487338   ws2812_bsr_dma.o

    ----------------------------------------------------------------------
     19908        918        360        480      18224     689822   Object Totals
         0          0         32          0          0          0   (incl. Generated)
        26          0          2          6          0          0   (incl. Padding)

    ----------------------------------------------------------------------

      Code (inc. data)   RO Data    RW Data    ZI Data      Debug   Library Member Name

        90          0          0          0          0          0   __dczerorl2.o
         8          0          0          0          0         68   __main.o
         0          0          0          0          0          0   __rtentry.o
        12          0          0          0          0          0   __rtentry2.o
         6          0          0          0          0          0   __rtentry4.o
        52          8          0          0          0          0   __scatter.o
        28          0          0          0          0          0   __scatter_zi.o
        18          0          0          0          0         80   exit.o
         6          0          0          0          0        152   heapauxi.o
         0          0          0          0          0          0   indicate_semi.o
         2          0          0          0          0          0   libinit.o
         2          0          0          0          0          0   libinit2.o
         2          0          0          0          0          0   libshutdown.o
         2          0          0          0          0          0   libshutdown2.o
         8          4          0          0         96         68   libspace.o
        78          0          0          0          0         80   rt_memclr_w.o
         2          0          0          0          0          0   rtexit.o
        10          0          0          0          0          0   rtexit2.o
        12          4          0          0          0         68   sys_exit.o
        74          0          0          0          0         80   sys_stackheap_outer.o
         2          0          0          0          0         68   use_no_semi.o

    ----------------------------------------------------------------------
       420         16          0          0         96        664   Library Totals
         6          0          0          0          0          0   (incl. Padding)

    ----------------------------------------------------------------------

      Code (inc. data)   RO Data    RW Data    ZI Data      Debug   Library Name

       414         16          0          0         96        664   c_w.l

    ----------------------------------------------------------------------
       420         16          0          0         96        664   Library Totals

    ----------------------------------------------------------------------

==============================================================================


      Code (inc. data)   RO Data    RW Data    ZI Data      Debug   

     20328        934        360        480      18320     678418   Grand Totals
     20328        934        360        196      18320     678418   ELF Image Totals (compressed)
     20328        934        360        196          0          0   ROM Totals

==============================================================================

    Total RO  Size (Code + RO Data)                20688 (  20.20kB)
    Total RW  Size (RW Data + ZI Data)             18800 (  18.36kB)
    Total ROM Size (Code + RO Data + RW Data)      20884 (  20.39kB)

==============================================================================

