<html>
<body>
<pre>
<h1>µVision Build Log</h1>
<h2>Tool Versions:</h2>
IDE-Version: ¦ÌVision V5.43.1.0
Copyright (C) 2025 ARM Ltd and ARM Germany GmbH. All rights reserved.
License Information: yi tian guo, shanghaitech, LIC=UJWP0-B9Q39-457T5-GWN4N-2TW5W-WC32Z
 
Tool Versions:
Toolchain:       MDK-ARM Plus  Version: 5.43.0.0
Toolchain Path:  C:\Keil_v5\ARM\ARMCC\Bin
C Compiler:      Armcc.exe V5.06 update 7 (build 960)
Assembler:       Armasm.exe V5.06 update 7 (build 960)
Linker/Locator:  ArmLink.exe V5.06 update 7 (build 960)
Library Manager: ArmAr.exe V5.06 update 7 (build 960)
Hex Converter:   FromElf.exe V5.06 update 7 (build 960)
CPU DLL:         SARMCM3.DLL V5.43.0.0
Dialog DLL:      DCM.DLL V1.17.5.0
Target DLL:      CMSIS_AGDI.dll V1.33.24.0
Dialog DLL:      TCM.DLL V1.56.6.0
 
<h2>Project:</h2>
C:\Users\RMER_guotie\Desktop\graduation\pixel\MDK-ARM\PIXEL_LIGHT.uvprojx
Project File Date:  06/30/2026

<h2>Output:</h2>
*** Using Compiler 'V5.06 update 7 (build 960)', folder: 'C:\Keil_v5\ARM\ARMCC\Bin'
Build target 'pixel_light'
assembling startup_stm32f103xb.s...
compiling can.c...
compiling gpio.c...
compiling ws2812_bsr_dma.c...
../Core/Inc/ws2812_bsr_dma.h(37): warning:  #1-D: last line of file ends without a newline
  #endif /* WS2812_BSR_DMA_H */
../Core/Src/ws2812_bsr_dma.c(559): warning:  #1-D: last line of file ends without a newline
  }
../Core/Src/ws2812_bsr_dma.c: 2 warnings, 0 errors
compiling usb_device.c...
compiling tim.c...
compiling main.c...
../Core/Inc/ws2812_bsr_dma.h(37): warning:  #1-D: last line of file ends without a newline
  #endif /* WS2812_BSR_DMA_H */
../Core/Inc/remote_input.h(32): warning:  #1-D: last line of file ends without a newline
  #endif /* REMOTE_INPUT_H */
../Core/Src/main.c: 2 warnings, 0 errors
compiling remote_input.c...
../Core/Inc/remote_input.h(32): warning:  #1-D: last line of file ends without a newline
  #endif /* REMOTE_INPUT_H */
../Core/Inc/app_config.h(10): warning:  #1-D: last line of file ends without a newline
  #endif /* APP_CONFIG_H */
../Core/Src/remote_input.c(173): warning:  #1-D: last line of file ends without a newline
  }
../Core/Src/remote_input.c: 3 warnings, 0 errors
compiling stm32f1xx_it.c...
compiling adc.c...
compiling usbd_desc.c...
compiling usart.c...
compiling stm32f1xx_hal_msp.c...
compiling spi.c...
compiling usbd_cdc_if.c...
compiling usbd_conf.c...
compiling usbd_ioreq.c...
compiling usbd_core.c...
compiling usbd_cdc.c...
compiling usbd_ctlreq.c...
linking...
Program Size: Code=19860 RO-data=360 RW-data=460 ZI-data=18324  
FromELF: creating hex file...
"PIXEL_LIGHT\PIXEL_LIGHT.axf" - 0 Error(s), 7 Warning(s).

<h2>Software Packages used:</h2>

Package Vendor: ARM
                https://www.keil.com/pack/ARM.CMSIS.6.2.0.pack
                ARM::CMSIS@6.2.0
                CMSIS (Common Microcontroller Software Interface Standard)
   * Component: CORE Version: 6.1.1

Package Vendor: Keil
                http://www.keil.com/pack/Keil.STM32F1xx_DFP.2.4.0.pack
                Keil::STM32F1xx_DFP@2.4.0
                STMicroelectronics STM32F1 Series Device Support, Drivers and Examples

<h2>Collection of Component include folders:</h2>
  ./RTE/_pixel_light
  C:/Users/RMER_guotie/AppData/Local/Arm/Packs/ARM/CMSIS/6.2.0/CMSIS/Core/Include
  C:/Users/RMER_guotie/AppData/Local/Arm/Packs/Keil/STM32F1xx_DFP/2.4.0/Device/Include

<h2>Collection of Component Files used:</h2>

   * Component: ARM::CMSIS:CORE@6.1.1
      Include file:  CMSIS/Core/Include/tz_context.h
Build Time Elapsed:  00:00:07
</pre>
</body>
</html>
