Component: ARM Compiler 5.06 update 7 (build 960) Tool: armlink [4d3601]

==============================================================================

Section Cross References

    startup_stm32f103xb.o(STACK) refers (Special) to heapauxi.o(.text) for __use_two_region_memory
    startup_stm32f103xb.o(HEAP) refers (Special) to heapauxi.o(.text) for __use_two_region_memory
    startup_stm32f103xb.o(RESET) refers (Special) to heapauxi.o(.text) for __use_two_region_memory
    startup_stm32f103xb.o(RESET) refers to startup_stm32f103xb.o(STACK) for __initial_sp
    startup_stm32f103xb.o(RESET) refers to startup_stm32f103xb.o(.text) for Reset_Handler
    startup_stm32f103xb.o(RESET) refers to stm32f1xx_it.o(i.NMI_Handler) for NMI_Handler
    startup_stm32f103xb.o(RESET) refers to stm32f1xx_it.o(i.HardFault_Handler) for HardFault_Handler
    startup_stm32f103xb.o(RESET) refers to stm32f1xx_it.o(i.MemManage_Handler) for MemManage_Handler
    startup_stm32f103xb.o(RESET) refers to stm32f1xx_it.o(i.BusFault_Handler) for BusFault_Handler
    startup_stm32f103xb.o(RESET) refers to stm32f1xx_it.o(i.UsageFault_Handler) for UsageFault_Handler
    startup_stm32f103xb.o(RESET) refers to stm32f1xx_it.o(i.SVC_Handler) for SVC_Handler
    startup_stm32f103xb.o(RESET) refers to stm32f1xx_it.o(i.DebugMon_Handler) for DebugMon_Handler
    startup_stm32f103xb.o(RESET) refers to stm32f1xx_it.o(i.PendSV_Handler) for PendSV_Handler
    startup_stm32f103xb.o(RESET) refers to stm32f1xx_it.o(i.SysTick_Handler) for SysTick_Handler
    startup_stm32f103xb.o(RESET) refers to ws2812_bsr_dma.o(i.DMA1_Channel4_IRQHandler) for DMA1_Channel4_IRQHandler
    startup_stm32f103xb.o(RESET) refers to stm32f1xx_it.o(i.USB_LP_CAN1_RX0_IRQHandler) for USB_LP_CAN1_RX0_IRQHandler
    startup_stm32f103xb.o(.text) refers (Special) to heapauxi.o(.text) for __use_two_region_memory
    startup_stm32f103xb.o(.text) refers to system_stm32f1xx.o(i.SystemInit) for SystemInit
    startup_stm32f103xb.o(.text) refers to __main.o(!!!main) for __main
    startup_stm32f103xb.o(.text) refers to startup_stm32f103xb.o(HEAP) for Heap_Mem
    startup_stm32f103xb.o(.text) refers to startup_stm32f103xb.o(STACK) for Stack_Mem
    main.o(i.SystemClock_Config) refers to rt_memclr_w.o(.text) for __aeabi_memclr4
    main.o(i.SystemClock_Config) refers to stm32f1xx_hal_rcc.o(i.HAL_RCC_OscConfig) for HAL_RCC_OscConfig
    main.o(i.SystemClock_Config) refers to stm32f1xx_hal_rcc.o(i.HAL_RCC_ClockConfig) for HAL_RCC_ClockConfig
    main.o(i.SystemClock_Config) refers to stm32f1xx_hal_rcc_ex.o(i.HAL_RCCEx_PeriphCLKConfig) for HAL_RCCEx_PeriphCLKConfig
    main.o(i.main) refers to stm32f1xx_hal.o(i.HAL_Init) for HAL_Init
    main.o(i.main) refers to main.o(i.SystemClock_Config) for SystemClock_Config
    main.o(i.main) refers to gpio.o(i.MX_GPIO_Init) for MX_GPIO_Init
    main.o(i.main) refers to tim.o(i.MX_TIM1_Init) for MX_TIM1_Init
    main.o(i.main) refers to tim.o(i.MX_TIM4_Init) for MX_TIM4_Init
    main.o(i.main) refers to usart.o(i.MX_USART1_UART_Init) for MX_USART1_UART_Init
    main.o(i.main) refers to usb_device.o(i.MX_USB_DEVICE_Init) for MX_USB_DEVICE_Init
    main.o(i.main) refers to adc.o(i.MX_ADC1_Init) for MX_ADC1_Init
    main.o(i.main) refers to can.o(i.MX_CAN_Init) for MX_CAN_Init
    main.o(i.main) refers to spi.o(i.MX_SPI2_Init) for MX_SPI2_Init
    main.o(i.main) refers to ws2812_bsr_dma.o(i.WS2812_BSR_Init) for WS2812_BSR_Init
    main.o(i.main) refers to remote_input.o(i.RemoteInput_Init) for RemoteInput_Init
    main.o(i.main) refers to stm32f1xx_hal.o(i.HAL_GetTick) for HAL_GetTick
    main.o(i.main) refers to remote_input.o(i.RemoteInput_Poll) for RemoteInput_Poll
    main.o(i.main) refers to ws2812_bsr_dma.o(i.WS2812_BSR_TestPatternStep) for WS2812_BSR_TestPatternStep
    main.o(i.main) refers to stm32f1xx_hal.o(i.HAL_Delay) for HAL_Delay
    gpio.o(i.MX_GPIO_Init) refers to stm32f1xx_hal_gpio.o(i.HAL_GPIO_WritePin) for HAL_GPIO_WritePin
    gpio.o(i.MX_GPIO_Init) refers to stm32f1xx_hal_gpio.o(i.HAL_GPIO_Init) for HAL_GPIO_Init
    adc.o(i.HAL_ADC_MspDeInit) refers to stm32f1xx_hal_gpio.o(i.HAL_GPIO_DeInit) for HAL_GPIO_DeInit
    adc.o(i.HAL_ADC_MspInit) refers to stm32f1xx_hal_gpio.o(i.HAL_GPIO_Init) for HAL_GPIO_Init
    adc.o(i.MX_ADC1_Init) refers to stm32f1xx_hal_adc.o(i.HAL_ADC_Init) for HAL_ADC_Init
    adc.o(i.MX_ADC1_Init) refers to main.o(i.Error_Handler) for Error_Handler
    adc.o(i.MX_ADC1_Init) refers to stm32f1xx_hal_adc.o(i.HAL_ADC_ConfigChannel) for HAL_ADC_ConfigChannel
    adc.o(i.MX_ADC1_Init) refers to adc.o(.bss) for .bss
    can.o(i.HAL_CAN_MspDeInit) refers to stm32f1xx_hal_gpio.o(i.HAL_GPIO_DeInit) for HAL_GPIO_DeInit
    can.o(i.HAL_CAN_MspInit) refers to stm32f1xx_hal_gpio.o(i.HAL_GPIO_Init) for HAL_GPIO_Init
    can.o(i.HAL_CAN_MspInit) refers to stm32f1xx_hal_cortex.o(i.HAL_NVIC_SetPriority) for HAL_NVIC_SetPriority
    can.o(i.HAL_CAN_MspInit) refers to stm32f1xx_hal_cortex.o(i.HAL_NVIC_EnableIRQ) for HAL_NVIC_EnableIRQ
[...]
    i.USB_DevDisconnect                      0x080040c2   Section        0  stm32f1xx_ll_usb.o(i.USB_DevDisconnect)
    i.USB_DevInit                            0x080040c6   Section        0  stm32f1xx_ll_usb.o(i.USB_DevInit)
    i.USB_DisableGlobalInt                   0x080040d8   Section        0  stm32f1xx_ll_usb.o(i.USB_DisableGlobalInt)
    i.USB_EP0_OutStart                       0x080040e6   Section        0  stm32f1xx_ll_usb.o(i.USB_EP0_OutStart)
    i.USB_EPClearStall                       0x080040ea   Section        0  stm32f1xx_ll_usb.o(i.USB_EPClearStall)
    i.USB_EPSetStall                         0x08004162   Section        0  stm32f1xx_ll_usb.o(i.USB_EPSetStall)
    i.USB_EPStartXfer                        0x08004194   Section        0  stm32f1xx_ll_usb.o(i.USB_EPStartXfer)
    i.USB_EnableGlobalInt                    0x08004676   Section        0  stm32f1xx_ll_usb.o(i.USB_EnableGlobalInt)
    i.USB_LP_CAN1_RX0_IRQHandler             0x08004688   Section        0  stm32f1xx_it.o(i.USB_LP_CAN1_RX0_IRQHandler)
    i.USB_ReadInterrupts                     0x080046a4   Section        0  stm32f1xx_ll_usb.o(i.USB_ReadInterrupts)
    i.USB_ReadPMA                            0x080046ac   Section        0  stm32f1xx_ll_usb.o(i.USB_ReadPMA)
    i.USB_SetCurrentMode                     0x080046d8   Section        0  stm32f1xx_ll_usb.o(i.USB_SetCurrentMode)
    i.USB_SetDevAddress                      0x080046dc   Section        0  stm32f1xx_ll_usb.o(i.USB_SetDevAddress)
    i.USB_WritePMA                           0x080046e8   Section        0  stm32f1xx_ll_usb.o(i.USB_WritePMA)
    i.UsageFault_Handler                     0x0800470e   Section        0  stm32f1xx_it.o(i.UsageFault_Handler)
    i.WS2812_BSR_AbortDma                    0x08004710   Section        0  ws2812_bsr_dma.o(i.WS2812_BSR_AbortDma)
    WS2812_BSR_AbortDma                      0x08004711   Thumb Code    38  ws2812_bsr_dma.o(i.WS2812_BSR_AbortDma)
    i.WS2812_BSR_ApplyTiming                 0x08004740   Section        0  ws2812_bsr_dma.o(i.WS2812_BSR_ApplyTiming)
    WS2812_BSR_ApplyTiming                   0x08004741   Thumb Code    48  ws2812_bsr_dma.o(i.WS2812_BSR_ApplyTiming)
    i.WS2812_BSR_CleanupCompletedDma         0x08004774   Section        0  ws2812_bsr_dma.o(i.WS2812_BSR_CleanupCompletedDma)
    WS2812_BSR_CleanupCompletedDma           0x08004775   Thumb Code    32  ws2812_bsr_dma.o(i.WS2812_BSR_CleanupCompletedDma)
    i.WS2812_BSR_Clear                       0x08004798   Section        0  ws2812_bsr_dma.o(i.WS2812_BSR_Clear)
    i.WS2812_BSR_DemoColorWheel              0x080047a2   Section        0  ws2812_bsr_dma.o(i.WS2812_BSR_DemoColorWheel)
    WS2812_BSR_DemoColorWheel                0x080047a3   Thumb Code    94  ws2812_bsr_dma.o(i.WS2812_BSR_DemoColorWheel)
    i.WS2812_BSR_DmaCompleteCallback         0x08004800   Section        0  ws2812_bsr_dma.o(i.WS2812_BSR_DmaCompleteCallback)
    WS2812_BSR_DmaCompleteCallback           0x08004801   Thumb Code    38  ws2812_bsr_dma.o(i.WS2812_BSR_DmaCompleteCallback)
    i.WS2812_BSR_DmaErrorCallback            0x08004830   Section        0  ws2812_bsr_dma.o(i.WS2812_BSR_DmaErrorCallback)
    WS2812_BSR_DmaErrorCallback              0x08004831   Thumb Code    22  ws2812_bsr_dma.o(i.WS2812_BSR_DmaErrorCallback)
    i.WS2812_BSR_DmaTransferError            0x0800484c   Section        0  ws2812_bsr_dma.o(i.WS2812_BSR_DmaTransferError)
    WS2812_BSR_DmaTransferError              0x0800484d   Thumb Code   100  ws2812_bsr_dma.o(i.WS2812_BSR_DmaTransferError)
    i.WS2812_BSR_EncodeByte                  0x080048b4   Section        0  ws2812_bsr_dma.o(i.WS2812_BSR_EncodeByte)
    WS2812_BSR_EncodeByte                    0x080048b5   Thumb Code    64  ws2812_bsr_dma.o(i.WS2812_BSR_EncodeByte)
    i.WS2812_BSR_EncodeFrame                 0x080048f8   Section        0  ws2812_bsr_dma.o(i.WS2812_BSR_EncodeFrame)
    WS2812_BSR_EncodeFrame                   0x080048f9   Thumb Code   102  ws2812_bsr_dma.o(i.WS2812_BSR_EncodeFrame)
    i.WS2812_BSR_FillAll                     0x08004964   Section        0  ws2812_bsr_dma.o(i.WS2812_BSR_FillAll)
    i.WS2812_BSR_FillLane                    0x08004984   Section        0  ws2812_bsr_dma.o(i.WS2812_BSR_FillLane)
    i.WS2812_BSR_Init                        0x080049b0   Section        0  ws2812_bsr_dma.o(i.WS2812_BSR_Init)
    i.WS2812_BSR_InitDmaHandle               0x08004a8c   Section        0  ws2812_bsr_dma.o(i.WS2812_BSR_InitDmaHandle)
    WS2812_BSR_InitDmaHandle                 0x08004a8d   Thumb Code    42  ws2812_bsr_dma.o(i.WS2812_BSR_InitDmaHandle)
    i.WS2812_BSR_IsBusy                      0x08004ab8   Section        0  ws2812_bsr_dma.o(i.WS2812_BSR_IsBusy)
    i.WS2812_BSR_MarkDmaDone                 0x08004ac8   Section        0  ws2812_bsr_dma.o(i.WS2812_BSR_MarkDmaDone)
    WS2812_BSR_MarkDmaDone                   0x08004ac9   Thumb Code    24  ws2812_bsr_dma.o(i.WS2812_BSR_MarkDmaDone)
    i.WS2812_BSR_Poll                        0x08004ae8   Section        0  ws2812_bsr_dma.o(i.WS2812_BSR_Poll)
    i.WS2812_BSR_ReleaseDmaHandle            0x08004bc8   Section        0  ws2812_bsr_dma.o(i.WS2812_BSR_ReleaseDmaHandle)
    WS2812_BSR_ReleaseDmaHandle              0x08004bc9   Thumb Code   122  ws2812_bsr_dma.o(i.WS2812_BSR_ReleaseDmaHandle)
    i.WS2812_BSR_SetPixel                    0x08004c48   Section        0  ws2812_bsr_dma.o(i.WS2812_BSR_SetPixel)
    i.WS2812_BSR_Show                        0x08004c70   Section        0  ws2812_bsr_dma.o(i.WS2812_BSR_Show)
    i.WS2812_BSR_StopTimerDma                0x08004d30   Section        0  ws2812_bsr_dma.o(i.WS2812_BSR_StopTimerDma)
    WS2812_BSR_StopTimerDma                  0x08004d31   Thumb Code    50  ws2812_bsr_dma.o(i.WS2812_BSR_StopTimerDma)
    i.WS2812_BSR_TestPatternStep             0x08004d68   Section        0  ws2812_bsr_dma.o(i.WS2812_BSR_TestPatternStep)
    i.__NVIC_SetPriority                     0x08004e18   Section        0  stm32f1xx_hal_cortex.o(i.__NVIC_SetPriority)
    __NVIC_SetPriority                       0x08004e19   Thumb Code    32  stm32f1xx_hal_cortex.o(i.__NVIC_SetPriority)
    i.main                                   0x08004e38   Section        0  main.o(i.main)
    .constdata                               0x08004e80   Section       16  ws2812_bsr_dma.o(.constdata)
    ws2812_lane_pin_mask                     0x08004e80   Data          16  ws2812_bsr_dma.o(.constdata)
    .constdata                               0x08004e90   Section       32  remote_input.o(.constdata)
    remote_input_pin_map                     0x08004e90   Data          32  remote_input.o(.constdata)
    .constdata                               0x08004eb0   Section       18  stm32f1xx_hal_rcc.o(.constdata)
    aPredivFactorTable                       0x08004eb0   Data           2  stm32f1xx_hal_rcc.o(.constdata)
    aPLLMULFactorTable                       0x08004eb2   Data          16  stm32f1xx_hal_rcc.o(.constdata)
    .constdata                               0x08004ec2   Section       16  system_stm32f1xx.o(.constdata)
    .constdata                               0x08004ed2   Section        8  system_stm32f1xx.o(.constdata)
    .data                                    0x20000000   Section       60  ws2812_bsr_dma.o(.data)
    ws2812_test_breath_up                    0x20000000   Data           1  ws2812_bsr_dma.o(.data)
    ws2812_initialized                       0x20000001   Data           1  ws2812_bsr_dma.o(.data)
    ws2812_busy                              0x20000002   Data           1  ws2812_bsr_dma.o(.data)
    ws2812_dma_done                          0x20000003   Data           1  ws2812_bsr_dma.o(.data)
    ws2812_test_base_hue                     0x20000004   Data           1  ws2812_bsr_dma.o(.data)
    ws2812_test_breath                       0x20000005   Data           1  ws2812_bsr_dma.o(.data)
    ws2812_set_all_word                      0x20000008   Data           4  ws2812_bsr_dma.o(.data)
    ws2812_reset_all_word                    0x2000000c   Data           4  ws2812_bsr_dma.o(.data)
    ws2812_latch_start_tick                  0x20000030   Data           4  ws2812_bsr_dma.o(.data)
    ws2812_show_start_tick                   0x20000034   Data           4  ws2812_bsr_dma.o(.data)
    ws2812_test_last_show_ms                 0x20000038   Data           4  ws2812_bsr_dma.o(.data)
    .data                                    0x2000003c   Section       12  remote_input.o(.data)
    remote_input_raw_bits                    0x2000003f   Data           1  remote_input.o(.data)
    remote_input_candidate_bits              0x20000040   Data           1  remote_input.o(.data)
    remote_input_stable_bits                 0x20000041   Data           1  remote_input.o(.data)
    remote_input_changed_bits                0x20000042   Data           1  remote_input.o(.data)
    remote_input_candidate_since_ms          0x20000044   Data           4  remote_input.o(.data)
    .data                                    0x20000048   Section       28  usbd_desc.o(.data)
    .data                                    0x20000064   Section       50  usbd_desc.o(.data)
    .data                                    0x20000098   Section       16  usbd_cdc_if.o(.data)
    .data                                    0x200000a8   Section       12  stm32f1xx_hal.o(.data)
    .data                                    0x200000b4   Section        4  system_stm32f1xx.o(.data)
    .data                                    0x200000b8   Section        1  usbd_ctlreq.o(.data)
    cfgidx                                   0x200000b8   Data           1  usbd_ctlreq.o(.data)
    .data                                    0x200000bc   Section      215  usbd_cdc.o(.data)
    USBD_CDC_DeviceQualifierDesc             0x200000bc   Data          10  usbd_cdc.o(.data)
    .data                                    0x20000194   Section       56  usbd_cdc.o(.data)
    .bss                                     0x200001cc   Section       48  adc.o(.bss)
    .bss                                     0x200001fc   Section       40  can.o(.bss)
    .bss                                     0x20000224   Section       88  spi.o(.bss)
    .bss                                     0x2000027c   Section      144  tim.o(.bss)
    .bss                                     0x2000030c   Section       72  usart.o(.bss)
    .bss                                     0x20000354   Section    11724  ws2812_bsr_dma.o(.bss)
    ws2812_frame                             0x20000354   Data        2304  ws2812_bsr_dma.o(.bss)
    ws2812_zero_reset_buffer                 0x20000c54   Data        9216  ws2812_bsr_dma.o(.bss)
    ws2812_hdma_tim4_up                      0x20003054   Data          68  ws2812_bsr_dma.o(.bss)
    ws2812_hdma_tim4_cc1                     0x20003098   Data          68  ws2812_bsr_dma.o(.bss)
    ws2812_hdma_tim4_cc2                     0x200030dc   Data          68  ws2812_bsr_dma.o(.bss)
    .bss                                     0x20003120   Section       32  remote_input.o(.bss)
    remote_input_edge_count                  0x20003130   Data          16  remote_input.o(.bss)
    .bss                                     0x20003140   Section      708  usb_device.o(.bss)
    .bss                                     0x20003404   Section      512  usbd_desc.o(.bss)
    .bss                                     0x20003604   Section     2048  usbd_cdc_if.o(.bss)
    .bss                                     0x20003e04   Section     1272  usbd_conf.o(.bss)
    mem                                      0x20003e04   Data         544  usbd_conf.o(.bss)
    .bss                                     0x200042fc   Section       96  libspace.o(.bss)
    HEAP                                     0x20004360   Section      512  startup_stm32f103xb.o(HEAP)
    Heap_Mem                                 0x20004360   Data         512  startup_stm32f103xb.o(HEAP)
    STACK                                    0x20004560   Section     1024  startup_stm32f103xb.o(STACK)
    Stack_Mem                                0x20004560   Data        1024  startup_stm32f103xb.o(STACK)
    __initial_sp                             0x20004960   Data           0  startup_stm32f103xb.o(STACK)

    Global Symbols

    Symbol Name                              Value     Ov Type        Size  Object(Section)

    BuildAttributes$$THM_ISAv4$P$D$K$B$S$PE$A:L22UL41UL21$X:L11$S22US41US21$IEEE1$IW$USESV6$~STKCKD$USESV7$~SHL$OSPACE$ROPI$EBA8$UX$STANDARDLIB$REQ8$PRES8$EABIv2 0x00000000   Number         0  anon$$obj.o ABSOLUTE
    __ARM_use_no_argv                        0x00000000   Number         0  main.o ABSOLUTE
    __ARM_exceptions_init                     - Undefined Weak Reference
    __alloca_initialize                       - Undefined Weak Reference
    __arm_fini_                               - Undefined Weak Reference
    __arm_preinit_                            - Undefined Weak Reference
    __cpp_initialize__aeabi_                  - Undefined Weak Reference
    __cxa_finalize                            - Undefined Weak Reference
    __rt_locale                               - Undefined Weak Reference
    __sigvec_lookup                           - Undefined Weak Reference
    _atexit_init                              - Undefined Weak Reference
    _call_atexit_fns                          - Undefined Weak Reference
    _clock_init                               - Undefined Weak Reference
    _fp_trap_init                             - Undefined Weak Reference
    _fp_trap_shutdown                         - Undefined Weak Reference
    _get_lc_collate                           - Undefined Weak Reference
    _get_lc_ctype                             - Undefined Weak Reference
    _get_lc_monetary                          - Undefined Weak Reference
    _get_lc_numeric                           - Undefined Weak Reference
    _get_lc_time                              - Undefined Weak Reference
    _getenv_init                              - Undefined Weak Reference
    _handle_redirection                       - Undefined Weak Reference
    _init_alloc                               - Undefined Weak Reference
    _init_user_alloc                          - Undefined Weak Reference
    _initio                                   - Undefined Weak Reference
    _rand_init                                - Undefined Weak Reference
    _signal_finish                            - Undefined Weak Reference
    _signal_init                              - Undefined Weak Reference
    _terminate_alloc                          - Undefined Weak Reference
    _terminate_user_alloc                     - Undefined Weak Reference
    _terminateio                              - Undefined Weak Reference
    __Vectors_Size                           0x000000ec   Number         0  startup_stm32f103xb.o ABSOLUTE
    __Vectors                                0x08000000   Data           4  startup_stm32f103xb.o(RESET)
    __Vectors_End                            0x080000ec   Data           0  startup_stm32f103xb.o(RESET)
    __main                                   0x080000ed   Thumb Code     8  __main.o(!!!main)
    __scatterload                            0x080000f5   Thumb Code     0  __scatter.o(!!!scatter)
    __scatterload_rt2                        0x080000f5   Thumb Code    44  __scatter.o(!!!scatter)
    __scatterload_rt2_thumb_only             0x080000f5   Thumb Code     0  __scatter.o(!!!scatter)
    __scatterload_null                       0x08000103   Thumb Code     0  __scatter.o(!!!scatter)
    __decompress                             0x08000129   Thumb Code    90  __dczerorl2.o(!!dczerorl2)
    __decompress1                            0x08000129   Thumb Code     0  __dczerorl2.o(!!dczerorl2)
    __scatterload_zeroinit                   0x08000185   Thumb Code    28  __scatter_zi.o(!!handler_zi)
    __rt_lib_init                            0x080001a1   Thumb Code     0  libinit.o(.ARM.Collect$$libinit$$00000000)
    __rt_lib_init_alloca_1                   0x080001a3   Thumb Code     0  libinit2.o(.ARM.Collect$$libinit$$0000002E)
    __rt_lib_init_argv_1                     0x080001a3   Thumb Code     0  libinit2.o(.ARM.Collect$$libinit$$0000002C)
    __rt_lib_init_atexit_1                   0x080001a3   Thumb Code     0  libinit2.o(.ARM.Collect$$libinit$$0000001B)
    __rt_lib_init_clock_1                    0x080001a3   Thumb Code     0  libinit2.o(.ARM.Collect$$libinit$$00000021)
    __rt_lib_init_cpp_1                      0x080001a3   Thumb Code     0  libinit2.o(.ARM.Collect$$libinit$$00000032)
    __rt_lib_init_exceptions_1               0x080001a3   Thumb Code     0  libinit2.o(.ARM.Collect$$libinit$$00000030)
    __rt_lib_init_fp_1                       0x080001a3   Thumb Code     0  libinit2.o(.ARM.Collect$$libinit$$00000002)
    __rt_lib_init_fp_trap_1                  0x080001a3   Thumb Code     0  libinit2.o(.ARM.Collect$$libinit$$0000001F)
    __rt_lib_init_getenv_1                   0x080001a3   Thumb Code     0  libinit2.o(.ARM.Collect$$libinit$$00000023)
    __rt_lib_init_heap_1                     0x080001a3   Thumb Code     0  libinit2.o(.ARM.Collect$$libinit$$0000000A)
    __rt_lib_init_lc_collate_1               0x080001a3   Thumb Code     0  libinit2.o(.ARM.Collect$$libinit$$00000011)
    __rt_lib_init_lc_ctype_1                 0x080001a3   Thumb Code     0  libinit2.o(.ARM.Collect$$libinit$$00000013)
    __rt_lib_init_lc_monetary_1              0x080001a3   Thumb Code     0  libinit2.o(.ARM.Collect$$libinit$$00000015)
    __rt_lib_init_lc_numeric_1               0x080001a3   Thumb Code     0  libinit2.o(.ARM.Collect$$libinit$$00000017)
    __rt_lib_init_lc_time_1                  0x080001a3   Thumb Code     0  libinit2.o(.ARM.Collect$$libinit$$00000019)
    __rt_lib_init_preinit_1                  0x080001a3   Thumb Code     0  libinit2.o(.ARM.Collect$$libinit$$00000004)
    __rt_lib_init_rand_1                     0x080001a3   Thumb Code     0  libinit2.o(.ARM.Collect$$libinit$$0000000E)
    __rt_lib_init_return                     0x080001a3   Thumb Code     0  libinit2.o(.ARM.Collect$$libinit$$00000033)
    __rt_lib_init_signal_1                   0x080001a3   Thumb Code     0  libinit2.o(.ARM.Collect$$libinit$$0000001D)
    __rt_lib_init_stdio_1                    0x080001a3   Thumb Code     0  libinit2.o(.ARM.Collect$$libinit$$00000025)
    __rt_lib_init_user_alloc_1               0x080001a3   Thumb Code     0  libinit2.o(.ARM.Collect$$libinit$$0000000C)
    __rt_lib_shutdown                        0x080001a5   Thumb Code     0  libshutdown.o(.ARM.Collect$$libshutdown$$00000000)
    __rt_lib_shutdown_cpp_1                  0x080001a7   Thumb Code     0  libshutdown2.o(.ARM.Collect$$libshutdown$$00000004)
    __rt_lib_shutdown_fini_1                 0x080001a7   Thumb Code     0  libshutdown2.o(.ARM.Collect$$libshutdown$$00000002)
    __rt_lib_shutdown_fp_trap_1              0x080001a7   Thumb Code     0  libshutdown2.o(.ARM.Collect$$libshutdown$$00000009)
    __rt_lib_shutdown_heap_1                 0x080001a7   Thumb Code     0  libshutdown2.o(.ARM.Collect$$libshutdown$$00000011)
    __rt_lib_shutdown_return                 0x080001a7   Thumb Code     0  libshutdown2.o(.ARM.Collect$$libshutdown$$00000012)
    __rt_lib_shutdown_signal_1               0x080001a7   Thumb Code     0  libshutdown2.o(.ARM.Collect$$libshutdown$$0000000C)
    __rt_lib_shutdown_stdio_1                0x080001a7   Thumb Code     0  libshutdown2.o(.ARM.Collect$$libshutdown$$00000006)
    __rt_lib_shutdown_user_alloc_1           0x080001a7   Thumb Code     0  libshutdown2.o(.ARM.Collect$$libshutdown$$0000000E)
    __rt_entry                               0x080001a9   Thumb Code     0  __rtentry.o(.ARM.Collect$$rtentry$$00000000)
    __rt_entry_presh_1                       0x080001a9   Thumb Code     0  __rtentry2.o(.ARM.Collect$$rtentry$$00000002)
    __rt_entry_sh                            0x080001a9   Thumb Code     0  __rtentry4.o(.ARM.Collect$$rtentry$$00000004)
    __rt_entry_li                            0x080001af   Thumb Code     0  __rtentry2.o(.ARM.Collect$$rtentry$$0000000A)
    __rt_entry_postsh_1                      0x080001af   Thumb Code     0  __rtentry2.o(.ARM.Collect$$rtentry$$00000009)
    __rt_entry_main                          0x080001b3   Thumb Code     0  __rtentry2.o(.ARM.Collect$$rtentry$$0000000D)
    __rt_entry_postli_1                      0x080001b3   Thumb Code     0  __rtentry2.o(.ARM.Collect$$rtentry$$0000000C)
    __rt_exit                                0x080001bb   Thumb Code     0  rtexit.o(.ARM.Collect$$rtexit$$00000000)
    __rt_exit_ls                             0x080001bd   Thumb Code     0  rtexit2.o(.ARM.Collect$$rtexit$$00000003)
    __rt_exit_prels_1                        0x080001bd   Thumb Code     0  rtexit2.o(.ARM.Collect$$rtexit$$00000002)
    __rt_exit_exit                           0x080001c1   Thumb Code     0  rtexit2.o(.ARM.Collect$$rtexit$$00000004)
    Reset_Handler                            0x080001c9   Thumb Code     8  startup_stm32f103xb.o(.text)
    ADC1_2_IRQHandler                        0x080001e3   Thumb Code     0  startup_stm32f103xb.o(.text)
    CAN1_RX1_IRQHandler                      0x080001e3   Thumb Code     0  startup_stm32f103xb.o(.text)
    CAN1_SCE_IRQHandler                      0x080001e3   Thumb Code     0  startup_stm32f103xb.o(.text)
    DMA1_Channel1_IRQHandler                 0x080001e3   Thumb Code     0  startup_stm32f103xb.o(.text)
    DMA1_Channel2_IRQHandler                 0x080001e3   Thumb Code     0  startup_stm32f103xb.o(.text)
    DMA1_Channel3_IRQHandler                 0x080001e3   Thumb Code     0  startup_stm32f103xb.o(.text)
    DMA1_Channel5_IRQHandler                 0x080001e3   Thumb Code     0  startup_stm32f103xb.o(.text)
    DMA1_Channel6_IRQHandler                 0x080001e3   Thumb Code     0  startup_stm32f103xb.o(.text)
    DMA1_Channel7_IRQHandler                 0x080001e3   Thumb Code     0  startup_stm32f103xb.o(.text)
    EXTI0_IRQHandler                         0x080001e3   Thumb Code     0  startup_stm32f103xb.o(.text)
    EXTI15_10_IRQHandler                     0x080001e3   Thumb Code     0  startup_stm32f103xb.o(.text)
    EXTI1_IRQHandler                         0x080001e3   Thumb Code     0  startup_stm32f103xb.o(.text)
    EXTI2_IRQHandler                         0x080001e3   Thumb Code     0  startup_stm32f103xb.o(.text)
    EXTI3_IRQHandler                         0x080001e3   Thumb Code     0  startup_stm32f103xb.o(.text)
    EXTI4_IRQHandler                         0x080001e3   Thumb Code     0  startup_stm32f103xb.o(.text)
    EXTI9_5_IRQHandler                       0x080001e3   Thumb Code     0  startup_stm32f103xb.o(.text)
    FLASH_IRQHandler                         0x080001e3   Thumb Code     0  startup_stm32f103xb.o(.text)
    I2C1_ER_IRQHandler                       0x080001e3   Thumb Code     0  startup_stm32f103xb.o(.text)
    I2C1_EV_IRQHandler                       0x080001e3   Thumb Code     0  startup_stm32f103xb.o(.text)
    I2C2_ER_IRQHandler                       0x080001e3   Thumb Code     0  startup_stm32f103xb.o(.text)
    I2C2_EV_IRQHandler                       0x080001e3   Thumb Code     0  startup_stm32f103xb.o(.text)
    PVD_IRQHandler                           0x080001e3   Thumb Code     0  startup_stm32f103xb.o(.text)
    RCC_IRQHandler                           0x080001e3   Thumb Code     0  startup_stm32f103xb.o(.text)
    RTC_Alarm_IRQHandler                     0x080001e3   Thumb Code     0  startup_stm32f103xb.o(.text)
    RTC_IRQHandler                           0x080001e3   Thumb Code     0  startup_stm32f103xb.o(.text)
    SPI1_IRQHandler                          0x080001e3   Thumb Code     0  startup_stm32f103xb.o(.text)
    SPI2_IRQHandler                          0x080001e3   Thumb Code     0  startup_stm32f103xb.o(.text)
    TAMPER_IRQHandler                        0x080001e3   Thumb Code     0  startup_stm32f103xb.o(.text)
    TIM1_BRK_IRQHandler                      0x080001e3   Thumb Code     0  startup_stm32f103xb.o(.text)
    TIM1_CC_IRQHandler                       0x080001e3   Thumb Code     0  startup_stm32f103xb.o(.text)
    TIM1_TRG_COM_IRQHandler                  0x080001e3   Thumb Code     0  startup_stm32f103xb.o(.text)
    TIM1_UP_IRQHandler                       0x080001e3   Thumb Code     0  startup_stm32f103xb.o(.text)
    TIM2_IRQHandler                          0x080001e3   Thumb Code     0  startup_stm32f103xb.o(.text)
    TIM3_IRQHandler                          0x080001e3   Thumb Code     0  startup_stm32f103xb.o(.text)
    TIM4_IRQHandler                          0x080001e3   Thumb Code     0  startup_stm32f103xb.o(.text)
    USART1_IRQHandler                        0x080001e3   Thumb Code     0  startup_stm32f103xb.o(.text)
    USART2_IRQHandler                        0x080001e3   Thumb Code     0  startup_stm32f103xb.o(.text)
    USART3_IRQHandler                        0x080001e3   Thumb Code     0  startup_stm32f103xb.o(.text)
    USBWakeUp_IRQHandler                     0x080001e3   Thumb Code     0  startup_stm32f103xb.o(.text)
    USB_HP_CAN1_TX_IRQHandler                0x080001e3   Thumb Code     0  startup_stm32f103xb.o(.text)
    WWDG_IRQHandler                          0x080001e3   Thumb Code     0  startup_stm32f103xb.o(.text)
    __user_initial_stackheap                 0x080001e5   Thumb Code     0  startup_stm32f103xb.o(.text)
    __aeabi_memclr4                          0x08000209   Thumb Code     0  rt_memclr_w.o(.text)
    __aeabi_memclr8                          0x08000209   Thumb Code     0  rt_memclr_w.o(.text)
    __rt_memclr_w                            0x08000209   Thumb Code    78  rt_memclr_w.o(.text)
    _memset_w                                0x0800020d   Thumb Code     0  rt_memclr_w.o(.text)
    __use_two_region_memory                  0x08000257   Thumb Code     2  heapauxi.o(.text)
    __rt_heap_escrow$2region                 0x08000259   Thumb Code     2  heapauxi.o(.text)
    __rt_heap_expand$2region                 0x0800025b   Thumb Code     2  heapauxi.o(.text)
    __user_setup_stackheap                   0x0800025d   Thumb Code    74  sys_stackheap_outer.o(.text)
    exit                                     0x080002a7   Thumb Code    18  exit.o(.text)
    __user_libspace                          0x080002b9   Thumb Code     8  libspace.o(.text)
    __user_perproc_libspace                  0x080002b9   Thumb Code     0  libspace.o(.text)
    __user_perthread_libspace                0x080002b9   Thumb Code     0  libspace.o(.text)
    _sys_exit                                0x080002c1   Thumb Code     8  sys_exit.o(.text)
    __I$use$semihosting                      0x080002cd   Thumb Code     0  use_no_semi.o(.text)
    __use_no_semihosting_swi                 0x080002cd   Thumb Code     2  use_no_semi.o(.text)
    __semihosting_library_function           0x080002cf   Thumb Code     0  indicate_semi.o(.text)
    ADC_ConversionStop_Disable               0x080002d1   Thumb Code    86  stm32f1xx_hal_adc.o(i.ADC_ConversionStop_Disable)
    BusFault_Handler                         0x08000327   Thumb Code     2  stm32f1xx_it.o(i.BusFault_Handler)
    DMA1_Channel4_IRQHandler                 0x0800036d   Thumb Code     6  ws2812_bsr_dma.o(i.DMA1_Channel4_IRQHandler)
    DebugMon_Handler                         0x080003a3   Thumb Code     2  stm32f1xx_it.o(i.DebugMon_Handler)
    Error_Handler                            0x080003a5   Thumb Code     4  main.o(i.Error_Handler)
    HAL_ADC_ConfigChannel                    0x080003a9   Thumb Code   240  stm32f1xx_hal_adc.o(i.HAL_ADC_ConfigChannel)
    HAL_ADC_Init                             0x080004a5   Thumb Code   272  stm32f1xx_hal_adc.o(i.HAL_ADC_Init)
    HAL_ADC_MspInit                          0x080005c1   Thumb Code    76  adc.o(i.HAL_ADC_MspInit)
    HAL_CAN_ErrorCallback                    0x08000619   Thumb Code     2  stm32f1xx_hal_can.o(i.HAL_CAN_ErrorCallback)
    HAL_CAN_IRQHandler                       0x0800061b   Thumb Code   508  stm32f1xx_hal_can.o(i.HAL_CAN_IRQHandler)
    HAL_CAN_Init                             0x08000817   Thumb Code   282  stm32f1xx_hal_can.o(i.HAL_CAN_Init)
    HAL_CAN_MspInit                          0x08000931   Thumb Code   130  can.o(i.HAL_CAN_MspInit)
    HAL_CAN_RxFifo0FullCallback              0x080009c5   Thumb Code     2  stm32f1xx_hal_can.o(i.HAL_CAN_RxFifo0FullCallback)
    HAL_CAN_RxFifo0MsgPendingCallback        0x080009c7   Thumb Code     2  stm32f1xx_hal_can.o(i.HAL_CAN_RxFifo0MsgPendingCallback)
    HAL_CAN_RxFifo1FullCallback              0x080009c9   Thumb Code     2  stm32f1xx_hal_can.o(i.HAL_CAN_RxFifo1FullCallback)
    HAL_CAN_RxFifo1MsgPendingCallback        0x080009cb   Thumb Code     2  stm32f1xx_hal_can.o(i.HAL_CAN_RxFifo1MsgPendingCallback)
    HAL_CAN_SleepCallback                    0x080009cd   Thumb Code     2  stm32f1xx_hal_can.o(i.HAL_CAN_SleepCallback)
    HAL_CAN_TxMailbox0AbortCallback          0x080009cf   Thumb Code     2  stm32f1xx_hal_can.o(i.HAL_CAN_TxMailbox0AbortCallback)
    HAL_CAN_TxMailbox0CompleteCallback       0x080009d1   Thumb Code     2  stm32f1xx_hal_can.o(i.HAL_CAN_TxMailbox0CompleteCallback)
    HAL_CAN_TxMailbox1AbortCallback          0x080009d3   Thumb Code     2  stm32f1xx_hal_can.o(i.HAL_CAN_TxMailbox1AbortCallback)
    HAL_CAN_TxMailbox1CompleteCallback       0x080009d5   Thumb Code     2  stm32f1xx_hal_can.o(i.HAL_CAN_TxMailbox1CompleteCallback)
    HAL_CAN_TxMailbox2AbortCallback          0x080009d7   Thumb Code     2  stm32f1xx_hal_can.o(i.HAL_CAN_TxMailbox2AbortCallback)
    HAL_CAN_TxMailbox2CompleteCallback       0x080009d9   Thumb Code     2  stm32f1xx_hal_can.o(i.HAL_CAN_TxMailbox2CompleteCallback)
    HAL_CAN_WakeUpFromRxMsgCallback          0x080009db   Thumb Code     2  stm32f1xx_hal_can.o(i.HAL_CAN_WakeUpFromRxMsgCallback)
    HAL_DMA_IRQHandler                       0x080009dd   Thumb Code   316  stm32f1xx_hal_dma.o(i.HAL_DMA_IRQHandler)
    HAL_DMA_Init                             0x08000b31   Thumb Code    84  stm32f1xx_hal_dma.o(i.HAL_DMA_Init)
    HAL_DMA_Start                            0x08000b8d   Thumb Code    80  stm32f1xx_hal_dma.o(i.HAL_DMA_Start)
    HAL_DMA_Start_IT                         0x08000bdd   Thumb Code   112  stm32f1xx_hal_dma.o(i.HAL_DMA_Start_IT)
    HAL_Delay                                0x08000c4d   Thumb Code    32  stm32f1xx_hal.o(i.HAL_Delay)
    HAL_GPIO_Init                            0x08000c71   Thumb Code   446  stm32f1xx_hal_gpio.o(i.HAL_GPIO_Init)
    HAL_GPIO_ReadPin                         0x08000e51   Thumb Code    10  stm32f1xx_hal_gpio.o(i.HAL_GPIO_ReadPin)
    HAL_GPIO_WritePin                        0x08000e5b   Thumb Code    10  stm32f1xx_hal_gpio.o(i.HAL_GPIO_WritePin)
    HAL_GetTick                              0x08000e65   Thumb Code     6  stm32f1xx_hal.o(i.HAL_GetTick)
    HAL_IncTick                              0x08000e71   Thumb Code    12  stm32f1xx_hal.o(i.HAL_IncTick)
    HAL_Init                                 0x08000e81   Thumb Code    32  stm32f1xx_hal.o(i.HAL_Init)
    HAL_InitTick                             0x08000ea5   Thumb Code    54  stm32f1xx_hal.o(i.HAL_InitTick)
    HAL_MspInit                              0x08000ee5   Thumb Code    52  stm32f1xx_hal_msp.o(i.HAL_MspInit)
    HAL_NVIC_ClearPendingIRQ                 0x08000f21   Thumb Code    26  stm32f1xx_hal_cortex.o(i.HAL_NVIC_ClearPendingIRQ)
    HAL_NVIC_DisableIRQ                      0x08000f3b   Thumb Code    34  stm32f1xx_hal_cortex.o(i.HAL_NVIC_DisableIRQ)
    HAL_NVIC_EnableIRQ                       0x08000f5d   Thumb Code    26  stm32f1xx_hal_cortex.o(i.HAL_NVIC_EnableIRQ)
    HAL_NVIC_SetPriority                     0x08000f79   Thumb Code    60  stm32f1xx_hal_cortex.o(i.HAL_NVIC_SetPriority)
    HAL_NVIC_SetPriorityGrouping             0x08000fb9   Thumb Code    26  stm32f1xx_hal_cortex.o(i.HAL_NVIC_SetPriorityGrouping)
    HAL_PCDEx_PMAConfig                      0x08000fdd   Thumb Code    60  stm32f1xx_hal_pcd_ex.o(i.HAL_PCDEx_PMAConfig)
    HAL_PCDEx_SetConnectionState             0x08001019   Thumb Code     2  usbd_conf.o(i.HAL_PCDEx_SetConnectionState)
    HAL_PCD_DataInStageCallback              0x0800101b   Thumb Code    18  usbd_conf.o(i.HAL_PCD_DataInStageCallback)
    HAL_PCD_DataOutStageCallback             0x0800102d   Thumb Code    20  usbd_conf.o(i.HAL_PCD_DataOutStageCallback)
    HAL_PCD_EP_Close                         0x08001041   Thumb Code    74  stm32f1xx_hal_pcd.o(i.HAL_PCD_EP_Close)
    HAL_PCD_EP_ClrStall                      0x0800108b   Thumb Code    90  stm32f1xx_hal_pcd.o(i.HAL_PCD_EP_ClrStall)
    HAL_PCD_EP_GetRxCount                    0x08001503   Thumb Code    18  stm32f1xx_hal_pcd.o(i.HAL_PCD_EP_GetRxCount)
    HAL_PCD_EP_Open                          0x08001515   Thumb Code    88  stm32f1xx_hal_pcd.o(i.HAL_PCD_EP_Open)
    HAL_PCD_EP_Receive                       0x0800156d   Thumb Code    46  stm32f1xx_hal_pcd.o(i.HAL_PCD_EP_Receive)
    HAL_PCD_EP_SetStall                      0x0800159b   Thumb Code   112  stm32f1xx_hal_pcd.o(i.HAL_PCD_EP_SetStall)
    HAL_PCD_EP_Transmit                      0x0800160b   Thumb Code    46  stm32f1xx_hal_pcd.o(i.HAL_PCD_EP_Transmit)
    HAL_PCD_IRQHandler                       0x08001639   Thumb Code   308  stm32f1xx_hal_pcd.o(i.HAL_PCD_IRQHandler)
    HAL_PCD_Init                             0x0800176d   Thumb Code   186  stm32f1xx_hal_pcd.o(i.HAL_PCD_Init)
    HAL_PCD_MspInit                          0x08001829   Thumb Code    50  usbd_conf.o(i.HAL_PCD_MspInit)
    HAL_PCD_ResetCallback                    0x08001865   Thumb Code    38  usbd_conf.o(i.HAL_PCD_ResetCallback)
    HAL_PCD_ResumeCallback                   0x0800188b   Thumb Code     8  usbd_conf.o(i.HAL_PCD_ResumeCallback)
    HAL_PCD_SOFCallback                      0x08001893   Thumb Code     8  usbd_conf.o(i.HAL_PCD_SOFCallback)
    HAL_PCD_SetAddress                       0x0800189b   Thumb Code    38  stm32f1xx_hal_pcd.o(i.HAL_PCD_SetAddress)
    HAL_PCD_SetupStageCallback               0x080018c1   Thumb Code    14  usbd_conf.o(i.HAL_PCD_SetupStageCallback)
    HAL_PCD_Start                            0x080018cf   Thumb Code    50  stm32f1xx_hal_pcd.o(i.HAL_PCD_Start)
    HAL_PCD_SuspendCallback                  0x08001901   Thumb Code    30  usbd_conf.o(i.HAL_PCD_SuspendCallback)
    HAL_RCCEx_PeriphCLKConfig                0x08001925   Thumb Code   224  stm32f1xx_hal_rcc_ex.o(i.HAL_RCCEx_PeriphCLKConfig)
    HAL_RCC_ClockConfig                      0x08001a11   Thumb Code   280  stm32f1xx_hal_rcc.o(i.HAL_RCC_ClockConfig)
    HAL_RCC_GetPCLK1Freq                     0x08001b3d   Thumb Code    20  stm32f1xx_hal_rcc.o(i.HAL_RCC_GetPCLK1Freq)
    HAL_RCC_GetPCLK2Freq                     0x08001b5d   Thumb Code    20  stm32f1xx_hal_rcc.o(i.HAL_RCC_GetPCLK2Freq)
    HAL_RCC_GetSysClockFreq                  0x08001b7d   Thumb Code    58  stm32f1xx_hal_rcc.o(i.HAL_RCC_GetSysClockFreq)
    HAL_RCC_OscConfig                        0x08001bc9   Thumb Code   778  stm32f1xx_hal_rcc.o(i.HAL_RCC_OscConfig)
    HAL_SPI_Init                             0x08001ee9   Thumb Code   178  stm32f1xx_hal_spi.o(i.HAL_SPI_Init)
    HAL_SPI_MspInit                          0x08001f9d   Thumb Code   102  spi.o(i.HAL_SPI_MspInit)
    HAL_SYSTICK_Config                       0x08002011   Thumb Code    40  stm32f1xx_hal_cortex.o(i.HAL_SYSTICK_Config)
    HAL_TIMEx_ConfigBreakDeadTime            0x08002039   Thumb Code    84  stm32f1xx_hal_tim_ex.o(i.HAL_TIMEx_ConfigBreakDeadTime)
    HAL_TIMEx_MasterConfigSynchronization    0x0800208d   Thumb Code    92  stm32f1xx_hal_tim_ex.o(i.HAL_TIMEx_MasterConfigSynchronization)
    HAL_TIM_Base_Init                        0x080020f5   Thumb Code    90  stm32f1xx_hal_tim.o(i.HAL_TIM_Base_Init)
    HAL_TIM_Base_MspInit                     0x08002151   Thumb Code    30  tim.o(i.HAL_TIM_Base_MspInit)
    HAL_TIM_ConfigClockSource                0x08002179   Thumb Code   220  stm32f1xx_hal_tim.o(i.HAL_TIM_ConfigClockSource)
    HAL_TIM_MspPostInit                      0x08002255   Thumb Code    64  tim.o(i.HAL_TIM_MspPostInit)
    HAL_TIM_PWM_ConfigChannel                0x080022a1   Thumb Code   204  stm32f1xx_hal_tim.o(i.HAL_TIM_PWM_ConfigChannel)
    HAL_TIM_PWM_Init                         0x0800236d   Thumb Code    90  stm32f1xx_hal_tim.o(i.HAL_TIM_PWM_Init)
    HAL_TIM_PWM_MspInit                      0x080023c9   Thumb Code    30  tim.o(i.HAL_TIM_PWM_MspInit)
    HAL_UART_Init                            0x080023f1   Thumb Code   100  stm32f1xx_hal_uart.o(i.HAL_UART_Init)
    HAL_UART_MspInit                         0x08002455   Thumb Code   112  usart.o(i.HAL_UART_MspInit)
    HardFault_Handler                        0x080024d5   Thumb Code     2  stm32f1xx_it.o(i.HardFault_Handler)
    MX_ADC1_Init                             0x08002511   Thumb Code    70  adc.o(i.MX_ADC1_Init)
    MX_CAN_Init                              0x08002561   Thumb Code    52  can.o(i.MX_CAN_Init)
    MX_GPIO_Init                             0x0800259d   Thumb Code   142  gpio.o(i.MX_GPIO_Init)
    MX_SPI2_Init                             0x08002639   Thumb Code    60  spi.o(i.MX_SPI2_Init)
    MX_TIM1_Init                             0x0800267d   Thumb Code   166  tim.o(i.MX_TIM1_Init)
    MX_TIM4_Init                             0x0800272d   Thumb Code    92  tim.o(i.MX_TIM4_Init)
    MX_USART1_UART_Init                      0x08002791   Thumb Code    48  usart.o(i.MX_USART1_UART_Init)
    MX_USB_DEVICE_Init                       0x080027c9   Thumb Code    66  usb_device.o(i.MX_USB_DEVICE_Init)
    MemManage_Handler                        0x0800281d   Thumb Code     2  stm32f1xx_it.o(i.MemManage_Handler)
    NMI_Handler                              0x0800281f   Thumb Code     2  stm32f1xx_it.o(i.NMI_Handler)
    PendSV_Handler                           0x08002bc7   Thumb Code     2  stm32f1xx_it.o(i.PendSV_Handler)
    RemoteInput_Init                         0x08002bc9   Thumb Code    90  remote_input.o(i.RemoteInput_Init)
    RemoteInput_Poll                         0x08002c35   Thumb Code    96  remote_input.o(i.RemoteInput_Poll)
    SVC_Handler                              0x08002d01   Thumb Code     2  stm32f1xx_it.o(i.SVC_Handler)
    SysTick_Handler                          0x08002d03   Thumb Code     4  stm32f1xx_it.o(i.SysTick_Handler)
    SystemClock_Config                       0x08002d07   Thumb Code   124  main.o(i.SystemClock_Config)
    SystemInit                               0x08002d83   Thumb Code     2  system_stm32f1xx.o(i.SystemInit)
    TIM_Base_SetConfig                       0x08002d85   Thumb Code   108  stm32f1xx_hal_tim.o(i.TIM_Base_SetConfig)
    TIM_ETR_SetConfig                        0x08002dfd   Thumb Code    20  stm32f1xx_hal_tim.o(i.TIM_ETR_SetConfig)
    TIM_OC2_SetConfig                        0x08002e71   Thumb Code    84  stm32f1xx_hal_tim.o(i.TIM_OC2_SetConfig)
    USBD_CDC_GetDeviceQualifierDescriptor    0x08003141   Thumb Code     8  usbd_cdc.o(i.USBD_CDC_GetDeviceQualifierDescriptor)
    USBD_CDC_ReceivePacket                   0x08003205   Thumb Code    40  usbd_cdc.o(i.USBD_CDC_ReceivePacket)
    USBD_CDC_RegisterInterface               0x0800322d   Thumb Code    16  usbd_cdc.o(i.USBD_CDC_RegisterInterface)
    USBD_CDC_SetRxBuffer                     0x0800323d   Thumb Code    12  usbd_cdc.o(i.USBD_CDC_SetRxBuffer)
    USBD_CDC_SetTxBuffer                     0x08003249   Thumb Code    16  usbd_cdc.o(i.USBD_CDC_SetTxBuffer)
    USBD_ClrClassConfig                      0x08003305   Thumb Code    14  usbd_core.o(i.USBD_ClrClassConfig)
    USBD_CtlContinueRx                       0x08003313   Thumb Code    16  usbd_ioreq.o(i.USBD_CtlContinueRx)
    USBD_CtlContinueSendData                 0x08003323   Thumb Code    16  usbd_ioreq.o(i.USBD_CtlContinueSendData)
    USBD_CtlError                            0x08003333   Thumb Code    22  usbd_ctlreq.o(i.USBD_CtlError)
    USBD_CtlPrepareRx                        0x08003349   Thumb Code    30  usbd_ioreq.o(i.USBD_CtlPrepareRx)
    USBD_CtlReceiveStatus                    0x08003367   Thumb Code    22  usbd_ioreq.o(i.USBD_CtlReceiveStatus)
    USBD_CtlSendData                         0x0800337d   Thumb Code    26  usbd_ioreq.o(i.USBD_CtlSendData)
    USBD_CtlSendStatus                       0x08003397   Thumb Code    22  usbd_ioreq.o(i.USBD_CtlSendStatus)
    USBD_FS_ConfigStrDescriptor              0x080033ad   Thumb Code    16  usbd_desc.o(i.USBD_FS_ConfigStrDescriptor)
    USBD_FS_DeviceDescriptor                 0x080033cd   Thumb Code     8  usbd_desc.o(i.USBD_FS_DeviceDescriptor)
    USBD_FS_InterfaceStrDescriptor           0x080033d9   Thumb Code    16  usbd_desc.o(i.USBD_FS_InterfaceStrDescriptor)
    USBD_FS_LangIDStrDescriptor              0x080033fd   Thumb Code     8  usbd_desc.o(i.USBD_FS_LangIDStrDescriptor)
    USBD_FS_ManufacturerStrDescriptor        0x08003409   Thumb Code    16  usbd_desc.o(i.USBD_FS_ManufacturerStrDescriptor)
    USBD_FS_ProductStrDescriptor             0x08003431   Thumb Code    16  usbd_desc.o(i.USBD_FS_ProductStrDescriptor)
    USBD_FS_SerialStrDescriptor              0x0800345d   Thumb Code    48  usbd_desc.o(i.USBD_FS_SerialStrDescriptor)
    USBD_GetString                           0x0800357d   Thumb Code    72  usbd_ctlreq.o(i.USBD_GetString)
    USBD_Init                                0x080035dd   Thumb Code    42  usbd_core.o(i.USBD_Init)
    USBD_LL_ClearStallEP                     0x08003607   Thumb Code    18  usbd_conf.o(i.USBD_LL_ClearStallEP)
    USBD_LL_CloseEP                          0x08003619   Thumb Code    18  usbd_conf.o(i.USBD_LL_CloseEP)
    USBD_LL_DataInStage                      0x0800362b   Thumb Code   198  usbd_core.o(i.USBD_LL_DataInStage)
    USBD_LL_DataOutStage                     0x080036f1   Thumb Code   130  usbd_core.o(i.USBD_LL_DataOutStage)
    USBD_LL_GetRxDataSize                    0x08003773   Thumb Code     8  usbd_conf.o(i.USBD_LL_GetRxDataSize)
    USBD_LL_Init                             0x0800377d   Thumb Code   118  usbd_conf.o(i.USBD_LL_Init)
    USBD_LL_IsStallEP                        0x080037fd   Thumb Code    30  usbd_conf.o(i.USBD_LL_IsStallEP)
    USBD_LL_OpenEP                           0x0800381b   Thumb Code    24  usbd_conf.o(i.USBD_LL_OpenEP)
    USBD_LL_PrepareReceive                   0x08003833   Thumb Code    18  usbd_conf.o(i.USBD_LL_PrepareReceive)
    USBD_LL_Reset                            0x08003845   Thumb Code    80  usbd_core.o(i.USBD_LL_Reset)
    USBD_LL_Resume                           0x08003895   Thumb Code    20  usbd_core.o(i.USBD_LL_Resume)
    USBD_LL_SOF                              0x080038a9   Thumb Code    24  usbd_core.o(i.USBD_LL_SOF)
    USBD_LL_SetSpeed                         0x080038c1   Thumb Code     6  usbd_core.o(i.USBD_LL_SetSpeed)
    USBD_LL_SetUSBAddress                    0x080038c7   Thumb Code    18  usbd_conf.o(i.USBD_LL_SetUSBAddress)
    USBD_LL_SetupStage                       0x080038d9   Thumb Code    90  usbd_core.o(i.USBD_LL_SetupStage)
    USBD_LL_StallEP                          0x08003933   Thumb Code    18  usbd_conf.o(i.USBD_LL_StallEP)
    USBD_LL_Start                            0x08003945   Thumb Code    18  usbd_conf.o(i.USBD_LL_Start)
    USBD_LL_Suspend                          0x08003957   Thumb Code    18  usbd_core.o(i.USBD_LL_Suspend)
    USBD_LL_Transmit                         0x08003969   Thumb Code    18  usbd_conf.o(i.USBD_LL_Transmit)
    USBD_ParseSetupRequest                   0x0800397b   Thumb Code    40  usbd_ctlreq.o(i.USBD_ParseSetupRequest)
    USBD_RegisterClass                       0x080039a3   Thumb Code    16  usbd_core.o(i.USBD_RegisterClass)
    USBD_SetClassConfig                      0x080039b3   Thumb Code    22  usbd_core.o(i.USBD_SetClassConfig)
    USBD_Start                               0x08003a4d   Thumb Code    10  usbd_core.o(i.USBD_Start)
    USBD_StdDevReq                           0x08003a57   Thumb Code   274  usbd_ctlreq.o(i.USBD_StdDevReq)
    USBD_StdEPReq                            0x08003b69   Thumb Code   336  usbd_ctlreq.o(i.USBD_StdEPReq)
    USBD_StdItfReq                           0x08003cb9   Thumb Code    78  usbd_ctlreq.o(i.USBD_StdItfReq)
    USBD_static_free                         0x08003d07   Thumb Code     2  usbd_conf.o(i.USBD_static_free)
    USBD_static_malloc                       0x08003d09   Thumb Code     4  usbd_conf.o(i.USBD_static_malloc)
    USB_ActivateEndpoint                     0x08003d11   Thumb Code   668  stm32f1xx_ll_usb.o(i.USB_ActivateEndpoint)
    USB_CoreInit                             0x08003fad   Thumb Code     4  stm32f1xx_ll_usb.o(i.USB_CoreInit)
    USB_DeactivateEndpoint                   0x08003fb1   Thumb Code   270  stm32f1xx_ll_usb.o(i.USB_DeactivateEndpoint)
    USB_DevConnect                           0x080040bf   Thumb Code     4  stm32f1xx_ll_usb.o(i.USB_DevConnect)
    USB_DevDisconnect                        0x080040c3   Thumb Code     4  stm32f1xx_ll_usb.o(i.USB_DevDisconnect)
    USB_DevInit                              0x080040c7   Thumb Code    18  stm32f1xx_ll_usb.o(i.USB_DevInit)
    USB_DisableGlobalInt                     0x080040d9   Thumb Code    14  stm32f1xx_ll_usb.o(i.USB_DisableGlobalInt)
    USB_EP0_OutStart                         0x080040e7   Thumb Code     4  stm32f1xx_ll_usb.o(i.USB_EP0_OutStart)
    USB_EPClearStall                         0x080040eb   Thumb Code   120  stm32f1xx_ll_usb.o(i.USB_EPClearStall)
    USB_EPSetStall                           0x08004163   Thumb Code    50  stm32f1xx_ll_usb.o(i.USB_EPSetStall)
    USB_EPStartXfer                          0x08004195   Thumb Code  1250  stm32f1xx_ll_usb.o(i.USB_EPStartXfer)
    USB_EnableGlobalInt                      0x08004677   Thumb Code    18  stm32f1xx_ll_usb.o(i.USB_EnableGlobalInt)
    USB_LP_CAN1_RX0_IRQHandler               0x08004689   Thumb Code    18  stm32f1xx_it.o(i.USB_LP_CAN1_RX0_IRQHandler)
    USB_ReadInterrupts                       0x080046a5   Thumb Code     6  stm32f1xx_ll_usb.o(i.USB_ReadInterrupts)
    USB_ReadPMA                              0x080046ad   Thumb Code    44  stm32f1xx_ll_usb.o(i.USB_ReadPMA)
    USB_SetCurrentMode                       0x080046d9   Thumb Code     4  stm32f1xx_ll_usb.o(i.USB_SetCurrentMode)
    USB_SetDevAddress                        0x080046dd   Thumb Code    12  stm32f1xx_ll_usb.o(i.USB_SetDevAddress)
    USB_WritePMA                             0x080046e9   Thumb Code    38  stm32f1xx_ll_usb.o(i.USB_WritePMA)
    UsageFault_Handler                       0x0800470f   Thumb Code     2  stm32f1xx_it.o(i.UsageFault_Handler)
    WS2812_BSR_Clear                         0x08004799   Thumb Code    10  ws2812_bsr_dma.o(i.WS2812_BSR_Clear)
    WS2812_BSR_FillAll                       0x08004965   Thumb Code    30  ws2812_bsr_dma.o(i.WS2812_BSR_FillAll)
    WS2812_BSR_FillLane                      0x08004985   Thumb Code    40  ws2812_bsr_dma.o(i.WS2812_BSR_FillLane)
    WS2812_BSR_Init                          0x080049b1   Thumb Code   192  ws2812_bsr_dma.o(i.WS2812_BSR_Init)
    WS2812_BSR_IsBusy                        0x08004ab9   Thumb Code    12  ws2812_bsr_dma.o(i.WS2812_BSR_IsBusy)
    WS2812_BSR_Poll                          0x08004ae9   Thumb Code   212  ws2812_bsr_dma.o(i.WS2812_BSR_Poll)
    WS2812_BSR_SetPixel                      0x08004c49   Thumb Code    36  ws2812_bsr_dma.o(i.WS2812_BSR_SetPixel)
    WS2812_BSR_Show                          0x08004c71   Thumb Code   172  ws2812_bsr_dma.o(i.WS2812_BSR_Show)
    WS2812_BSR_TestPatternStep               0x08004d69   Thumb Code   172  ws2812_bsr_dma.o(i.WS2812_BSR_TestPatternStep)
    main                                     0x08004e39   Thumb Code    72  main.o(i.main)
    AHBPrescTable                            0x08004ec2   Data          16  system_stm32f1xx.o(.constdata)
    APBPrescTable                            0x08004ed2   Data           8  system_stm32f1xx.o(.constdata)
    Region$$Table$$Base                      0x08004edc   Number         0  anon$$obj.o(Region$$Table)
    Region$$Table$$Limit                     0x08004efc   Number         0  anon$$obj.o(Region$$Table)
    ws2812_bsr_diag_show_count               0x20000010   Data           4  ws2812_bsr_dma.o(.data)
    ws2812_bsr_diag_complete_count           0x20000014   Data           4  ws2812_bsr_dma.o(.data)
    ws2812_bsr_diag_error_count              0x20000018   Data           4  ws2812_bsr_dma.o(.data)
    ws2812_bsr_diag_timeout_count            0x2000001c   Data           4  ws2812_bsr_dma.o(.data)
    ws2812_bsr_diag_start_error_count        0x20000020   Data           4  ws2812_bsr_dma.o(.data)
    ws2812_bsr_diag_poll_complete_count      0x20000024   Data           4  ws2812_bsr_dma.o(.data)
    ws2812_show_count_watch                  0x20000028   Data           4  ws2812_bsr_dma.o(.data)
    ws2812_complete_count_watch              0x2000002c   Data           4  ws2812_bsr_dma.o(.data)
    remote_input_watch_raw_bits              0x2000003c   Data           1  remote_input.o(.data)
    remote_input_watch_stable_bits           0x2000003d   Data           1  remote_input.o(.data)
    remote_input_watch_changed_bits          0x2000003e   Data           1  remote_input.o(.data)
    FS_Desc                                  0x20000048   Data          28  usbd_desc.o(.data)
    USBD_LangIDDesc                          0x20000064   Data           4  usbd_desc.o(.data)
    USBD_FS_DeviceDesc                       0x20000068   Data          18  usbd_desc.o(.data)
    USBD_StringSerial                        0x2000007c   Data          26  usbd_desc.o(.data)
    USBD_Interface_fops_FS                   0x20000098   Data          16  usbd_cdc_if.o(.data)
    uwTickFreq                               0x200000a8   Data           1  stm32f1xx_hal.o(.data)
    uwTickPrio                               0x200000ac   Data           4  stm32f1xx_hal.o(.data)
    uwTick                                   0x200000b0   Data           4  stm32f1xx_hal.o(.data)
    SystemCoreClock                          0x200000b4   Data           4  system_stm32f1xx.o(.data)
    USBD_CDC_CfgHSDesc                       0x200000c8   Data          67  usbd_cdc.o(.data)
    USBD_CDC_CfgFSDesc                       0x2000010c   Data          67  usbd_cdc.o(.data)
    USBD_CDC_OtherSpeedCfgDesc               0x20000150   Data          67  usbd_cdc.o(.data)
    USBD_CDC                                 0x20000194   Data          56  usbd_cdc.o(.data)
    hadc1                                    0x200001cc   Data          48  adc.o(.bss)
    hcan                                     0x200001fc   Data          40  can.o(.bss)
    hspi2                                    0x20000224   Data          88  spi.o(.bss)
    htim1                                    0x2000027c   Data          72  tim.o(.bss)
    htim4                                    0x200002c4   Data          72  tim.o(.bss)
    huart1                                   0x2000030c   Data          72  usart.o(.bss)
    remote_input_watch_edge_count            0x20003120   Data          16  remote_input.o(.bss)
    hUsbDeviceFS                             0x20003140   Data         708  usb_device.o(.bss)
    USBD_StrDesc                             0x20003404   Data         512  usbd_desc.o(.bss)
    UserRxBufferFS                           0x20003604   Data        1024  usbd_cdc_if.o(.bss)
    UserTxBufferFS                           0x20003a04   Data        1024  usbd_cdc_if.o(.bss)
    hpcd_USB_FS                              0x20004024   Data         728  usbd_conf.o(.bss)
    __libspace_start                         0x200042fc   Data          96  libspace.o(.bss)
    __temporary_stack_top$libspace           0x2000435c   Data           0  libspace.o(.bss)



==============================================================================

Memory Map of the image

  Image Entry point : 0x080000ed

  Load Region LR_IROM1 (Base: 0x08000000, Size: 0x000050c8, Max: 0x00010000, ABSOLUTE, COMPRESSED[0x00004fbc])

    Execution Region ER_IROM1 (Exec base: 0x08000000, Load base: 0x08000000, Size: 0x00004efc, Max: 0x00010000, ABSOLUTE)

    Exec Addr    Load Addr    Size         Type   Attr      Idx    E Section Name        Object

    0x08000000   0x08000000   0x000000ec   Data   RO            3    RESET               startup_stm32f103xb.o
    0x080000ec   0x080000ec   0x00000008   Code   RO         5258  * !!!main             c_w.l(__main.o)
    0x080000f4   0x080000f4   0x00000034   Code   RO         5419    !!!scatter          c_w.l(__scatter.o)
    0x08000128   0x08000128   0x0000005a   Code   RO         5417    !!dczerorl2         c_w.l(__dczerorl2.o)
    0x08000182   0x08000182   0x00000002   PAD
    0x08000184   0x08000184   0x0000001c   Code   RO         5421    !!handler_zi        c_w.l(__scatter_zi.o)
    0x080001a0   0x080001a0   0x00000002   Code   RO         5285    .ARM.Collect$$libinit$$00000000  c_w.l(libinit.o)
    0x080001a2   0x080001a2   0x00000000   Code   RO         5292    .ARM.Collect$$libinit$$00000002  c_w.l(libinit2.o)
    0x080001a2   0x080001a2   0x00000000   Code   RO         5294    .ARM.Collect$$libinit$$00000004  c_w.l(libinit2.o)
    0x080001a2   0x080001a2   0x00000000   Code   RO         5297    .ARM.Collect$$libinit$$0000000A  c_w.l(libinit2.o)
    0x080001a2   0x080001a2   0x00000000   Code   RO         5299    .ARM.Collect$$libinit$$0000000C  c_w.l(libinit2.o)
    0x080001a2   0x080001a2   0x00000000   Code   RO         5301    .ARM.Collect$$libinit$$0000000E  c_w.l(libinit2.o)
    0x080001a2   0x080001a2   0x00000000   Code   RO         5304    .ARM.Collect$$libinit$$00000011  c_w.l(libinit2.o)
    0x080001a2   0x080001a2   0x00000000   Code   RO         5306    .ARM.Collect$$libinit$$00000013  c_w.l(libinit2.o)
    0x080001a2   0x080001a2   0x00000000   Code   RO         5308    .ARM.Collect$$libinit$$00000015  c_w.l(libinit2.o)
    0x080001a2   0x080001a2   0x00000000   Code   RO         5310    .ARM.Collect$$libinit$$00000017  c_w.l(libinit2.o)
    0x080001a2   0x080001a2   0x00000000   Code   RO         5312    .ARM.Collect$$libinit$$00000019  c_w.l(libinit2.o)
    0x080001a2   0x080001a2   0x00000000   Code   RO         5314    .ARM.Collect$$libinit$$0000001B  c_w.l(libinit2.o)
    0x080001a2   0x080001a2   0x00000000   Code   RO         5316    .ARM.Collect$$libinit$$0000001D  c_w.l(libinit2.o)
    0x080001a2   0x080001a2   0x00000000   Code   RO         5318    .ARM.Collect$$libinit$$0000001F  c_w.l(libinit2.o)
    0x080001a2   0x080001a2   0x00000000   Code   RO         5320    .ARM.Collect$$libinit$$00000021  c_w.l(libinit2.o)
    0x080001a2   0x080001a2   0x00000000   Code   RO         5322    .ARM.Collect$$libinit$$00000023  c_w.l(libinit2.o)
    0x080001a2   0x080001a2   0x00000000   Code   RO         5324    .ARM.Collect$$libinit$$00000025  c_w.l(libinit2.o)
    0x080001a2   0x080001a2   0x00000000   Code   RO         5328    .ARM.Collect$$libinit$$0000002C  c_w.l(libinit2.o)
    0x080001a2   0x080001a2   0x00000000   Code   RO         5330    .ARM.Collect$$libinit$$0000002E  c_w.l(libinit2.o)
    0x080001a2   0x080001a2   0x00000000   Code   RO         5332    .ARM.Collect$$libinit$$00000030  c_w.l(libinit2.o)
    0x080001a2   0x080001a2   0x00000000   Code   RO         5334    .ARM.Collect$$libinit$$00000032  c_w.l(libinit2.o)
    0x080001a2   0x080001a2   0x00000002   Code   RO         5335    .ARM.Collect$$libinit$$00000033  c_w.l(libinit2.o)
    0x080001a4   0x080001a4   0x00000002   Code   RO         5355    .ARM.Collect$$libshutdown$$00000000  c_w.l(libshutdown.o)
    0x080001a6   0x080001a6   0x00000000   Code   RO         5368    .ARM.Collect$$libshutdown$$00000002  c_w.l(libshutdown2.o)
    0x080001a6   0x080001a6   0x00000000   Code   RO         5370    .ARM.Collect$$libshutdown$$00000004  c_w.l(libshutdown2.o)
    0x080001a6   0x080001a6   0x00000000   Code   RO         5372    .ARM.Collect$$libshutdown$$00000006  c_w.l(libshutdown2.o)
    0x080001a6   0x080001a6   0x00000000   Code   RO         5375    .ARM.Collect$$libshutdown$$00000009  c_w.l(libshutdown2.o)
    0x080001a6   0x080001a6   0x00000000   Code   RO         5378    .ARM.Collect$$libshutdown$$0000000C  c_w.l(libshutdown2.o)
    0x080001a6   0x080001a6   0x00000000   Code   RO         5380    .ARM.Collect$$libshutdown$$0000000E  c_w.l(libshutdown2.o)
    0x080001a6   0x080001a6   0x00000000   Code   RO         5383    .ARM.Collect$$libshutdown$$00000011  c_w.l(libshutdown2.o)
    0x080001a6   0x080001a6   0x00000002   Code   RO         5384    .ARM.Collect$$libshutdown$$00000012  c_w.l(libshutdown2.o)
    0x080001a8   0x080001a8   0x00000000   Code   RO         5260    .ARM.Collect$$rtentry$$00000000  c_w.l(__rtentry.o)
    0x080001a8   0x080001a8   0x00000000   Code   RO         5262    .ARM.Collect$$rtentry$$00000002  c_w.l(__rtentry2.o)
    0x080001a8   0x080001a8   0x00000006   Code   RO         5274    .ARM.Collect$$rtentry$$00000004  c_w.l(__rtentry4.o)
    0x080001ae   0x080001ae   0x00000000   Code   RO         5264    .ARM.Collect$$rtentry$$00000009  c_w.l(__rtentry2.o)
    0x080001ae   0x080001ae   0x00000004   Code   RO         5265    .ARM.Collect$$rtentry$$0000000A  c_w.l(__rtentry2.o)
    0x080001b2   0x080001b2   0x00000000   Code   RO         5267    .ARM.Collect$$rtentry$$0000000C  c_w.l(__rtentry2.o)
    0x080001b2   0x080001b2   0x00000008   Code   RO         5268    .ARM.Collect$$rtentry$$0000000D  c_w.l(__rtentry2.o)
    0x080001ba   0x080001ba   0x00000002   Code   RO         5289    .ARM.Collect$$rtexit$$00000000  c_w.l(rtexit.o)
    0x080001bc   0x080001bc   0x00000000   Code   RO         5337    .ARM.Collect$$rtexit$$00000002  c_w.l(rtexit2.o)
    0x080001bc   0x080001bc   0x00000004   Code   RO         5338    .ARM.Collect$$rtexit$$00000003  c_w.l(rtexit2.o)
    0x080001c0   0x080001c0   0x00000006   Code   RO         5339    .ARM.Collect$$rtexit$$00000004  c_w.l(rtexit2.o)
    0x080001c6   0x080001c6   0x00000002   PAD
    0x080001c8   0x080001c8   0x00000040   Code   RO            4    .text               startup_stm32f103xb.o
    0x08000208   0x08000208   0x0000004e   Code   RO         5254    .text               c_w.l(rt_memclr_w.o)
    0x08000256   0x08000256   0x00000006   Code   RO         5256    .text               c_w.l(heapauxi.o)
    0x0800025c   0x0800025c   0x0000004a   Code   RO         5276    .text               c_w.l(sys_stackheap_outer.o)
    0x080002a6   0x080002a6   0x00000012   Code   RO         5278    .text               c_w.l(exit.o)
    0x080002b8   0x080002b8   0x00000008   Code   RO         5286    .text               c_w.l(libspace.o)
    0x080002c0   0x080002c0   0x0000000c   Code   RO         5347    .text               c_w.l(sys_exit.o)
    0x080002cc   0x080002cc   0x00000002   Code   RO         5358    .text               c_w.l(use_no_semi.o)
    0x080002ce   0x080002ce   0x00000000   Code   RO         5360    .text               c_w.l(indicate_semi.o)
    0x080002ce   0x080002ce   0x00000002   PAD
    0x080002d0   0x080002d0   0x00000056   Code   RO         2678    i.ADC_ConversionStop_Disable  stm32f1xx_hal_adc.o
    0x08000326   0x08000326   0x00000002   Code   RO          466    i.BusFault_Handler  stm32f1xx_it.o
    0x08000328   0x08000328   0x00000004   Code   RO          936    i.CDC_Control_FS    usbd_cdc_if.o
    0x0800032c   0x0800032c   0x00000004   Code   RO          937    i.CDC_DeInit_FS     usbd_cdc_if.o
    0x08000330   0x08000330   0x00000024   Code   RO          938    i.CDC_Init_FS       usbd_cdc_if.o
    0x08000354   0x08000354   0x00000018   Code   RO          939    i.CDC_Receive_FS    usbd_cdc_if.o
    0x0800036c   0x0800036c   0x0000000c   Code   RO          572    i.DMA1_Channel4_IRQHandler  ws2812_bsr_dma.o
    0x08000378   0x08000378   0x0000002a   Code   RO         2081    i.DMA_SetConfig     stm32f1xx_hal_dma.o
    0x080003a2   0x080003a2   0x00000002   Code   RO          467    i.DebugMon_Handler  stm32f1xx_it.o
    0x080003a4   0x080003a4   0x00000004   Code   RO           13    i.Error_Handler     main.o
    0x080003a8   0x080003a8   0x000000fc   Code   RO         2684    i.HAL_ADC_ConfigChannel  stm32f1xx_hal_adc.o
    0x080004a4   0x080004a4   0x0000011c   Code   RO         2693    i.HAL_ADC_Init      stm32f1xx_hal_adc.o
    0x080005c0   0x080005c0   0x00000058   Code   RO          233    i.HAL_ADC_MspInit   adc.o
    0x08000618   0x08000618   0x00000002   Code   RO         2960    i.HAL_CAN_ErrorCallback  stm32f1xx_hal_can.o
    0x0800061a   0x0800061a   0x000001fc   Code   RO         2967    i.HAL_CAN_IRQHandler  stm32f1xx_hal_can.o
    0x08000816   0x08000816   0x0000011a   Code   RO         2968    i.HAL_CAN_Init      stm32f1xx_hal_can.o
    0x08000930   0x08000930   0x00000094   Code   RO          275    i.HAL_CAN_MspInit   can.o
    0x080009c4   0x080009c4   0x00000002   Code   RO         2975    i.HAL_CAN_RxFifo0FullCallback  stm32f1xx_hal_can.o
    0x080009c6   0x080009c6   0x00000002   Code   RO         2976    i.HAL_CAN_RxFifo0MsgPendingCallback  stm32f1xx_hal_can.o
    0x080009c8   0x080009c8   0x00000002   Code   RO         2977    i.HAL_CAN_RxFifo1FullCallback  stm32f1xx_hal_can.o
    0x080009ca   0x080009ca   0x00000002   Code   RO         2978    i.HAL_CAN_RxFifo1MsgPendingCallback  stm32f1xx_hal_can.o
    0x080009cc   0x080009cc   0x00000002   Code   RO         2979    i.HAL_CAN_SleepCallback  stm32f1xx_hal_can.o
    0x080009ce   0x080009ce   0x00000002   Code   RO         2982    i.HAL_CAN_TxMailbox0AbortCallback  stm32f1xx_hal_can.o
    0x080009d0   0x080009d0   0x00000002   Code   RO         2983    i.HAL_CAN_TxMailbox0CompleteCallback  stm32f1xx_hal_can.o
    0x080009d2   0x080009d2   0x00000002   Code   RO         2984    i.HAL_CAN_TxMailbox1AbortCallback  stm32f1xx_hal_can.o
    0x080009d4   0x080009d4   0x00000002   Code   RO         2985    i.HAL_CAN_TxMailbox1CompleteCallback  stm32f1xx_hal_can.o
    0x080009d6   0x080009d6   0x00000002   Code   RO         2986    i.HAL_CAN_TxMailbox2AbortCallback  stm32f1xx_hal_can.o
    0x080009d8   0x080009d8   0x00000002   Code   RO         2987    i.HAL_CAN_TxMailbox2CompleteCallback  stm32f1xx_hal_can.o
    0x080009da   0x080009da   0x00000002   Code   RO         2989    i.HAL_CAN_WakeUpFromRxMsgCallback  stm32f1xx_hal_can.o
    0x080009dc   0x080009dc   0x00000154   Code   RO         2087    i.HAL_DMA_IRQHandler  stm32f1xx_hal_dma.o
    0x08000b30   0x08000b30   0x0000005c   Code   RO         2088    i.HAL_DMA_Init      stm32f1xx_hal_dma.o
    0x08000b8c   0x08000b8c   0x00000050   Code   RO         2091    i.HAL_DMA_Start     stm32f1xx_hal_dma.o
    0x08000bdc   0x08000bdc   0x00000070   Code   RO         2092    i.HAL_DMA_Start_IT  stm32f1xx_hal_dma.o
    0x08000c4c   0x08000c4c   0x00000024   Code   RO         1708    i.HAL_Delay         stm32f1xx_hal.o
    0x08000c70   0x08000c70   0x000001e0   Code   RO         2018    i.HAL_GPIO_Init     stm32f1xx_hal_gpio.o
    0x08000e50   0x08000e50   0x0000000a   Code   RO         2020    i.HAL_GPIO_ReadPin  stm32f1xx_hal_gpio.o
    0x08000e5a   0x08000e5a   0x0000000a   Code   RO         2022    i.HAL_GPIO_WritePin  stm32f1xx_hal_gpio.o
    0x08000e64   0x08000e64   0x0000000c   Code   RO         1712    i.HAL_GetTick       stm32f1xx_hal.o
    0x08000e70   0x08000e70   0x00000010   Code   RO         1718    i.HAL_IncTick       stm32f1xx_hal.o
    0x08000e80   0x08000e80   0x00000024   Code   RO         1719    i.HAL_Init          stm32f1xx_hal.o
    0x08000ea4   0x08000ea4   0x00000040   Code   RO         1720    i.HAL_InitTick      stm32f1xx_hal.o
    0x08000ee4   0x08000ee4   0x0000003c   Code   RO          548    i.HAL_MspInit       stm32f1xx_hal_msp.o
    0x08000f20   0x08000f20   0x0000001a   Code   RO         2176    i.HAL_NVIC_ClearPendingIRQ  stm32f1xx_hal_cortex.o
    0x08000f3a   0x08000f3a   0x00000022   Code   RO         2177    i.HAL_NVIC_DisableIRQ  stm32f1xx_hal_cortex.o
    0x08000f5c   0x08000f5c   0x0000001a   Code   RO         2178    i.HAL_NVIC_EnableIRQ  stm32f1xx_hal_cortex.o
    0x08000f76   0x08000f76   0x00000002   PAD
    0x08000f78   0x08000f78   0x00000040   Code   RO         2184    i.HAL_NVIC_SetPriority  stm32f1xx_hal_cortex.o
    0x08000fb8   0x08000fb8   0x00000024   Code   RO         2185    i.HAL_NVIC_SetPriorityGrouping  stm32f1xx_hal_cortex.o
    0x08000fdc   0x08000fdc   0x0000003c   Code   RO         1475    i.HAL_PCDEx_PMAConfig  stm32f1xx_hal_pcd_ex.o
    0x08001018   0x08001018   0x00000002   Code   RO          988    i.HAL_PCDEx_SetConnectionState  usbd_conf.o
    0x0800101a   0x0800101a   0x00000012   Code   RO          990    i.HAL_PCD_DataInStageCallback  usbd_conf.o
    0x0800102c   0x0800102c   0x00000014   Code   RO          991    i.HAL_PCD_DataOutStageCallback  usbd_conf.o
    0x08001040   0x08001040   0x0000004a   Code   RO         1246    i.HAL_PCD_EP_Close  stm32f1xx_hal_pcd.o
    0x0800108a   0x0800108a   0x0000005a   Code   RO         1247    i.HAL_PCD_EP_ClrStall  stm32f1xx_hal_pcd.o
    0x080010e4   0x080010e4   0x000000e6   Code   RO         1248    i.HAL_PCD_EP_DB_Receive  stm32f1xx_hal_pcd.o
    0x080011ca   0x080011ca   0x00000338   Code   RO         1249    i.HAL_PCD_EP_DB_Transmit  stm32f1xx_hal_pcd.o
    0x08001502   0x08001502   0x00000012   Code   RO         1251    i.HAL_PCD_EP_GetRxCount  stm32f1xx_hal_pcd.o
    0x08001514   0x08001514   0x00000058   Code   RO         1252    i.HAL_PCD_EP_Open   stm32f1xx_hal_pcd.o
    0x0800156c   0x0800156c   0x0000002e   Code   RO         1253    i.HAL_PCD_EP_Receive  stm32f1xx_hal_pcd.o
    0x0800159a   0x0800159a   0x00000070   Code   RO         1254    i.HAL_PCD_EP_SetStall  stm32f1xx_hal_pcd.o
    0x0800160a   0x0800160a   0x0000002e   Code   RO         1255    i.HAL_PCD_EP_Transmit  stm32f1xx_hal_pcd.o
    0x08001638   0x08001638   0x00000134   Code   RO         1257    i.HAL_PCD_IRQHandler  stm32f1xx_hal_pcd.o
    0x0800176c   0x0800176c   0x000000ba   Code   RO         1260    i.HAL_PCD_Init      stm32f1xx_hal_pcd.o
    0x08001826   0x08001826   0x00000002   PAD
    0x08001828   0x08001828   0x0000003c   Code   RO          996    i.HAL_PCD_MspInit   usbd_conf.o
    0x08001864   0x08001864   0x00000026   Code   RO          997    i.HAL_PCD_ResetCallback  usbd_conf.o
    0x0800188a   0x0800188a   0x00000008   Code   RO          998    i.HAL_PCD_ResumeCallback  usbd_conf.o
    0x08001892   0x08001892   0x00000008   Code   RO          999    i.HAL_PCD_SOFCallback  usbd_conf.o
    0x0800189a   0x0800189a   0x00000026   Code   RO         1266    i.HAL_PCD_SetAddress  stm32f1xx_hal_pcd.o
    0x080018c0   0x080018c0   0x0000000e   Code   RO         1000    i.HAL_PCD_SetupStageCallback  usbd_conf.o
    0x080018ce   0x080018ce   0x00000032   Code   RO         1268    i.HAL_PCD_Start     stm32f1xx_hal_pcd.o
    0x08001900   0x08001900   0x00000024   Code   RO         1001    i.HAL_PCD_SuspendCallback  usbd_conf.o
    0x08001924   0x08001924   0x000000ec   Code   RO         1980    i.HAL_RCCEx_PeriphCLKConfig  stm32f1xx_hal_rcc_ex.o
    0x08001a10   0x08001a10   0x0000012c   Code   RO         1876    i.HAL_RCC_ClockConfig  stm32f1xx_hal_rcc.o
    0x08001b3c   0x08001b3c   0x00000020   Code   RO         1883    i.HAL_RCC_GetPCLK1Freq  stm32f1xx_hal_rcc.o
    0x08001b5c   0x08001b5c   0x00000020   Code   RO         1884    i.HAL_RCC_GetPCLK2Freq  stm32f1xx_hal_rcc.o
    0x08001b7c   0x08001b7c   0x0000004c   Code   RO         1885    i.HAL_RCC_GetSysClockFreq  stm32f1xx_hal_rcc.o
    0x08001bc8   0x08001bc8   0x00000320   Code   RO         1888    i.HAL_RCC_OscConfig  stm32f1xx_hal_rcc.o
    0x08001ee8   0x08001ee8   0x000000b2   Code   RO         3199    i.HAL_SPI_Init      stm32f1xx_hal_spi.o
    0x08001f9a   0x08001f9a   0x00000002   PAD
    0x08001f9c   0x08001f9c   0x00000074   Code   RO          317    i.HAL_SPI_MspInit   spi.o
    0x08002010   0x08002010   0x00000028   Code   RO         2189    i.HAL_SYSTICK_Config  stm32f1xx_hal_cortex.o
    0x08002038   0x08002038   0x00000054   Code   RO         4219    i.HAL_TIMEx_ConfigBreakDeadTime  stm32f1xx_hal_tim_ex.o
    0x0800208c   0x0800208c   0x00000068   Code   RO         4235    i.HAL_TIMEx_MasterConfigSynchronization  stm32f1xx_hal_tim_ex.o
    0x080020f4   0x080020f4   0x0000005a   Code   RO         3512    i.HAL_TIM_Base_Init  stm32f1xx_hal_tim.o
    0x0800214e   0x0800214e   0x00000002   PAD
    0x08002150   0x08002150   0x00000028   Code   RO          359    i.HAL_TIM_Base_MspInit  tim.o
    0x08002178   0x08002178   0x000000dc   Code   RO         3521    i.HAL_TIM_ConfigClockSource  stm32f1xx_hal_tim.o
    0x08002254   0x08002254   0x0000004c   Code   RO          360    i.HAL_TIM_MspPostInit  tim.o
    0x080022a0   0x080022a0   0x000000cc   Code   RO         3584    i.HAL_TIM_PWM_ConfigChannel  stm32f1xx_hal_tim.o
    0x0800236c   0x0800236c   0x0000005a   Code   RO         3587    i.HAL_TIM_PWM_Init  stm32f1xx_hal_tim.o
    0x080023c6   0x080023c6   0x00000002   PAD
    0x080023c8   0x080023c8   0x00000028   Code   RO          362    i.HAL_TIM_PWM_MspInit  tim.o
    0x080023f0   0x080023f0   0x00000064   Code   RO         4513    i.HAL_UART_Init     stm32f1xx_hal_uart.o
    0x08002454   0x08002454   0x00000080   Code   RO          425    i.HAL_UART_MspInit  usart.o
    0x080024d4   0x080024d4   0x00000002   Code   RO          468    i.HardFault_Handler  stm32f1xx_it.o
    0x080024d6   0x080024d6   0x00000002   PAD
    0x080024d8   0x080024d8   0x00000038   Code   RO          850    i.IntToUnicode      usbd_desc.o
    0x08002510   0x08002510   0x00000050   Code   RO          234    i.MX_ADC1_Init      adc.o
    0x08002560   0x08002560   0x0000003c   Code   RO          276    i.MX_CAN_Init       can.o
    0x0800259c   0x0800259c   0x0000009c   Code   RO          208    i.MX_GPIO_Init      gpio.o
    0x08002638   0x08002638   0x00000044   Code   RO          318    i.MX_SPI2_Init      spi.o
    0x0800267c   0x0800267c   0x000000b0   Code   RO          363    i.MX_TIM1_Init      tim.o
    0x0800272c   0x0800272c   0x00000064   Code   RO          364    i.MX_TIM4_Init      tim.o
    0x08002790   0x08002790   0x00000038   Code   RO          426    i.MX_USART1_UART_Init  usart.o
    0x080027c8   0x080027c8   0x00000054   Code   RO          802    i.MX_USB_DEVICE_Init  usb_device.o
    0x0800281c   0x0800281c   0x00000002   Code   RO          469    i.MemManage_Handler  stm32f1xx_it.o
    0x0800281e   0x0800281e   0x00000002   Code   RO          470    i.NMI_Handler       stm32f1xx_it.o
    0x08002820   0x08002820   0x000003a6   Code   RO         1272    i.PCD_EP_ISR_Handler  stm32f1xx_hal_pcd.o
    0x08002bc6   0x08002bc6   0x00000002   Code   RO          471    i.PendSV_Handler    stm32f1xx_it.o
    0x08002bc8   0x08002bc8   0x0000006c   Code   RO          731    i.RemoteInput_Init  remote_input.o
    0x08002c34   0x08002c34   0x00000068   Code   RO          732    i.RemoteInput_Poll  remote_input.o
    0x08002c9c   0x08002c9c   0x00000034   Code   RO          733    i.RemoteInput_ReadPins  remote_input.o
    0x08002cd0   0x08002cd0   0x00000030   Code   RO          734    i.RemoteInput_UpdateWatch  remote_input.o
    0x08002d00   0x08002d00   0x00000002   Code   RO          472    i.SVC_Handler       stm32f1xx_it.o
    0x08002d02   0x08002d02   0x00000004   Code   RO          473    i.SysTick_Handler   stm32f1xx_it.o
    0x08002d06   0x08002d06   0x0000007c   Code   RO           14    i.SystemClock_Config  main.o
    0x08002d82   0x08002d82   0x00000002   Code   RO         4847    i.SystemInit        system_stm32f1xx.o
    0x08002d84   0x08002d84   0x00000078   Code   RO         3605    i.TIM_Base_SetConfig  stm32f1xx_hal_tim.o
    0x08002dfc   0x08002dfc   0x00000014   Code   RO         3616    i.TIM_ETR_SetConfig  stm32f1xx_hal_tim.o
    0x08002e10   0x08002e10   0x00000010   Code   RO         3617    i.TIM_ITRx_SetConfig  stm32f1xx_hal_tim.o
    0x08002e20   0x08002e20   0x00000050   Code   RO         3618    i.TIM_OC1_SetConfig  stm32f1xx_hal_tim.o
    0x08002e70   0x08002e70   0x00000058   Code   RO         3619    i.TIM_OC2_SetConfig  stm32f1xx_hal_tim.o
    0x08002ec8   0x08002ec8   0x00000058   Code   RO         3620    i.TIM_OC3_SetConfig  stm32f1xx_hal_tim.o
    0x08002f20   0x08002f20   0x00000044   Code   RO         3621    i.TIM_OC4_SetConfig  stm32f1xx_hal_tim.o
    0x08002f64   0x08002f64   0x00000022   Code   RO         3623    i.TIM_TI1_ConfigInputStage  stm32f1xx_hal_tim.o
    0x08002f86   0x08002f86   0x00000024   Code   RO         3625    i.TIM_TI2_ConfigInputStage  stm32f1xx_hal_tim.o
    0x08002faa   0x08002faa   0x00000002   PAD
    0x08002fac   0x08002fac   0x000000b8   Code   RO         4539    i.UART_SetConfig    stm32f1xx_hal_uart.o
    0x08003064   0x08003064   0x00000046   Code   RO         5147    i.USBD_CDC_DataIn   usbd_cdc.o
    0x080030aa   0x080030aa   0x0000002e   Code   RO         5148    i.USBD_CDC_DataOut  usbd_cdc.o
    0x080030d8   0x080030d8   0x00000044   Code   RO         5149    i.USBD_CDC_DeInit   usbd_cdc.o
    0x0800311c   0x0800311c   0x00000024   Code   RO         5150    i.USBD_CDC_EP0_RxReady  usbd_cdc.o
    0x08003140   0x08003140   0x0000000c   Code   RO         5151    i.USBD_CDC_GetDeviceQualifierDescriptor  usbd_cdc.o
    0x0800314c   0x0800314c   0x0000000c   Code   RO         5152    i.USBD_CDC_GetFSCfgDesc  usbd_cdc.o
    0x08003158   0x08003158   0x0000000c   Code   RO         5153    i.USBD_CDC_GetHSCfgDesc  usbd_cdc.o
    0x08003164   0x08003164   0x0000000c   Code   RO         5154    i.USBD_CDC_GetOtherSpeedCfgDesc  usbd_cdc.o
    0x08003170   0x08003170   0x00000094   Code   RO         5155    i.USBD_CDC_Init     usbd_cdc.o
    0x08003204   0x08003204   0x00000028   Code   RO         5156    i.USBD_CDC_ReceivePacket  usbd_cdc.o
    0x0800322c   0x0800322c   0x00000010   Code   RO         5157    i.USBD_CDC_RegisterInterface  usbd_cdc.o
    0x0800323c   0x0800323c   0x0000000c   Code   RO         5158    i.USBD_CDC_SetRxBuffer  usbd_cdc.o
    0x08003248   0x08003248   0x00000010   Code   RO         5159    i.USBD_CDC_SetTxBuffer  usbd_cdc.o
    0x08003258   0x08003258   0x000000ac   Code   RO         5160    i.USBD_CDC_Setup    usbd_cdc.o
    0x08003304   0x08003304   0x0000000e   Code   RO         4884    i.USBD_ClrClassConfig  usbd_core.o
    0x08003312   0x08003312   0x00000010   Code   RO         5087    i.USBD_CtlContinueRx  usbd_ioreq.o
    0x08003322   0x08003322   0x00000010   Code   RO         5088    i.USBD_CtlContinueSendData  usbd_ioreq.o
    0x08003332   0x08003332   0x00000016   Code   RO         5022    i.USBD_CtlError     usbd_ctlreq.o
    0x08003348   0x08003348   0x0000001e   Code   RO         5089    i.USBD_CtlPrepareRx  usbd_ioreq.o
    0x08003366   0x08003366   0x00000016   Code   RO         5090    i.USBD_CtlReceiveStatus  usbd_ioreq.o
    0x0800337c   0x0800337c   0x0000001a   Code   RO         5091    i.USBD_CtlSendData  usbd_ioreq.o
    0x08003396   0x08003396   0x00000016   Code   RO         5092    i.USBD_CtlSendStatus  usbd_ioreq.o
    0x080033ac   0x080033ac   0x00000020   Code   RO          851    i.USBD_FS_ConfigStrDescriptor  usbd_desc.o
    0x080033cc   0x080033cc   0x0000000c   Code   RO          852    i.USBD_FS_DeviceDescriptor  usbd_desc.o
    0x080033d8   0x080033d8   0x00000024   Code   RO          853    i.USBD_FS_InterfaceStrDescriptor  usbd_desc.o
    0x080033fc   0x080033fc   0x0000000c   Code   RO          854    i.USBD_FS_LangIDStrDescriptor  usbd_desc.o
    0x08003408   0x08003408   0x00000028   Code   RO          855    i.USBD_FS_ManufacturerStrDescriptor  usbd_desc.o
    0x08003430   0x08003430   0x0000002c   Code   RO          856    i.USBD_FS_ProductStrDescriptor  usbd_desc.o
    0x0800345c   0x0800345c   0x00000038   Code   RO          857    i.USBD_FS_SerialStrDescriptor  usbd_desc.o
    0x08003494   0x08003494   0x000000e8   Code   RO         5023    i.USBD_GetDescriptor  usbd_ctlreq.o
    0x0800357c   0x0800357c   0x00000048   Code   RO         5024    i.USBD_GetString    usbd_ctlreq.o
    0x080035c4   0x080035c4   0x00000018   Code   RO         1002    i.USBD_Get_USB_Status  usbd_conf.o
    0x080035dc   0x080035dc   0x0000002a   Code   RO         4886    i.USBD_Init         usbd_core.o
    0x08003606   0x08003606   0x00000012   Code   RO         1003    i.USBD_LL_ClearStallEP  usbd_conf.o
    0x08003618   0x08003618   0x00000012   Code   RO         1004    i.USBD_LL_CloseEP   usbd_conf.o
    0x0800362a   0x0800362a   0x000000c6   Code   RO         4887    i.USBD_LL_DataInStage  usbd_core.o
    0x080036f0   0x080036f0   0x00000082   Code   RO         4888    i.USBD_LL_DataOutStage  usbd_core.o
    0x08003772   0x08003772   0x00000008   Code   RO         1008    i.USBD_LL_GetRxDataSize  usbd_conf.o
    0x0800377a   0x0800377a   0x00000002   PAD
    0x0800377c   0x0800377c   0x00000080   Code   RO         1009    i.USBD_LL_Init      usbd_conf.o
    0x080037fc   0x080037fc   0x0000001e   Code   RO         1010    i.USBD_LL_IsStallEP  usbd_conf.o
    0x0800381a   0x0800381a   0x00000018   Code   RO         1011    i.USBD_LL_OpenEP    usbd_conf.o
    0x08003832   0x08003832   0x00000012   Code   RO         1012    i.USBD_LL_PrepareReceive  usbd_conf.o
    0x08003844   0x08003844   0x00000050   Code   RO         4893    i.USBD_LL_Reset     usbd_core.o
    0x08003894   0x08003894   0x00000014   Code   RO         4894    i.USBD_LL_Resume    usbd_core.o
    0x080038a8   0x080038a8   0x00000018   Code   RO         4895    i.USBD_LL_SOF       usbd_core.o
    0x080038c0   0x080038c0   0x00000006   Code   RO         4896    i.USBD_LL_SetSpeed  usbd_core.o
    0x080038c6   0x080038c6   0x00000012   Code   RO         1013    i.USBD_LL_SetUSBAddress  usbd_conf.o
    0x080038d8   0x080038d8   0x0000005a   Code   RO         4897    i.USBD_LL_SetupStage  usbd_core.o
    0x08003932   0x08003932   0x00000012   Code   RO         1014    i.USBD_LL_StallEP   usbd_conf.o
    0x08003944   0x08003944   0x00000012   Code   RO         1015    i.USBD_LL_Start     usbd_conf.o
    0x08003956   0x08003956   0x00000012   Code   RO         4898    i.USBD_LL_Suspend   usbd_core.o
    0x08003968   0x08003968   0x00000012   Code   RO         1017    i.USBD_LL_Transmit  usbd_conf.o
    0x0800397a   0x0800397a   0x00000028   Code   RO         5025    i.USBD_ParseSetupRequest  usbd_ctlreq.o
    0x080039a2   0x080039a2   0x00000010   Code   RO         4899    i.USBD_RegisterClass  usbd_core.o
    0x080039b2   0x080039b2   0x00000016   Code   RO         4901    i.USBD_SetClassConfig  usbd_core.o
    0x080039c8   0x080039c8   0x00000084   Code   RO         5026    i.USBD_SetConfig    usbd_ctlreq.o
    0x08003a4c   0x08003a4c   0x0000000a   Code   RO         4902    i.USBD_Start        usbd_core.o
    0x08003a56   0x08003a56   0x00000112   Code   RO         5027    i.USBD_StdDevReq    usbd_ctlreq.o
    0x08003b68   0x08003b68   0x00000150   Code   RO         5028    i.USBD_StdEPReq     usbd_ctlreq.o
    0x08003cb8   0x08003cb8   0x0000004e   Code   RO         5029    i.USBD_StdItfReq    usbd_ctlreq.o
    0x08003d06   0x08003d06   0x00000002   Code   RO         1018    i.USBD_static_free  usbd_conf.o
    0x08003d08   0x08003d08   0x00000008   Code   RO         1019    i.USBD_static_malloc  usbd_conf.o
    0x08003d10   0x08003d10   0x0000029c   Code   RO         1515    i.USB_ActivateEndpoint  stm32f1xx_ll_usb.o
    0x08003fac   0x08003fac   0x00000004   Code   RO         1518    i.USB_CoreInit      stm32f1xx_ll_usb.o
    0x08003fb0   0x08003fb0   0x0000010e   Code   RO         1520    i.USB_DeactivateEndpoint  stm32f1xx_ll_usb.o
    0x080040be   0x080040be   0x00000004   Code   RO         1521    i.USB_DevConnect    stm32f1xx_ll_usb.o
    0x080040c2   0x080040c2   0x00000004   Code   RO         1522    i.USB_DevDisconnect  stm32f1xx_ll_usb.o
    0x080040c6   0x080040c6   0x00000012   Code   RO         1523    i.USB_DevInit       stm32f1xx_ll_usb.o
    0x080040d8   0x080040d8   0x0000000e   Code   RO         1524    i.USB_DisableGlobalInt  stm32f1xx_ll_usb.o
    0x080040e6   0x080040e6   0x00000004   Code   RO         1525    i.USB_EP0_OutStart  stm32f1xx_ll_usb.o
    0x080040ea   0x080040ea   0x00000078   Code   RO         1526    i.USB_EPClearStall  stm32f1xx_ll_usb.o
    0x08004162   0x08004162   0x00000032   Code   RO         1527    i.USB_EPSetStall    stm32f1xx_ll_usb.o
    0x08004194   0x08004194   0x000004e2   Code   RO         1528    i.USB_EPStartXfer   stm32f1xx_ll_usb.o
    0x08004676   0x08004676   0x00000012   Code   RO         1530    i.USB_EnableGlobalInt  stm32f1xx_ll_usb.o
    0x08004688   0x08004688   0x0000001c   Code   RO          474    i.USB_LP_CAN1_RX0_IRQHandler  stm32f1xx_it.o
    0x080046a4   0x080046a4   0x00000006   Code   RO         1537    i.USB_ReadInterrupts  stm32f1xx_ll_usb.o
    0x080046aa   0x080046aa   0x00000002   PAD
    0x080046ac   0x080046ac   0x0000002c   Code   RO         1538    i.USB_ReadPMA       stm32f1xx_ll_usb.o
    0x080046d8   0x080046d8   0x00000004   Code   RO         1539    i.USB_SetCurrentMode  stm32f1xx_ll_usb.o
    0x080046dc   0x080046dc   0x0000000c   Code   RO         1540    i.USB_SetDevAddress  stm32f1xx_ll_usb.o
    0x080046e8   0x080046e8   0x00000026   Code   RO         1542    i.USB_WritePMA      stm32f1xx_ll_usb.o
    0x0800470e   0x0800470e   0x00000002   Code   RO          475    i.UsageFault_Handler  stm32f1xx_it.o
    0x08004710   0x08004710   0x00000030   Code   RO          573    i.WS2812_BSR_AbortDma  ws2812_bsr_dma.o
    0x08004740   0x08004740   0x00000034   Code   RO          574    i.WS2812_BSR_ApplyTiming  ws2812_bsr_dma.o
    0x08004774   0x08004774   0x00000024   Code   RO          575    i.WS2812_BSR_CleanupCompletedDma  ws2812_bsr_dma.o
    0x08004798   0x08004798   0x0000000a   Code   RO          576    i.WS2812_BSR_Clear  ws2812_bsr_dma.o
    0x080047a2   0x080047a2   0x0000005e   Code   RO          577    i.WS2812_BSR_DemoColorWheel  ws2812_bsr_dma.o
    0x08004800   0x08004800   0x00000030   Code   RO          578    i.WS2812_BSR_DmaCompleteCallback  ws2812_bsr_dma.o
    0x08004830   0x08004830   0x0000001c   Code   RO          579    i.WS2812_BSR_DmaErrorCallback  ws2812_bsr_dma.o
    0x0800484c   0x0800484c   0x00000068   Code   RO          580    i.WS2812_BSR_DmaTransferError  ws2812_bsr_dma.o
    0x080048b4   0x080048b4   0x00000044   Code   RO          581    i.WS2812_BSR_EncodeByte  ws2812_bsr_dma.o
    0x080048f8   0x080048f8   0x0000006c   Code   RO          582    i.WS2812_BSR_EncodeFrame  ws2812_bsr_dma.o
    0x08004964   0x08004964   0x0000001e   Code   RO          583    i.WS2812_BSR_FillAll  ws2812_bsr_dma.o
    0x08004982   0x08004982   0x00000002   PAD
    0x08004984   0x08004984   0x0000002c   Code   RO          584    i.WS2812_BSR_FillLane  ws2812_bsr_dma.o
    0x080049b0   0x080049b0   0x000000dc   Code   RO          585    i.WS2812_BSR_Init   ws2812_bsr_dma.o
    0x08004a8c   0x08004a8c   0x0000002a   Code   RO          586    i.WS2812_BSR_InitDmaHandle  ws2812_bsr_dma.o
    0x08004ab6   0x08004ab6   0x00000002   PAD
    0x08004ab8   0x08004ab8   0x00000010   Code   RO          587    i.WS2812_BSR_IsBusy  ws2812_bsr_dma.o
    0x08004ac8   0x08004ac8   0x00000020   Code   RO          588    i.WS2812_BSR_MarkDmaDone  ws2812_bsr_dma.o
    0x08004ae8   0x08004ae8   0x000000e0   Code   RO          589    i.WS2812_BSR_Poll   ws2812_bsr_dma.o
    0x08004bc8   0x08004bc8   0x00000080   Code   RO          590    i.WS2812_BSR_ReleaseDmaHandle  ws2812_bsr_dma.o
    0x08004c48   0x08004c48   0x00000028   Code   RO          591    i.WS2812_BSR_SetPixel  ws2812_bsr_dma.o
    0x08004c70   0x08004c70   0x000000c0   Code   RO          592    i.WS2812_BSR_Show   ws2812_bsr_dma.o
    0x08004d30   0x08004d30   0x00000038   Code   RO          593    i.WS2812_BSR_StopTimerDma  ws2812_bsr_dma.o
    0x08004d68   0x08004d68   0x000000b0   Code   RO          594    i.WS2812_BSR_TestPatternStep  ws2812_bsr_dma.o
    0x08004e18   0x08004e18   0x00000020   Code   RO         2191    i.__NVIC_SetPriority  stm32f1xx_hal_cortex.o
    0x08004e38   0x08004e38   0x00000048   Code   RO           15    i.main              main.o
    0x08004e80   0x08004e80   0x00000010   Data   RO          597    .constdata          ws2812_bsr_dma.o
    0x08004e90   0x08004e90   0x00000020   Data   RO          736    .constdata          remote_input.o
    0x08004eb0   0x08004eb0   0x00000012   Data   RO         1889    .constdata          stm32f1xx_hal_rcc.o
    0x08004ec2   0x08004ec2   0x00000010   Data   RO         4848    .constdata          system_stm32f1xx.o
    0x08004ed2   0x08004ed2   0x00000008   Data   RO         4849    .constdata          system_stm32f1xx.o
    0x08004eda   0x08004eda   0x00000002   PAD
    0x08004edc   0x08004edc   0x00000020   Data   RO         5415    Region$$Table       anon$$obj.o


    Execution Region RW_IRAM1 (Exec base: 0x20000000, Load base: 0x08004efc, Size: 0x00004960, Max: 0x00005000, ABSOLUTE, COMPRESSED[0x000000c0])

    Exec Addr    Load Addr    Size         Type   Attr      Idx    E Section Name        Object

    0x20000000   COMPRESSED   0x0000003c   Data   RW          598    .data               ws2812_bsr_dma.o
    0x2000003c   COMPRESSED   0x0000000c   Data   RW          737    .data               remote_input.o
    0x20000048   COMPRESSED   0x0000001c   Data   RW          859    .data               usbd_desc.o
    0x20000064   COMPRESSED   0x00000032   Data   RW          860    .data               usbd_desc.o
    0x20000096   COMPRESSED   0x00000002   PAD
    0x20000098   COMPRESSED   0x00000010   Data   RW          942    .data               usbd_cdc_if.o
    0x200000a8   COMPRESSED   0x0000000c   Data   RW         1726    .data               stm32f1xx_hal.o
    0x200000b4   COMPRESSED   0x00000004   Data   RW         4850    .data               system_stm32f1xx.o
    0x200000b8   COMPRESSED   0x00000001   Data   RW         5030    .data               usbd_ctlreq.o
    0x200000b9   COMPRESSED   0x00000003   PAD
    0x200000bc   COMPRESSED   0x000000d7   Data   RW         5162    .data               usbd_cdc.o
    0x20000193   COMPRESSED   0x00000001   PAD
    0x20000194   COMPRESSED   0x00000038   Data   RW         5163    .data               usbd_cdc.o
    0x200001cc        -       0x00000030   Zero   RW          235    .bss                adc.o
    0x200001fc        -       0x00000028   Zero   RW          277    .bss                can.o
    0x20000224        -       0x00000058   Zero   RW          319    .bss                spi.o
    0x2000027c        -       0x00000090   Zero   RW          365    .bss                tim.o
    0x2000030c        -       0x00000048   Zero   RW          427    .bss                usart.o
    0x20000354        -       0x00002dcc   Zero   RW          596    .bss                ws2812_bsr_dma.o
    0x20003120        -       0x00000020   Zero   RW          735    .bss                remote_input.o
    0x20003140        -       0x000002c4   Zero   RW          803    .bss                usb_device.o
    0x20003404        -       0x00000200   Zero   RW          858    .bss                usbd_desc.o
    0x20003604        -       0x00000800   Zero   RW          941    .bss                usbd_cdc_if.o
    0x20003e04        -       0x000004f8   Zero   RW         1020    .bss                usbd_conf.o
    0x200042fc        -       0x00000060   Zero   RW         5287    .bss                c_w.l(libspace.o)
    0x2000435c   COMPRESSED   0x00000004   PAD
    0x20004360        -       0x00000200   Zero   RW            2    HEAP                startup_stm32f103xb.o
    0x20004560        -       0x00000400   Zero   RW            1    STACK               startup_stm32f103xb.o


==============================================================================

Image component sizes


      Code (inc. data)   RO Data    RW Data    ZI Data      Debug   Object Name

       168         22          0          0         48       1617   adc.o
       208         26          0          0         40       1667   can.o
       156         14          0          0          0        923   gpio.o
       200          0          0          0          0     477936   main.o
       312         38         32         12         32       3673   remote_input.o
       184         22          0          0         88       1625   spi.o
        64         26        236          0       1536        804   startup_stm32f103xb.o
       164         28          0         12          0       5857   stm32f1xx_hal.o
       622         24          0          0          0       3276   stm32f1xx_hal_adc.o
       816          0          0          0          0       9603   stm32f1xx_hal_can.o
       258         14          0          0          0      30224   stm32f1xx_hal_cortex.o
       666         32          0          0          0       4411   stm32f1xx_hal_dma.o
       500         34          0          0          0       3487   stm32f1xx_hal_gpio.o
        60          8          0          0          0        862   stm32f1xx_hal_msp.o
      3044          0          0          0          0      14161   stm32f1xx_hal_pcd.o
        60          0          0          0          0       1162   stm32f1xx_hal_pcd_ex.o
      1240         84         18          0          0       5076   stm32f1xx_hal_rcc.o
       236         12          0          0          0       1372   stm32f1xx_hal_rcc_ex.o
       178          0          0          0          0       1147   stm32f1xx_hal_spi.o
      1154         32          0          0          0      10346   stm32f1xx_hal_tim.o
       188         12          0          0          0       2124   stm32f1xx_hal_tim_ex.o
       284          6          0          0          0       1912   stm32f1xx_hal_uart.o
        48         10          0          0          0       4307   stm32f1xx_it.o
      2528          0          0          0          0      16011   stm32f1xx_ll_usb.o
         2          0         24          4          0       1095   system_stm32f1xx.o
       432         50          0          0        144       3419   tim.o
       184         24          0          0         72       1694   usart.o
        84         18          0          0        708       2523   usb_device.o
       672         16          0        271          0      12200   usbd_cdc.o
        68         16          0         16       2048       2574   usbd_cdc_if.o
       554         30          0          0       1272      14057   usbd_conf.o
       670          0          0          0          0       9375   usbd_core.o
      1186         28          0          1          0       7868   usbd_ctlreq.o
       288        104          0         78        512       5865   usbd_desc.o
       132          0          0          0          0       4280   usbd_ioreq.o
      1808        150         16         60      11724      16022   ws2812_bsr_dma.o

    ----------------------------------------------------------------------
     19440        880        360        460      18224     684555   Object Totals
         0          0         32          0          0          0   (incl. Generated)
        22          0          2          6          0          0   (incl. Padding)

    ----------------------------------------------------------------------

      Code (inc. data)   RO Data    RW Data    ZI Data      Debug   Library Member Name

        90          0          0          0          0          0   __dczerorl2.o
         8          0          0          0          0         68   __main.o
         0          0          0          0          0          0   __rtentry.o
        12          0          0          0          0          0   __rtentry2.o
         6          0          0          0          0          0   __rtentry4.o
        52          8          0          0          0          0   __scatter.o
        28          0          0          0          0          0   __scatter_zi.o
        18          0          0          0          0         80   exit.o
         6          0          0          0          0        152   heapauxi.o
         0          0          0          0          0          0   indicate_semi.o
         2          0          0          0          0          0   libinit.o
         2          0          0          0          0          0   libinit2.o
         2          0          0          0          0          0   libshutdown.o
         2          0          0          0          0          0   libshutdown2.o
         8          4          0          0         96         68   libspace.o
        78          0          0          0          0         80   rt_memclr_w.o
         2          0          0          0          0          0   rtexit.o
        10          0          0          0          0          0   rtexit2.o
        12          4          0          0          0         68   sys_exit.o
        74          0          0          0          0         80   sys_stackheap_outer.o
         2          0          0          0          0         68   use_no_semi.o

    ----------------------------------------------------------------------
       420         16          0          0        100        664   Library Totals
         6          0          0          0          4          0   (incl. Padding)

    ----------------------------------------------------------------------

      Code (inc. data)   RO Data    RW Data    ZI Data      Debug   Library Name

       414         16          0          0         96        664   c_w.l

    ----------------------------------------------------------------------
       420         16          0          0        100        664   Library Totals

    ----------------------------------------------------------------------

==============================================================================


      Code (inc. data)   RO Data    RW Data    ZI Data      Debug   

     19860        896        360        460      18324     673515   Grand Totals
     19860        896        360        192      18324     673515   ELF Image Totals (compressed)
     19860        896        360        192          0          0   ROM Totals

==============================================================================

    Total RO  Size (Code + RO Data)                20220 (  19.75kB)
    Total RW  Size (RW Data + ZI Data)             18784 (  18.34kB)
    Total ROM Size (Code + RO Data + RW Data)      20412 (  19.93kB)

==============================================================================

